Archive member included to satisfy reference by file (symbol)

/usr/lib/gcc/arm-none-eabi/13.2.1/thumb/v6-m/nofp/libgcc.a(_dvmd_tls.o)
                              CMakeFiles/receiver.dir/home/jpaixao/Documents/LoRa-project/pico-sdk/src/rp2_common/pico_divider/divider_hardware.S.o (__aeabi_idiv0)
/usr/lib/gcc/arm-none-eabi/13.2.1/../../../arm-none-eabi/lib/thumb/v6-m/nofp/libg.a(libc_a-calloc.o)
                              CMakeFiles/receiver.dir/home/jpaixao/Documents/LoRa-project/pico-sdk/src/rp2_common/pico_malloc/malloc.c.o (calloc)
/usr/lib/gcc/arm-none-eabi/13.2.1/../../../arm-none-eabi/lib/thumb/v6-m/nofp/libg.a(libc_a-impure.o)
                              /usr/lib/gcc/arm-none-eabi/13.2.1/../../../arm-none-eabi/lib/thumb/v6-m/nofp/libg.a(libc_a-calloc.o) (_impure_ptr)
/usr/lib/gcc/arm-none-eabi/13.2.1/../../../arm-none-eabi/lib/thumb/v6-m/nofp/libg.a(libc_a-callocr.o)
                              /usr/lib/gcc/arm-none-eabi/13.2.1/../../../arm-none-eabi/lib/thumb/v6-m/nofp/libg.a(libc_a-calloc.o) (_calloc_r)
/usr/lib/gcc/arm-none-eabi/13.2.1/../../../arm-none-eabi/lib/thumb/v6-m/nofp/libg.a(libc_a-realloc.o)
                              CMakeFiles/receiver.dir/home/jpaixao/Documents/LoRa-project/pico-sdk/src/rp2_common/pico_malloc/malloc.c.o (realloc)
/usr/lib/gcc/arm-none-eabi/13.2.1/../../../arm-none-eabi/lib/thumb/v6-m/nofp/libg.a(libc_a-mallocr.o)
                              /usr/lib/gcc/arm-none-eabi/13.2.1/../../../arm-none-eabi/lib/thumb/v6-m/nofp/libg.a(libc_a-callocr.o) (_malloc_r)
/usr/lib/gcc/arm-none-eabi/13.2.1/../../../arm-none-eabi/lib/thumb/v6-m/nofp/libg.a(libc_a-freer.o)
                              /usr/lib/gcc/arm-none-eabi/13.2.1/../../../arm-none-eabi/lib/thumb/v6-m/nofp/libg.a(libc_a-mallocr.o) (_free_r)
/usr/lib/gcc/arm-none-eabi/13.2.1/../../../arm-none-eabi/lib/thumb/v6-m/nofp/libg.a(libc_a-memcmp.o)
                              CMakeFiles/receiver.dir/home/jpaixao/Documents/LoRa-project/pico-sdk/src/rp2_common/pico_atomic/atomic.c.o (memcmp)
/usr/lib/gcc/arm-none-eabi/13.2.1/../../../arm-none-eabi/lib/thumb/v6-m/nofp/libg.a(libc_a-malloc.o)
                              CMakeFiles/receiver.dir/home/jpaixao/Documents/LoRa-project/pico-sdk/src/rp2_common/pico_malloc/malloc.c.o (malloc)
/usr/lib/gcc/arm-none-eabi/13.2.1/../../../arm-none-eabi/lib/thumb/v6-m/nofp/libg.a(libc_a-sysconf.o)
                              /usr/lib/gcc/arm-none-eabi/13.2.1/../../../arm-none-eabi/lib/thumb/v6-m/nofp/libg.a(libc_a-mallocr.o) (sysconf)
/usr/lib/gcc/arm-none-eabi/13.2.1/../../../arm-none-eabi/lib/thumb/v6-m/nofp/libg.a(libc_a-init.o)
                              /usr/lib/gcc/arm-none-eabi/13.2.1/../../../arm-none-eabi/lib/thumb/v6-m/nofp/crt0.o (__libc_init_array)
/usr/lib/gcc/arm-none-eabi/13.2.1/../../../arm-none-eabi/lib/thumb/v6-m/nofp/libg.a(libc_a-reallocr.o)
                              /usr/lib/gcc/arm-none-eabi/13.2.1/../../../arm-none-eabi/lib/thumb/v6-m/nofp/libg.a(libc_a-realloc.o) (_realloc_r)
/usr/lib/gcc/arm-none-eabi/13.2.1/../../../arm-none-eabi/lib/thumb/v6-m/nofp/libg.a(libc_a-mktime.o)
                              CMakeFiles/receiver.dir/home/jpaixao/Documents/LoRa-project/pico-sdk/src/common/pico_util/datetime.c.o (mktime)
/usr/lib/gcc/arm-none-eabi/13.2.1/../../../arm-none-eabi/lib/thumb/v6-m/nofp/libg.a(libc_a-mlock.o)
                              /usr/lib/gcc/arm-none-eabi/13.2.1/../../../arm-none-eabi/lib/thumb/v6-m/nofp/libg.a(libc_a-mallocr.o) (__malloc_lock)
/usr/lib/gcc/arm-none-eabi/13.2.1/../../../arm-none-eabi/lib/thumb/v6-m/nofp/libg.a(libc_a-findfp.o)
                              /usr/lib/gcc/arm-none-eabi/13.2.1/../../../arm-none-eabi/lib/thumb/v6-m/nofp/libg.a(libc_a-impure.o) (__sf)
/usr/lib/gcc/arm-none-eabi/13.2.1/../../../arm-none-eabi/lib/thumb/v6-m/nofp/libg.a(libc_a-tzlock.o)
                              /usr/lib/gcc/arm-none-eabi/13.2.1/../../../arm-none-eabi/lib/thumb/v6-m/nofp/libg.a(libc_a-mktime.o) (__tz_lock)
/usr/lib/gcc/arm-none-eabi/13.2.1/../../../arm-none-eabi/lib/thumb/v6-m/nofp/libg.a(libc_a-atexit.o)
                              /usr/lib/gcc/arm-none-eabi/13.2.1/../../../arm-none-eabi/lib/thumb/v6-m/nofp/crt0.o (atexit)
/usr/lib/gcc/arm-none-eabi/13.2.1/../../../arm-none-eabi/lib/thumb/v6-m/nofp/libg.a(libc_a-lcltime_r.o)
                              CMakeFiles/receiver.dir/home/jpaixao/Documents/LoRa-project/pico-sdk/src/common/pico_util/datetime.c.o (localtime_r)
/usr/lib/gcc/arm-none-eabi/13.2.1/../../../arm-none-eabi/lib/thumb/v6-m/nofp/libg.a(libc_a-strlen-stub.o)
                              CMakeFiles/receiver.dir/home/jpaixao/Documents/LoRa-project/pico-sdk/src/rp2_common/pico_stdio/stdio.c.o (strlen)
/usr/lib/gcc/arm-none-eabi/13.2.1/../../../arm-none-eabi/lib/thumb/v6-m/nofp/libg.a(libc_a-sbrkr.o)
                              /usr/lib/gcc/arm-none-eabi/13.2.1/../../../arm-none-eabi/lib/thumb/v6-m/nofp/libg.a(libc_a-mallocr.o) (_sbrk_r)
[...]
Memory Configuration

Name             Origin             Length             Attributes
FLASH            0x10000000         0x00200000         xr
RAM              0x20000000         0x00040000         xrw
SCRATCH_X        0x20040000         0x00001000         xrw
SCRATCH_Y        0x20041000         0x00001000         xrw
*default*        0x00000000         0xffffffff

Linker script and memory map

LOAD /usr/lib/gcc/arm-none-eabi/13.2.1/thumb/v6-m/nofp/crti.o
LOAD /usr/lib/gcc/arm-none-eabi/13.2.1/thumb/v6-m/nofp/crtbegin.o
LOAD /usr/lib/gcc/arm-none-eabi/13.2.1/../../../arm-none-eabi/lib/thumb/v6-m/nofp/crt0.o

.flash_begin    0x10000000        0x0
                0x10000000                        __flash_binary_start = .

.boot2          0x10000000      0x100
                0x10000000                        __boot2_start__ = .
 *(.boot2)
 .boot2         0x10000000      0x100 ../../pico-sdk/src/rp2040/boot_stage2/CMakeFiles/bs2_default_library.dir/bs2_default_padded_checksummed.S.o
                0x10000100                        __boot2_end__ = .
                0x00000001                        ASSERT (((__boot2_end__ - __boot2_start__) == 0x100), ERROR: Pico second stage bootloader must be 256 bytes in size)

.text           0x10000100     0x9f90
                0x10000100                        __logical_binary_start = .
 *(.vectors)
 .vectors       0x10000100       0xd4 CMakeFiles/receiver.dir/home/jpaixao/Documents/LoRa-project/pico-sdk/src/rp2_common/pico_crt0/crt0.S.o
                0x10000100                __vectors
                0x10000100                __VECTOR_TABLE
                0x100001c0                isr_invalid
                0x100001c0                __default_isrs_start
                0x100001c2                isr_nmi
                0x100001c4                isr_hardfault
                0x100001c6                isr_svcall
                0x100001c8                isr_pendsv
                0x100001ca                isr_systick
                0x100001cc                isr_irq30
                0x100001cc                __unhandled_user_irq
                0x100001cc                isr_irq13
                0x100001cc                isr_irq27
                0x100001cc                isr_irq31
                0x100001cc                isr_irq5
                0x100001cc                isr_irq11
                0x100001cc                isr_irq23
                0x100001cc                isr_irq18
                0x100001cc                isr_irq28
                0x100001cc                isr_irq19
                0x100001cc                isr_irq0
                0x100001cc                isr_irq6
                0x100001cc                isr_irq22
                0x100001cc                isr_irq17
                0x100001cc                isr_irq14
                0x100001cc                isr_irq2
                0x100001cc                isr_irq10
                0x100001cc                isr_irq8
                0x100001cc                isr_irq24
                0x100001cc                isr_irq1
                0x100001cc                isr_irq7
                0x100001cc                isr_irq21
                0x100001cc                isr_irq20
                0x100001cc                isr_irq15
                0x100001cc                isr_irq25
                0x100001cc                isr_irq4
                0x100001cc                isr_irq16
                0x100001cc                isr_irq29
                0x100001cc                isr_irq26
                0x100001cc                __default_isrs_end
                0x100001cc                isr_irq3
                0x100001cc                isr_irq12
                0x100001cc                isr_irq9
                0x100001d2                unhandled_user_irq_num_in_r0
 *(.binary_info_header)
 .binary_info_header
                0x100001d4       0x14 CMakeFiles/receiver.dir/home/jpaixao/Documents/LoRa-project/pico-sdk/src/rp2_common/pico_crt0/crt0.S.o
                0x100001e8                        __binary_info_header_end = .
 *(.embedded_block)
                0x100001e8                        __embedded_block_end = .
 *(.reset)
 .reset         0x100001e8       0x9c CMakeFiles/receiver.dir/home/jpaixao/Documents/LoRa-project/pico-sdk/src/rp2_common/pico_crt0/crt0.S.o
                0x100001e8                _entry_point
 *(.init)
 .init          0x10000284        0x4 /usr/lib/gcc/arm-none-eabi/13.2.1/thumb/v6-m/nofp/crti.o
                0x10000284                _init
 *(EXCLUDE_FILE(*libm.a: *libc.a:*lib_a-mem*.o *libgcc.a:) .text*)
 .text          0x10000288       0x98 /usr/lib/gcc/arm-none-eabi/13.2.1/thumb/v6-m/nofp/crtbegin.o
 .text.OnTxDone
                0x10000320       0x38 CMakeFiles/receiver.dir/main.c.o
                0x10000320                OnTxDone
 .text.OnRxDone
                0x10000358       0x44 CMakeFiles/receiver.dir/main.c.o
                0x10000358                OnRxDone
 .text.OnTxTimeout
                0x1000039c       0x10 CMakeFiles/receiver.dir/main.c.o
                0x1000039c                OnTxTimeout
 .text.OnRxTimeout
                0x100003ac       0x2c CMakeFiles/receiver.dir/main.c.o
                0x100003ac                OnRxTimeout
 .text.OnRxError
                0x100003d8       0x10 CMakeFiles/receiver.dir/main.c.o
                0x100003d8                OnRxError
 .text.startup.main
                0x100003e8      0x188 CMakeFiles/receiver.dir/main.c.o
                0x100003e8                main
 .text.SX126xInit
                0x10000570       0x4c CMakeFiles/receiver.dir/__/__/lib/LoRaMac-node/src/radio/sx126x/sx126x.c.o
                0x10000570                SX126xInit
 .text.SX126xCheckDeviceReady
                0x100005bc       0x24 CMakeFiles/receiver.dir/__/__/lib/LoRaMac-node/src/radio/sx126x/sx126x.c.o
                0x100005bc                SX126xCheckDeviceReady
 .text.SX126xGetPayload
                0x100005e0       0x58 CMakeFiles/receiver.dir/__/__/lib/LoRaMac-node/src/radio/sx126x/sx126x.c.o
                0x100005e0                SX126xGetPayload
 .text.SX126xSendPayload
                0x10000638       0x30 CMakeFiles/receiver.dir/__/__/lib/LoRaMac-node/src/radio/sx126x/sx126x.c.o
                0x10000638                SX126xSendPayload
 .text.SX126xSetSyncWord
                0x10000668       0x14 CMakeFiles/receiver.dir/__/__/lib/LoRaMac-node/src/radio/sx126x/sx126x.c.o
                0x10000668                SX126xSetSyncWord
 .text.SX126xSetWhiteningSeed
                0x1000067c       0x40 CMakeFiles/receiver.dir/__/__/lib/LoRaMac-node/src/radio/sx126x/sx126x.c.o
                0x1000067c                SX126xSetWhiteningSeed
 .text.SX126xGetRandom
                0x100006bc       0x98 CMakeFiles/receiver.dir/__/__/lib/LoRaMac-node/src/radio/sx126x/sx126x.c.o
                0x100006bc                SX126xGetRandom
 .text.SX126xSetSleep
                0x10000754       0x38 CMakeFiles/receiver.dir/__/__/lib/LoRaMac-node/src/radio/sx126x/sx126x.c.o
                0x10000754                SX126xSetSleep
 .text.SX126xSetStandby
                0x1000078c       0x2c CMakeFiles/receiver.dir/__/__/lib/LoRaMac-node/src/radio/sx126x/sx126x.c.o
                0x1000078c                SX126xSetStandby
 .text.SX126xSetRx
                0x100007b8       0x24 CMakeFiles/receiver.dir/__/__/lib/LoRaMac-node/src/radio/sx126x/sx126x.c.o
                0x100007b8                SX126xSetRx
 .text.SX126xSetRxBoosted
                0x100007dc       0x30 CMakeFiles/receiver.dir/__/__/lib/LoRaMac-node/src/radio/sx126x/sx126x.c.o
                0x100007dc                SX126xSetRxBoosted
 .text.SX126xSetRxDutyCycle
                0x1000080c       0x38 CMakeFiles/receiver.dir/__/__/lib/LoRaMac-node/src/radio/sx126x/sx126x.c.o
                0x1000080c                SX126xSetRxDutyCycle
 .text.SX126xSetCad
                0x10000844       0x14 CMakeFiles/receiver.dir/__/__/lib/LoRaMac-node/src/radio/sx126x/sx126x.c.o
                0x10000844                SX126xSetCad
 .text.SX126xSetTxContinuousWave
                0x10000858       0x14 CMakeFiles/receiver.dir/__/__/lib/LoRaMac-node/src/radio/sx126x/sx126x.c.o
                0x10000858                SX126xSetTxContinuousWave
 .text.SX126xSetStopRxTimerOnPreambleDetect
                0x1000086c       0x18 CMakeFiles/receiver.dir/__/__/lib/LoRaMac-node/src/radio/sx126x/sx126x.c.o
                0x1000086c                SX126xSetStopRxTimerOnPreambleDetect
 .text.SX126xSetLoRaSymbNumTimeout
                0x10000884       0x58 CMakeFiles/receiver.dir/__/__/lib/LoRaMac-node/src/radio/sx126x/sx126x.c.o
                0x10000884                SX126xSetLoRaSymbNumTimeout
 .text.SX126xSetRegulatorMode
                0x100008dc       0x18 CMakeFiles/receiver.dir/__/__/lib/LoRaMac-node/src/radio/sx126x/sx126x.c.o
                0x100008dc                SX126xSetRegulatorMode
 .text.SX126xSetDioIrqParams
                0x100008f4       0x50 CMakeFiles/receiver.dir/__/__/lib/LoRaMac-node/src/radio/sx126x/sx126x.c.o
                0x100008f4                SX126xSetDioIrqParams
 .text.SX126xGetIrqStatus
                0x10000944       0x1c CMakeFiles/receiver.dir/__/__/lib/LoRaMac-node/src/radio/sx126x/sx126x.c.o
                0x10000944                SX126xGetIrqStatus
 .text.SX126xSetDio2AsRfSwitchCtrl
                0x10000960       0x18 CMakeFiles/receiver.dir/__/__/lib/LoRaMac-node/src/radio/sx126x/sx126x.c.o
                0x10000960                SX126xSetDio2AsRfSwitchCtrl
 .text.SX126xSetRfFrequency
                0x10000978       0xcc CMakeFiles/receiver.dir/__/__/lib/LoRaMac-node/src/radio/sx126x/sx126x.c.o
                0x10000978                SX126xSetRfFrequency
 .text.SX126xSetPacketType
                0x10000a44       0x20 CMakeFiles/receiver.dir/__/__/lib/LoRaMac-node/src/radio/sx126x/sx126x.c.o
                0x10000a44                SX126xSetPacketType
 .text.SX126xGetPacketType
                0x10000a64        0xc CMakeFiles/receiver.dir/__/__/lib/LoRaMac-node/src/radio/sx126x/sx126x.c.o
                0x10000a64                SX126xGetPacketType
 .text.SX126xSetTxParams
                0x10000a70       0xa8 CMakeFiles/receiver.dir/__/__/lib/LoRaMac-node/src/radio/sx126x/sx126x.c.o
                0x10000a70                SX126xSetTxParams
 .text.SX126xSetModulationParams
                0x10000b18       0xc8 CMakeFiles/receiver.dir/__/__/lib/LoRaMac-node/src/radio/sx126x/sx126x.c.o
                0x10000b18                SX126xSetModulationParams
 .text.SX126xSetPacketParams
                0x10000be0      0x128 CMakeFiles/receiver.dir/__/__/lib/LoRaMac-node/src/radio/sx126x/sx126x.c.o
                0x10000be0                SX126xSetPacketParams
 .text.SX126xSetBufferBaseAddress
                0x10000d08       0x18 CMakeFiles/receiver.dir/__/__/lib/LoRaMac-node/src/radio/sx126x/sx126x.c.o
                0x10000d08                SX126xSetBufferBaseAddress
 .text.SX126xGetRssiInst
                0x10000d20       0x1c CMakeFiles/receiver.dir/__/__/lib/LoRaMac-node/src/radio/sx126x/sx126x.c.o
                0x10000d20                SX126xGetRssiInst
 .text.SX126xGetPacketStatus
                0x10000d3c       0x80 CMakeFiles/receiver.dir/__/__/lib/LoRaMac-node/src/radio/sx126x/sx126x.c.o
                0x10000d3c                SX126xGetPacketStatus
 .text.SX126xClearIrqStatus
                0x10000dbc       0x18 CMakeFiles/receiver.dir/__/__/lib/LoRaMac-node/src/radio/sx126x/sx126x.c.o
                0x10000dbc                SX126xClearIrqStatus
 .text.RadioCheckRfFrequency
                0x10000dd4        0x4 CMakeFiles/receiver.dir/__/__/lib/LoRaMac-node/src/radio/sx126x/radio.c.o
                0x10000dd4                RadioCheckRfFrequency
 .text.RadioTimeOnAir
                0x10000dd8      0x130 CMakeFiles/receiver.dir/__/__/lib/LoRaMac-node/src/radio/sx126x/radio.c.o
                0x10000dd8                RadioTimeOnAir
 .text.RadioOnTxTimeoutIrq
                0x10000f08       0x18 CMakeFiles/receiver.dir/__/__/lib/LoRaMac-node/src/radio/sx126x/radio.c.o
                0x10000f08                RadioOnTxTimeoutIrq
 .text.RadioOnRxTimeoutIrq
                0x10000f20       0x18 CMakeFiles/receiver.dir/__/__/lib/LoRaMac-node/src/radio/sx126x/radio.c.o
                0x10000f20                RadioOnRxTimeoutIrq
 .text.RadioOnDioIrq
                0x10000f38        0xc CMakeFiles/receiver.dir/__/__/lib/LoRaMac-node/src/radio/sx126x/radio.c.o
                0x10000f38                RadioOnDioIrq
 .text.RadioStandby
                0x10000f44        0xc CMakeFiles/receiver.dir/__/__/lib/LoRaMac-node/src/radio/sx126x/radio.c.o
                0x10000f44                RadioStandby
 .text.RadioInit
                0x10000f50       0x6c CMakeFiles/receiver.dir/__/__/lib/LoRaMac-node/src/radio/sx126x/radio.c.o
                0x10000f50                RadioInit
 .text.RadioGetStatus
                0x10000fbc       0x1c CMakeFiles/receiver.dir/__/__/lib/LoRaMac-node/src/radio/sx126x/radio.c.o
                0x10000fbc                RadioGetStatus
 .text.RadioSetChannel
                0x10000fd8        0x8 CMakeFiles/receiver.dir/__/__/lib/LoRaMac-node/src/radio/sx126x/radio.c.o
                0x10000fd8                RadioSetChannel
 .text.RadioRead
                0x10000fe0        0xc CMakeFiles/receiver.dir/__/__/lib/LoRaMac-node/src/radio/sx126x/radio.c.o
                0x10000fe0                RadioRead
 .text.RadioWrite
                0x10000fec        0xc CMakeFiles/receiver.dir/__/__/lib/LoRaMac-node/src/radio/sx126x/radio.c.o
                0x10000fec                RadioWrite
 .text.RadioSend
                0x10000ff8       0x60 CMakeFiles/receiver.dir/__/__/lib/LoRaMac-node/src/radio/sx126x/radio.c.o
                0x10000ff8                RadioSend
 .text.RadioSleep
                0x10001058       0x10 CMakeFiles/receiver.dir/__/__/lib/LoRaMac-node/src/radio/sx126x/radio.c.o
                0x10001058                RadioSleep
 .text.RadioSetRxDutyCycle
                0x10001068        0x8 CMakeFiles/receiver.dir/__/__/lib/LoRaMac-node/src/radio/sx126x/radio.c.o
                0x10001068                RadioSetRxDutyCycle
 .text.RadioStartCad
                0x10001070       0x18 CMakeFiles/receiver.dir/__/__/lib/LoRaMac-node/src/radio/sx126x/radio.c.o
                0x10001070                RadioStartCad
 .text.RadioSetTxContinuousWave
                0x10001088       0x34 CMakeFiles/receiver.dir/__/__/lib/LoRaMac-node/src/radio/sx126x/radio.c.o
                0x10001088                RadioSetTxContinuousWave
 .text.RadioRssi
                0x100010bc        0x8 CMakeFiles/receiver.dir/__/__/lib/LoRaMac-node/src/radio/sx126x/radio.c.o
                0x100010bc                RadioRssi
 .text.RadioWriteBuffer
                0x100010c4        0xc CMakeFiles/receiver.dir/__/__/lib/LoRaMac-node/src/radio/sx126x/radio.c.o
                0x100010c4                RadioWriteBuffer
 .text.RadioReadBuffer
                0x100010d0        0xc CMakeFiles/receiver.dir/__/__/lib/LoRaMac-node/src/radio/sx126x/radio.c.o
                0x100010d0                RadioReadBuffer
 .text.RadioGetWakeupTime
                0x100010dc        0xc CMakeFiles/receiver.dir/__/__/lib/LoRaMac-node/src/radio/sx126x/radio.c.o
                0x100010dc                RadioGetWakeupTime
 .text.RadioSetMaxPayloadLength
                0x100010e8       0x3c CMakeFiles/receiver.dir/__/__/lib/LoRaMac-node/src/radio/sx126x/radio.c.o
                0x100010e8                RadioSetMaxPayloadLength
 .text.RadioRx  0x10001124       0x58 CMakeFiles/receiver.dir/__/__/lib/LoRaMac-node/src/radio/sx126x/radio.c.o
                0x10001124                RadioRx
 .text.RadioRxBoosted
                0x1000117c       0x58 CMakeFiles/receiver.dir/__/__/lib/LoRaMac-node/src/radio/sx126x/radio.c.o
                0x1000117c                RadioRxBoosted
 .text.RadioIrqProcess
                0x100011d4      0x1a4 CMakeFiles/receiver.dir/__/__/lib/LoRaMac-node/src/radio/sx126x/radio.c.o
                0x100011d4                RadioIrqProcess
 .text.RadioSetModem.part.0
                0x10001378       0x88 CMakeFiles/receiver.dir/__/__/lib/LoRaMac-node/src/radio/sx126x/radio.c.o
 .text.RadioSetTxConfig
                0x10001400      0x288 CMakeFiles/receiver.dir/__/__/lib/LoRaMac-node/src/radio/sx126x/radio.c.o
                0x10001400                RadioSetTxConfig
 .text.RadioSetRxConfig
                0x10001688      0x2e4 CMakeFiles/receiver.dir/__/__/lib/LoRaMac-node/src/radio/sx126x/radio.c.o
                0x10001688                RadioSetRxConfig
 .text.RadioIsChannelFree
                0x1000196c       0xc0 CMakeFiles/receiver.dir/__/__/lib/LoRaMac-node/src/radio/sx126x/radio.c.o
                0x1000196c                RadioIsChannelFree
 .text.RadioSetModem
                0x10001a2c       0x98 CMakeFiles/receiver.dir/__/__/lib/LoRaMac-node/src/radio/sx126x/radio.c.o
                0x10001a2c                RadioSetModem
 .text.RadioSetPublicNetwork
                0x10001ac4       0xbc CMakeFiles/receiver.dir/__/__/lib/LoRaMac-node/src/radio/sx126x/radio.c.o
                0x10001ac4                RadioSetPublicNetwork
 .text.RadioRandom
                0x10001b80       0xd4 CMakeFiles/receiver.dir/__/__/lib/LoRaMac-node/src/radio/sx126x/radio.c.o
                0x10001b80                RadioRandom
 .text.DelayMs  0x10001c54        0x8 CMakeFiles/receiver.dir/__/__/lib/LoRaMac-node/src/system/delay.c.o
                0x10001c54                DelayMs
 .text.GpioInit
                0x10001c5c       0x18 CMakeFiles/receiver.dir/__/__/lib/LoRaMac-node/src/system/gpio.c.o
                0x10001c5c                GpioInit
 .text.GpioSetInterrupt
                0x10001c74        0x8 CMakeFiles/receiver.dir/__/__/lib/LoRaMac-node/src/system/gpio.c.o
                0x10001c74                GpioSetInterrupt
 .text.GpioWrite
                0x10001c7c        0x8 CMakeFiles/receiver.dir/__/__/lib/LoRaMac-node/src/system/gpio.c.o
                0x10001c7c                GpioWrite
 .text.GpioRead
                0x10001c84        0x8 CMakeFiles/receiver.dir/__/__/lib/LoRaMac-node/src/system/gpio.c.o
                0x10001c84                GpioRead
 .text.TimerInit
                0x10001c8c       0x10 CMakeFiles/receiver.dir/__/__/lib/LoRaMac-node/src/system/timer.c.o
                0x10001c8c                TimerInit
 .text.TimerStart
                0x10001c9c       0xd0 CMakeFiles/receiver.dir/__/__/lib/LoRaMac-node/src/system/timer.c.o
                0x10001c9c                TimerStart
 .text.TimerIrqHandler
                0x10001d6c       0xc4 CMakeFiles/receiver.dir/__/__/lib/LoRaMac-node/src/system/timer.c.o
                0x10001d6c                TimerIrqHandler
 .text.TimerStop
                0x10001e30       0x88 CMakeFiles/receiver.dir/__/__/lib/LoRaMac-node/src/system/timer.c.o
                0x10001e30                TimerStop
 .text.TimerSetValue
                0x10001eb8       0x24 CMakeFiles/receiver.dir/__/__/lib/LoRaMac-node/src/system/timer.c.o
                0x10001eb8                TimerSetValue
 .text.TimerGetCurrentTime
                0x10001edc        0xc CMakeFiles/receiver.dir/__/__/lib/LoRaMac-node/src/system/timer.c.o
                0x10001edc                TimerGetCurrentTime
 .text.TimerGetElapsedTime
                0x10001ee8       0x20 CMakeFiles/receiver.dir/__/__/lib/LoRaMac-node/src/system/timer.c.o
                0x10001ee8                TimerGetElapsedTime
 .text.BoardInitMcu
                0x10001f08       0x44 CMakeFiles/receiver.dir/__/__/src/board.c.o
                0x10001f08                BoardInitMcu
 .text.BoardInitPeriph
                0x10001f4c        0x4 CMakeFiles/receiver.dir/__/__/src/board.c.o
                0x10001f4c                BoardInitPeriph
 .text.BoardCriticalSectionBegin
                0x10001f50        0xc CMakeFiles/receiver.dir/__/__/src/board.c.o
                0x10001f50                BoardCriticalSectionBegin
 .text.BoardCriticalSectionEnd
                0x10001f5c        0x8 CMakeFiles/receiver.dir/__/__/src/board.c.o
                0x10001f5c                BoardCriticalSectionEnd
 .text.DelayMsMcu
                0x10001f64       0x14 CMakeFiles/receiver.dir/__/__/src/delay-board.c.o
                0x10001f64                DelayMsMcu
 .text.gpio_irq_wrapper
                0x10001f78       0x1c CMakeFiles/receiver.dir/__/__/src/gpio-board.c.o
 .text.GpioMcuInit
                0x10001f94       0xc0 CMakeFiles/receiver.dir/__/__/src/gpio-board.c.o
                0x10001f94                GpioMcuInit
 .text.GpioMcuWrite
                0x10002054       0x18 CMakeFiles/receiver.dir/__/__/src/gpio-board.c.o
                0x10002054                GpioMcuWrite
 .text.GpioMcuRead
                0x1000206c       0x18 CMakeFiles/receiver.dir/__/__/src/gpio-board.c.o
                0x1000206c                GpioMcuRead
 .text.GpioMcuSetInterrupt
                0x10002084       0x20 CMakeFiles/receiver.dir/__/__/src/gpio-board.c.o
                0x10002084                GpioMcuSetInterrupt
 .text.alarm_callback
                0x100020a4        0xc CMakeFiles/receiver.dir/__/__/src/rtc-board.c.o
 .text.RtcInit  0x100020b0       0x28 CMakeFiles/receiver.dir/__/__/src/rtc-board.c.o
                0x100020b0                RtcInit
 .text.RtcGetTimerElapsedTime
                0x100020d8       0x18 CMakeFiles/receiver.dir/__/__/src/rtc-board.c.o
                0x100020d8                RtcGetTimerElapsedTime
 .text.RtcSetTimerContext
                0x100020f0       0x10 CMakeFiles/receiver.dir/__/__/src/rtc-board.c.o
                0x100020f0                RtcSetTimerContext
 .text.RtcGetTimerContext
                0x10002100        0xc CMakeFiles/receiver.dir/__/__/src/rtc-board.c.o
                0x10002100                RtcGetTimerContext
 .text.RtcGetMinimumTimeout
                0x1000210c        0x4 CMakeFiles/receiver.dir/__/__/src/rtc-board.c.o
                0x1000210c                RtcGetMinimumTimeout
 .text.RtcSetAlarm
                0x10002110       0x60 CMakeFiles/receiver.dir/__/__/src/rtc-board.c.o
                0x10002110                RtcSetAlarm
 .text.RtcStopAlarm
                0x10002170       0x1c CMakeFiles/receiver.dir/__/__/src/rtc-board.c.o
                0x10002170                RtcStopAlarm
 .text.RtcMs2Tick
                0x1000218c        0xc CMakeFiles/receiver.dir/__/__/src/rtc-board.c.o
                0x1000218c                RtcMs2Tick
 .text.RtcGetTimerValue
                0x10002198        0x8 CMakeFiles/receiver.dir/__/__/src/rtc-board.c.o
                0x10002198                RtcGetTimerValue
 .text.RtcTick2Ms
                0x100021a0        0xc CMakeFiles/receiver.dir/__/__/src/rtc-board.c.o
                0x100021a0                RtcTick2Ms
 .text.SpiInit  0x100021ac       0x70 CMakeFiles/receiver.dir/__/__/src/spi-board.c.o
                0x100021ac                SpiInit
 .text.SpiInOut
                0x1000221c       0x34 CMakeFiles/receiver.dir/__/__/src/spi-board.c.o
                0x1000221c                SpiInOut
 .text.SX126xIoInit
                0x10002250       0x5c CMakeFiles/receiver.dir/__/__/src/sx1262-board.c.o
                0x10002250                SX126xIoInit
 .text.SX126xIoIrqInit
                0x100022ac       0x18 CMakeFiles/receiver.dir/__/__/src/sx1262-board.c.o
                0x100022ac                SX126xIoIrqInit
 .text.SX126xGetBoardTcxoWakeupTime
                0x100022c4        0x4 CMakeFiles/receiver.dir/__/__/src/sx1262-board.c.o
                0x100022c4                SX126xGetBoardTcxoWakeupTime
 .text.SX126xIoRfSwitchInit
                0x100022c8        0xc CMakeFiles/receiver.dir/__/__/src/sx1262-board.c.o
                0x100022c8                SX126xIoRfSwitchInit
 .text.SX126xGetOperatingMode
                0x100022d4        0xc CMakeFiles/receiver.dir/__/__/src/sx1262-board.c.o
                0x100022d4                SX126xGetOperatingMode
 .text.SX126xSetOperatingMode
                0x100022e0        0xc CMakeFiles/receiver.dir/__/__/src/sx1262-board.c.o
                0x100022e0                SX126xSetOperatingMode
 .text.SX126xReset
                0x100022ec       0x44 CMakeFiles/receiver.dir/__/__/src/sx1262-board.c.o
                0x100022ec                SX126xReset
 .text.SX126xWaitOnBusy
                0x10002330       0x14 CMakeFiles/receiver.dir/__/__/src/sx1262-board.c.o
                0x10002330                SX126xWaitOnBusy
 .text.SX126xWakeup
                0x10002344       0x54 CMakeFiles/receiver.dir/__/__/src/sx1262-board.c.o
                0x10002344                SX126xWakeup
 .text.SX126xWriteCommand
                0x10002398       0x6c CMakeFiles/receiver.dir/__/__/src/sx1262-board.c.o
                0x10002398                SX126xWriteCommand
 .text.SX126xReadCommand
                0x10002404       0x78 CMakeFiles/receiver.dir/__/__/src/sx1262-board.c.o
                0x10002404                SX126xReadCommand
 .text.SX126xWriteRegisters
                0x1000247c       0x74 CMakeFiles/receiver.dir/__/__/src/sx1262-board.c.o
                0x1000247c                SX126xWriteRegisters
 .text.SX126xWriteRegister
                0x100024f0       0x54 CMakeFiles/receiver.dir/__/__/src/sx1262-board.c.o
                0x100024f0                SX126xWriteRegister
 .text.SX126xReadRegisters
                0x10002544       0x80 CMakeFiles/receiver.dir/__/__/src/sx1262-board.c.o
                0x10002544                SX126xReadRegisters
 .text.SX126xReadRegister
                0x100025c4       0x60 CMakeFiles/receiver.dir/__/__/src/sx1262-board.c.o
                0x100025c4                SX126xReadRegister
 .text.SX126xWriteBuffer
                0x10002624       0x68 CMakeFiles/receiver.dir/__/__/src/sx1262-board.c.o
                0x10002624                SX126xWriteBuffer
 .text.SX126xReadBuffer
                0x1000268c       0x74 CMakeFiles/receiver.dir/__/__/src/sx1262-board.c.o
                0x1000268c                SX126xReadBuffer
 .text.SX126xSetRfTxPower
                0x10002700        0xc CMakeFiles/receiver.dir/__/__/src/sx1262-board.c.o
                0x10002700                SX126xSetRfTxPower
 .text.SX126xGetDeviceId
                0x1000270c        0x4 CMakeFiles/receiver.dir/__/__/src/sx1262-board.c.o
                0x1000270c                SX126xGetDeviceId
 .text.SX126xAntSwOn
                0x10002710       0x20 CMakeFiles/receiver.dir/__/__/src/sx1262-board.c.o
                0x10002710                SX126xAntSwOn
 .text.SX126xAntSwOff
                0x10002730       0x20 CMakeFiles/receiver.dir/__/__/src/sx1262-board.c.o
                0x10002730                SX126xAntSwOff
 .text.gpio_default_irq_handler
                0x10002750      0x274 CMakeFiles/receiver.dir/home/jpaixao/Documents/LoRa-project/pico-sdk/src/rp2_common/hardware_gpio/gpio.c.o
 .text.gpio_set_function
                0x100029c4       0x34 CMakeFiles/receiver.dir/home/jpaixao/Documents/LoRa-project/pico-sdk/src/rp2_common/hardware_gpio/gpio.c.o
                0x100029c4                gpio_set_function
 .text.gpio_set_pulls
                0x100029f8       0x28 CMakeFiles/receiver.dir/home/jpaixao/Documents/LoRa-project/pico-sdk/src/rp2_common/hardware_gpio/gpio.c.o
                0x100029f8                gpio_set_pulls
 .text.gpio_set_irq_enabled_with_callback
                0x10002a20       0xd0 CMakeFiles/receiver.dir/home/jpaixao/Documents/LoRa-project/pico-sdk/src/rp2_common/hardware_gpio/gpio.c.o
                0x10002a20                gpio_set_irq_enabled_with_callback
 .text.gpio_init
                0x10002af0       0x40 CMakeFiles/receiver.dir/home/jpaixao/Documents/LoRa-project/pico-sdk/src/rp2_common/hardware_gpio/gpio.c.o
                0x10002af0                gpio_init
 .text.rp2040_chip_version
                0x10002b30        0xc CMakeFiles/receiver.dir/home/jpaixao/Documents/LoRa-project/pico-sdk/src/rp2040/pico_platform/platform.c.o
                0x10002b30                rp2040_chip_version
 .text.panic    0x10002b3c       0x30 CMakeFiles/receiver.dir/home/jpaixao/Documents/LoRa-project/pico-sdk/src/rp2_common/pico_platform_panic/panic.c.o
                0x10002b3c                panic
 .text.hw_claim_or_assert
                0x10002b6c       0x44 CMakeFiles/receiver.dir/home/jpaixao/Documents/LoRa-project/pico-sdk/src/common/hardware_claim/claim.c.o
                0x10002b6c                hw_claim_or_assert
 .text.hw_claim_unused_from_range
                0x10002bb0       0x9c CMakeFiles/receiver.dir/home/jpaixao/Documents/LoRa-project/pico-sdk/src/common/hardware_claim/claim.c.o
                0x10002bb0                hw_claim_unused_from_range
 .text.next_striped_spin_lock_num
                0x10002c4c       0x18 CMakeFiles/receiver.dir/home/jpaixao/Documents/LoRa-project/pico-sdk/src/rp2_common/hardware_sync/sync.c.o
                0x10002c4c                next_striped_spin_lock_num
 .text.spin_lock_claim_unused
                0x10002c64       0x24 CMakeFiles/receiver.dir/home/jpaixao/Documents/LoRa-project/pico-sdk/src/rp2_common/hardware_sync/sync.c.o
                0x10002c64                spin_lock_claim_unused
 .text.spin_locks_reset
                0x10002c88       0x1c CMakeFiles/receiver.dir/home/jpaixao/Documents/LoRa-project/pico-sdk/src/rp2_common/hardware_sync_spin_lock/sync_spin_lock.c.o
                0x10002c88                spin_locks_reset
 .text.runtime_init_per_core_irq_priorities
                0x10002ca4       0x24 CMakeFiles/receiver.dir/home/jpaixao/Documents/LoRa-project/pico-sdk/src/rp2_common/hardware_irq/irq.c.o
                0x10002ca4                runtime_init_per_core_irq_priorities
 .text.irq_set_enabled
                0x10002cc8       0x24 CMakeFiles/receiver.dir/home/jpaixao/Documents/LoRa-project/pico-sdk/src/rp2_common/hardware_irq/irq.c.o
                0x10002cc8                irq_set_enabled
 .text.irq_is_enabled
                0x10002cec       0x18 CMakeFiles/receiver.dir/home/jpaixao/Documents/LoRa-project/pico-sdk/src/rp2_common/hardware_irq/irq.c.o
                0x10002cec                irq_is_enabled
 .text.irq_set_pending
                0x10002d04       0x10 CMakeFiles/receiver.dir/home/jpaixao/Documents/LoRa-project/pico-sdk/src/rp2_common/hardware_irq/irq.c.o
                0x10002d04                irq_set_pending
 .text.irq_has_shared_handler
                0x10002d14       0x24 CMakeFiles/receiver.dir/home/jpaixao/Documents/LoRa-project/pico-sdk/src/rp2_common/hardware_irq/irq.c.o
                0x10002d14                irq_has_shared_handler
 .text.irq_set_exclusive_handler
                0x10002d38       0x54 CMakeFiles/receiver.dir/home/jpaixao/Documents/LoRa-project/pico-sdk/src/rp2_common/hardware_irq/irq.c.o
                0x10002d38                irq_set_exclusive_handler
 .text.irq_add_shared_handler
                0x10002d8c      0x1f4 CMakeFiles/receiver.dir/home/jpaixao/Documents/LoRa-project/pico-sdk/src/rp2_common/hardware_irq/irq.c.o
                0x10002d8c                irq_add_shared_handler
 .text.irq_remove_handler
                0x10002f80      0x1d4 CMakeFiles/receiver.dir/home/jpaixao/Documents/LoRa-project/pico-sdk/src/rp2_common/hardware_irq/irq.c.o
                0x10002f80                irq_remove_handler
 .text.irq_add_tail_to_free_list
                0x10003154       0xb4 CMakeFiles/receiver.dir/home/jpaixao/Documents/LoRa-project/pico-sdk/src/rp2_common/hardware_irq/irq.c.o
                0x10003154                irq_add_tail_to_free_list
 .text.user_irq_claim_unused
                0x10003208       0x2c CMakeFiles/receiver.dir/home/jpaixao/Documents/LoRa-project/pico-sdk/src/rp2_common/hardware_irq/irq.c.o
                0x10003208                user_irq_claim_unused
 .text.lock_init
                0x10003234       0x10 CMakeFiles/receiver.dir/home/jpaixao/Documents/LoRa-project/pico-sdk/src/common/pico_sync/lock_core.c.o
                0x10003234                lock_init
 .text.runtime_init_mutex
                0x10003244       0x50 CMakeFiles/receiver.dir/home/jpaixao/Documents/LoRa-project/pico-sdk/src/common/pico_sync/mutex.c.o
                0x10003244                runtime_init_mutex
 .text.mutex_init
                0x10003294       0x1c CMakeFiles/receiver.dir/home/jpaixao/Documents/LoRa-project/pico-sdk/src/common/pico_sync/mutex.c.o
                0x10003294                mutex_init
 .text.critical_section_init
                0x100032b0       0x1c CMakeFiles/receiver.dir/home/jpaixao/Documents/LoRa-project/pico-sdk/src/common/pico_sync/critical_section.c.o
                0x100032b0                critical_section_init
 .text.critical_section_init_with_lock_num
                0x100032cc       0x14 CMakeFiles/receiver.dir/home/jpaixao/Documents/LoRa-project/pico-sdk/src/common/pico_sync/critical_section.c.o
                0x100032cc                critical_section_init_with_lock_num
 .text.sleep_until_callback
                0x100032e0       0x30 CMakeFiles/receiver.dir/home/jpaixao/Documents/LoRa-project/pico-sdk/src/common/pico_time/time.c.o
 .text.alarm_pool_irq_handler
                0x10003310      0x2fc CMakeFiles/receiver.dir/home/jpaixao/Documents/LoRa-project/pico-sdk/src/common/pico_time/time.c.o
 .text.runtime_init_default_alarm_pool
                0x1000360c       0xdc CMakeFiles/receiver.dir/home/jpaixao/Documents/LoRa-project/pico-sdk/src/common/pico_time/time.c.o
                0x1000360c                runtime_init_default_alarm_pool
 .text.alarm_pool_get_default
                0x100036e8        0x8 CMakeFiles/receiver.dir/home/jpaixao/Documents/LoRa-project/pico-sdk/src/common/pico_time/time.c.o
                0x100036e8                alarm_pool_get_default
 .text.alarm_pool_create_on_timer
                0x100036f0       0xb4 CMakeFiles/receiver.dir/home/jpaixao/Documents/LoRa-project/pico-sdk/src/common/pico_time/time.c.o
                0x100036f0                alarm_pool_create_on_timer
 .text.alarm_pool_add_alarm_at
                0x100037a4       0xd4 CMakeFiles/receiver.dir/home/jpaixao/Documents/LoRa-project/pico-sdk/src/common/pico_time/time.c.o
                0x100037a4                alarm_pool_add_alarm_at
 .text.alarm_pool_add_alarm_at_force_in_context
                0x10003878       0xb0 CMakeFiles/receiver.dir/home/jpaixao/Documents/LoRa-project/pico-sdk/src/common/pico_time/time.c.o
                0x10003878                alarm_pool_add_alarm_at_force_in_context
 .text.alarm_pool_cancel_alarm
                0x10003928       0x74 CMakeFiles/receiver.dir/home/jpaixao/Documents/LoRa-project/pico-sdk/src/common/pico_time/time.c.o
                0x10003928                alarm_pool_cancel_alarm
 .text.alarm_pool_core_num
                0x1000399c        0x4 CMakeFiles/receiver.dir/home/jpaixao/Documents/LoRa-project/pico-sdk/src/common/pico_time/time.c.o
                0x1000399c                alarm_pool_core_num
 .text.sleep_until
                0x100039a0       0xd8 CMakeFiles/receiver.dir/home/jpaixao/Documents/LoRa-project/pico-sdk/src/common/pico_time/time.c.o
                0x100039a0                sleep_until
 .text.sleep_ms
                0x10003a78       0x38 CMakeFiles/receiver.dir/home/jpaixao/Documents/LoRa-project/pico-sdk/src/common/pico_time/time.c.o
                0x10003a78                sleep_ms
 .text.best_effort_wfe_or_timeout
                0x10003ab0       0xf8 CMakeFiles/receiver.dir/home/jpaixao/Documents/LoRa-project/pico-sdk/src/common/pico_time/time.c.o
                0x10003ab0                best_effort_wfe_or_timeout
 .text.alarm_pool_get_default_timer
                0x10003ba8        0x8 CMakeFiles/receiver.dir/home/jpaixao/Documents/LoRa-project/pico-sdk/src/common/pico_time/time.c.o
                0x10003ba8                alarm_pool_get_default_timer
 .text.timer_hardware_alarm_claim
                0x10003bb0       0x14 CMakeFiles/receiver.dir/home/jpaixao/Documents/LoRa-project/pico-sdk/src/rp2_common/hardware_timer/timer.c.o
                0x10003bb0                timer_hardware_alarm_claim
 .text.timer_time_us_64
                0x10003bc4       0x10 CMakeFiles/receiver.dir/home/jpaixao/Documents/LoRa-project/pico-sdk/src/rp2_common/hardware_timer/timer.c.o
                0x10003bc4                timer_time_us_64
 .text.time_us_64
                0x10003bd4       0x14 CMakeFiles/receiver.dir/home/jpaixao/Documents/LoRa-project/pico-sdk/src/rp2_common/hardware_timer/timer.c.o
                0x10003bd4                time_us_64
 .text.busy_wait_us_32
                0x10003be8       0x7c CMakeFiles/receiver.dir/home/jpaixao/Documents/LoRa-project/pico-sdk/src/rp2_common/hardware_timer/timer.c.o
                0x10003be8                busy_wait_us_32
 .text.busy_wait_until
                0x10003c64       0x20 CMakeFiles/receiver.dir/home/jpaixao/Documents/LoRa-project/pico-sdk/src/rp2_common/hardware_timer/timer.c.o
                0x10003c64                busy_wait_until
 .text.clock_configure_int_divider
                0x10003c84       0xf4 CMakeFiles/receiver.dir/home/jpaixao/Documents/LoRa-project/pico-sdk/src/rp2_common/hardware_clocks/clocks.c.o
                0x10003c84                clock_configure_int_divider
 .text.clock_configure_undivided
                0x10003d78       0xe8 CMakeFiles/receiver.dir/home/jpaixao/Documents/LoRa-project/pico-sdk/src/rp2_common/hardware_clocks/clocks.c.o
                0x10003d78                clock_configure_undivided
 .text.clock_get_hz
                0x10003e60        0xc CMakeFiles/receiver.dir/home/jpaixao/Documents/LoRa-project/pico-sdk/src/rp2_common/hardware_clocks/clocks.c.o
                0x10003e60                clock_get_hz
 .text.pll_init
                0x10003e6c       0xa4 CMakeFiles/receiver.dir/home/jpaixao/Documents/LoRa-project/pico-sdk/src/rp2_common/hardware_pll/pll.c.o
                0x10003e6c                pll_init
 .text.watchdog_reboot
                0x10003f10       0x9c CMakeFiles/receiver.dir/home/jpaixao/Documents/LoRa-project/pico-sdk/src/rp2_common/hardware_watchdog/watchdog.c.o
                0x10003f10                watchdog_reboot
 .text.tick_start
                0x10003fac       0x10 CMakeFiles/receiver.dir/home/jpaixao/Documents/LoRa-project/pico-sdk/src/rp2_common/hardware_ticks/ticks.c.o
                0x10003fac                tick_start
 .text.rom_func_lookup
                0x10003fbc       0x10 CMakeFiles/receiver.dir/home/jpaixao/Documents/LoRa-project/pico-sdk/src/rp2_common/pico_bootrom/bootrom.c.o
                0x10003fbc                rom_func_lookup
 .text.rom_data_lookup
                0x10003fcc       0x10 CMakeFiles/receiver.dir/home/jpaixao/Documents/LoRa-project/pico-sdk/src/rp2_common/pico_bootrom/bootrom.c.o
                0x10003fcc                rom_data_lookup
 .text.rom_funcs_lookup
                0x10003fdc       0x44 CMakeFiles/receiver.dir/home/jpaixao/Documents/LoRa-project/pico-sdk/src/rp2_common/pico_bootrom/bootrom.c.o
                0x10003fdc                rom_funcs_lookup
 .text.rom_reset_usb_boot_extra
                0x10004020       0x28 CMakeFiles/receiver.dir/home/jpaixao/Documents/LoRa-project/pico-sdk/src/rp2_common/pico_bootrom/bootrom.c.o
                0x10004020                rom_reset_usb_boot_extra
 .text.xosc_init
                0x10004048       0x28 CMakeFiles/receiver.dir/home/jpaixao/Documents/LoRa-project/pico-sdk/src/rp2_common/hardware_xosc/xosc.c.o
                0x10004048                xosc_init
 .text.first_per_core_initializer
                0x10004070        0x4 CMakeFiles/receiver.dir/home/jpaixao/Documents/LoRa-project/pico-sdk/src/rp2_common/pico_runtime/runtime.c.o
 .text.hard_assertion_failure
                0x10004074        0xc CMakeFiles/receiver.dir/home/jpaixao/Documents/LoRa-project/pico-sdk/src/rp2_common/pico_runtime/runtime.c.o
                0x10004074                hard_assertion_failure
 .text.runtime_run_initializers
                0x10004080       0x28 CMakeFiles/receiver.dir/home/jpaixao/Documents/LoRa-project/pico-sdk/src/rp2_common/pico_runtime/runtime.c.o
                0x10004080                runtime_run_initializers
 .text.runtime_init_early_resets
                0x100040a8       0x2c CMakeFiles/receiver.dir/home/jpaixao/Documents/LoRa-project/pico-sdk/src/rp2_common/pico_runtime_init/runtime_init.c.o
                0x100040a8                runtime_init_early_resets
 .text.runtime_init_usb_power_down
                0x100040d4       0x1c CMakeFiles/receiver.dir/home/jpaixao/Documents/LoRa-project/pico-sdk/src/rp2_common/pico_runtime_init/runtime_init.c.o
                0x100040d4                runtime_init_usb_power_down
 .text.runtime_init_post_clock_resets
                0x100040f0       0x20 CMakeFiles/receiver.dir/home/jpaixao/Documents/LoRa-project/pico-sdk/src/rp2_common/pico_runtime_init/runtime_init.c.o
                0x100040f0                runtime_init_post_clock_resets
 .text.runtime_init_rp2040_gpio_ie_disable
                0x10004110       0x14 CMakeFiles/receiver.dir/home/jpaixao/Documents/LoRa-project/pico-sdk/src/rp2_common/pico_runtime_init/runtime_init.c.o
                0x10004110                runtime_init_rp2040_gpio_ie_disable
 .text.runtime_init_spin_locks_reset
                0x10004124        0x8 CMakeFiles/receiver.dir/home/jpaixao/Documents/LoRa-project/pico-sdk/src/rp2_common/pico_runtime_init/runtime_init.c.o
                0x10004124                runtime_init_spin_locks_reset
 .text.runtime_init_install_ram_vector_table
                0x1000412c       0x1c CMakeFiles/receiver.dir/home/jpaixao/Documents/LoRa-project/pico-sdk/src/rp2_common/pico_runtime_init/runtime_init.c.o
                0x1000412c                runtime_init_install_ram_vector_table
 .text.runtime_init_clocks
                0x10004148       0xd8 CMakeFiles/receiver.dir/home/jpaixao/Documents/LoRa-project/pico-sdk/src/rp2_common/pico_runtime_init/runtime_init_clocks.c.o
                0x10004148                runtime_init_clocks
 .text          0x10004220       0x10 CMakeFiles/receiver.dir/home/jpaixao/Documents/LoRa-project/pico-sdk/src/rp2_common/pico_bit_ops/bit_ops_aeabi.S.o
 .text.__wrap___aeabi_idiv
                0x10004230       0x50 CMakeFiles/receiver.dir/home/jpaixao/Documents/LoRa-project/pico-sdk/src/rp2_common/pico_divider/divider_hardware.S.o
                0x10004230                __wrap___aeabi_idivmod
                0x10004230                divmod_s32s32
                0x10004230                div_s32s32
                0x10004230                __wrap___aeabi_idiv
                0x10004238                divmod_s32s32_unsafe
                0x10004264                divmod_s32s32_savestate
 .text.__wrap___aeabi_uidiv
                0x10004280       0x4c CMakeFiles/receiver.dir/home/jpaixao/Documents/LoRa-project/pico-sdk/src/rp2_common/pico_divider/divider_hardware.S.o
                0x10004280                __wrap___aeabi_uidiv
                0x10004280                __wrap___aeabi_uidivmod
                0x10004280                div_u32u32
                0x10004280                divmod_u32u32
                0x10004288                divmod_u32u32_unsafe
                0x100042b0                divmod_u32u32_savestate
 .text.__wrap___aeabi_ldiv
                0x100042cc      0x424 CMakeFiles/receiver.dir/home/jpaixao/Documents/LoRa-project/pico-sdk/src/rp2_common/pico_divider/divider_hardware.S.o
                0x100042cc                div_s64s64
                0x100042cc                divmod_s64s64
                0x100042cc                __wrap___aeabi_ldivmod
                0x100042fc                div_u64u64
                0x100042fc                divmod_u64u64
                0x100042fc                __wrap___aeabi_uldivmod
                0x1000430c                divmod_u64u64_savestate
                0x1000432c                divmod_s64s64_unsafe
                0x100043b4                divmod_u64u64_unsafe
 .text.__wrap___aeabi_darithmetic
                0x100046f0       0x80 CMakeFiles/receiver.dir/home/jpaixao/Documents/LoRa-project/pico-sdk/src/rp2_common/pico_double/double_aeabi_rp2040.S.o
                0x100046f0                __wrap___aeabi_drsub
                0x100046f6                __wrap___aeabi_dsub
                0x10004708                __wrap___aeabi_dadd
                0x1000471a                __wrap___aeabi_ddiv
                0x10004756                __wrap___aeabi_dmul
 .text.__wrap___aeabi_cdcmple
                0x10004770       0x6c CMakeFiles/receiver.dir/home/jpaixao/Documents/LoRa-project/pico-sdk/src/rp2_common/pico_double/double_aeabi_rp2040.S.o
                0x10004770                __wrap___aeabi_cdrcmple
                0x10004780                __wrap___aeabi_cdcmple
                0x10004780                __wrap___aeabi_cdcmpeq
 .text.__wrap___aeabi_dcmplt
                0x100047dc        0xc CMakeFiles/receiver.dir/home/jpaixao/Documents/LoRa-project/pico-sdk/src/rp2_common/pico_double/double_aeabi_rp2040.S.o
                0x100047dc                __wrap___aeabi_dcmplt
 .text.__wrap___aeabi_dcmpge
                0x100047e8       0x10 CMakeFiles/receiver.dir/home/jpaixao/Documents/LoRa-project/pico-sdk/src/rp2_common/pico_double/double_aeabi_rp2040.S.o
                0x100047e8                __wrap___aeabi_dcmpge
 .text.__wrap___aeabi_dcmpgt
                0x100047f8        0xa CMakeFiles/receiver.dir/home/jpaixao/Documents/LoRa-project/pico-sdk/src/rp2_common/pico_double/double_aeabi_rp2040.S.o
                0x100047f8                __wrap___aeabi_dcmpgt
 .text.__wrap___aeabi_dcmpun
                0x10004802       0x18 CMakeFiles/receiver.dir/home/jpaixao/Documents/LoRa-project/pico-sdk/src/rp2_common/pico_double/double_aeabi_rp2040.S.o
                0x10004802                __wrap___aeabi_dcmpun
 *fill*         0x1000481a        0x2 
 .text.__wrap___aeabi_i2d
                0x1000481c       0x38 CMakeFiles/receiver.dir/home/jpaixao/Documents/LoRa-project/pico-sdk/src/rp2_common/pico_double/double_aeabi_rp2040.S.o
                0x1000481c                __wrap___aeabi_ui2d
                0x1000481c                uint2double
                0x10004824                __wrap___aeabi_i2d
                0x10004824                int2double
 .text.__wrap___aeabi_d2iz
                0x10004854       0x48 CMakeFiles/receiver.dir/home/jpaixao/Documents/LoRa-project/pico-sdk/src/rp2_common/pico_double/double_aeabi_rp2040.S.o
                0x10004854                __wrap___aeabi_d2iz
                0x10004854                double2int_z
 .text.__wrap___aeabi_d2uiz
                0x1000489c       0x18 CMakeFiles/receiver.dir/home/jpaixao/Documents/LoRa-project/pico-sdk/src/rp2_common/pico_double/double_aeabi_rp2040.S.o
                0x1000489c                double2uint_z
                0x1000489c                double2uint
                0x1000489c                __wrap___aeabi_d2uiz
 .text.__aeabi_double_init
                0x100048b4       0xa4 CMakeFiles/receiver.dir/home/jpaixao/Documents/LoRa-project/pico-sdk/src/rp2_common/pico_double/double_init_rom_rp2040.c.o
                0x100048b4                __aeabi_double_init
 .text.double_table_shim_on_use_helper
                0x10004958       0x2c CMakeFiles/receiver.dir/home/jpaixao/Documents/LoRa-project/pico-sdk/src/rp2_common/pico_double/double_v1_rom_shim_rp2040.S.o
                0x10004958                double_table_shim_on_use_helper
 .text.__wrap___aeabi_dsub
                0x10004984       0x10 CMakeFiles/receiver.dir/home/jpaixao/Documents/LoRa-project/pico-sdk/src/rp2_common/pico_double/double_v1_rom_shim_rp2040.S.o
                0x10004984                drsub_shim
                0x1000498a                dsub_shim
 .text.dadd_shim
                0x10004994      0x15c CMakeFiles/receiver.dir/home/jpaixao/Documents/LoRa-project/pico-sdk/src/rp2_common/pico_double/double_v1_rom_shim_rp2040.S.o
                0x10004994                dadd_shim
 .text.dmul_shim
                0x10004af0      0x15c CMakeFiles/receiver.dir/home/jpaixao/Documents/LoRa-project/pico-sdk/src/rp2_common/pico_double/double_v1_rom_shim_rp2040.S.o
                0x10004af0                dmul_shim
 .text.ddiv_shim
                0x10004c4c      0x1b0 CMakeFiles/receiver.dir/home/jpaixao/Documents/LoRa-project/pico-sdk/src/rp2_common/pico_double/double_v1_rom_shim_rp2040.S.o
                0x10004c4c                ddiv_shim
 .text.double2uint_shim
                0x10004dfc        0xe CMakeFiles/receiver.dir/home/jpaixao/Documents/LoRa-project/pico-sdk/src/rp2_common/pico_double/double_v1_rom_shim_rp2040.S.o
                0x10004dfc                double2uint_shim
                0x10004dfe                double2ufix_shim
 *fill*         0x10004e0a        0x2 
 .text.double2uint64_shim
                0x10004e0c       0x70 CMakeFiles/receiver.dir/home/jpaixao/Documents/LoRa-project/pico-sdk/src/rp2_common/pico_double/double_v1_rom_shim_rp2040.S.o
                0x10004e0c                double2uint64_shim
                0x10004e0e                double2ufix64_shim
                0x10004e2e                d2fix_a
 .text.dunpacks
                0x10004e7c       0x3c CMakeFiles/receiver.dir/home/jpaixao/Documents/LoRa-project/pico-sdk/src/rp2_common/pico_double/double_v1_rom_shim_rp2040.S.o
                0x10004e7c                dunpacks
 .text.__aeabi_lmul
                0x10004eb8       0x32 CMakeFiles/receiver.dir/home/jpaixao/Documents/LoRa-project/pico-sdk/src/rp2_common/pico_int64_ops/pico_int64_ops_aeabi.S.o
                0x10004eb8                __wrap___aeabi_lmul
 *fill*         0x10004eea        0x2 
 .text.__aeabi_float_init
                0x10004eec       0x64 CMakeFiles/receiver.dir/home/jpaixao/Documents/LoRa-project/pico-sdk/src/rp2_common/pico_float/float_init_rom_rp2040.c.o
                0x10004eec                __aeabi_float_init
 .text.float_table_shim_on_use_helper
                0x10004f50       0x2c CMakeFiles/receiver.dir/home/jpaixao/Documents/LoRa-project/pico-sdk/src/rp2_common/pico_float/float_v1_rom_shim_rp2040.S.o
                0x10004f50                float_table_shim_on_use_helper
 .text.__wrap_malloc
                0x10004f7c       0x24 CMakeFiles/receiver.dir/home/jpaixao/Documents/LoRa-project/pico-sdk/src/rp2_common/pico_malloc/malloc.c.o
                0x10004f7c                __wrap_malloc
 .text.__wrap_calloc
                0x10004fa0       0x28 CMakeFiles/receiver.dir/home/jpaixao/Documents/LoRa-project/pico-sdk/src/rp2_common/pico_malloc/malloc.c.o
                0x10004fa0                __wrap_calloc
 .text          0x10004fc8       0x10 CMakeFiles/receiver.dir/home/jpaixao/Documents/LoRa-project/pico-sdk/src/rp2_common/pico_mem_ops/mem_ops_aeabi.S.o
                0x10004fc8                __aeabi_mem_init
 .text.memset   0x10004fd8        0xc CMakeFiles/receiver.dir/home/jpaixao/Documents/LoRa-project/pico-sdk/src/rp2_common/pico_mem_ops/mem_ops_aeabi.S.o
                0x10004fd8                __wrap_memset
 .text.memcpy   0x10004fe4        0xc CMakeFiles/receiver.dir/home/jpaixao/Documents/LoRa-project/pico-sdk/src/rp2_common/pico_mem_ops/mem_ops_aeabi.S.o
                0x10004fe4                __wrap___aeabi_memcpy
                0x10004fe4                __wrap_memcpy
 .text._out_null
                0x10004ff0        0x4 CMakeFiles/receiver.dir/home/jpaixao/Documents/LoRa-project/pico-sdk/src/rp2_common/pico_printf/printf.c.o
 .text._out_rev
                0x10004ff4       0xac CMakeFiles/receiver.dir/home/jpaixao/Documents/LoRa-project/pico-sdk/src/rp2_common/pico_printf/printf.c.o
 .text._ntoa_format
                0x100050a0      0x250 CMakeFiles/receiver.dir/home/jpaixao/Documents/LoRa-project/pico-sdk/src/rp2_common/pico_printf/printf.c.o
 .text._out_char
                0x100052f0       0x10 CMakeFiles/receiver.dir/home/jpaixao/Documents/LoRa-project/pico-sdk/src/rp2_common/pico_printf/printf.c.o
 .text._out_fct
                0x10005300       0x10 CMakeFiles/receiver.dir/home/jpaixao/Documents/LoRa-project/pico-sdk/src/rp2_common/pico_printf/printf.c.o
 .text._etoa    0x10005310      0x464 CMakeFiles/receiver.dir/home/jpaixao/Documents/LoRa-project/pico-sdk/src/rp2_common/pico_printf/printf.c.o
 .text._ftoa    0x10005774      0x3c0 CMakeFiles/receiver.dir/home/jpaixao/Documents/LoRa-project/pico-sdk/src/rp2_common/pico_printf/printf.c.o
 .text._vsnprintf
                0x10005b34      0xbc8 CMakeFiles/receiver.dir/home/jpaixao/Documents/LoRa-project/pico-sdk/src/rp2_common/pico_printf/printf.c.o
 .text.vfctprintf
                0x100066fc       0x20 CMakeFiles/receiver.dir/home/jpaixao/Documents/LoRa-project/pico-sdk/src/rp2_common/pico_printf/printf.c.o
                0x100066fc                vfctprintf
 .text.weak_raw_vprintf
                0x1000671c       0x30 CMakeFiles/receiver.dir/home/jpaixao/Documents/LoRa-project/pico-sdk/src/rp2_common/pico_printf/printf.c.o
                0x1000671c                weak_raw_vprintf
 .text._exit    0x1000674c        0x4 CMakeFiles/receiver.dir/home/jpaixao/Documents/LoRa-project/pico-sdk/src/rp2_common/pico_clib_interface/newlib_interface.c.o
                0x1000674c                _exit
 .text._sbrk    0x10006750       0x34 CMakeFiles/receiver.dir/home/jpaixao/Documents/LoRa-project/pico-sdk/src/rp2_common/pico_clib_interface/newlib_interface.c.o
                0x10006750                _sbrk
 .text.exit     0x10006784        0x8 CMakeFiles/receiver.dir/home/jpaixao/Documents/LoRa-project/pico-sdk/src/rp2_common/pico_clib_interface/newlib_interface.c.o
                0x10006784                exit
 .text.runtime_init
                0x1000678c       0x2c CMakeFiles/receiver.dir/home/jpaixao/Documents/LoRa-project/pico-sdk/src/rp2_common/pico_clib_interface/newlib_interface.c.o
                0x1000678c                runtime_init
 .text.stdio_out_chars_no_crlf
                0x100067b8       0x10 CMakeFiles/receiver.dir/home/jpaixao/Documents/LoRa-project/pico-sdk/src/rp2_common/pico_stdio/stdio.c.o
 .text.stdio_out_chars_crlf
                0x100067c8       0x94 CMakeFiles/receiver.dir/home/jpaixao/Documents/LoRa-project/pico-sdk/src/rp2_common/pico_stdio/stdio.c.o
 .text.stdio_buffered_printer
                0x1000685c       0x64 CMakeFiles/receiver.dir/home/jpaixao/Documents/LoRa-project/pico-sdk/src/rp2_common/pico_stdio/stdio.c.o
 .text.stdio_put_string
                0x100068c0      0x100 CMakeFiles/receiver.dir/home/jpaixao/Documents/LoRa-project/pico-sdk/src/rp2_common/pico_stdio/stdio.c.o
                0x100068c0                stdio_put_string
 .text.stdio_set_driver_enabled
                0x100069c0       0x30 CMakeFiles/receiver.dir/home/jpaixao/Documents/LoRa-project/pico-sdk/src/rp2_common/pico_stdio/stdio.c.o
                0x100069c0                stdio_set_driver_enabled
 .text.stdio_init_all
                0x100069f0        0x8 CMakeFiles/receiver.dir/home/jpaixao/Documents/LoRa-project/pico-sdk/src/rp2_common/pico_stdio/stdio.c.o
                0x100069f0                stdio_init_all
 .text.__wrap_putchar
                0x100069f8       0x98 CMakeFiles/receiver.dir/home/jpaixao/Documents/LoRa-project/pico-sdk/src/rp2_common/pico_stdio/stdio.c.o
                0x100069f8                stdio_putchar
                0x100069f8                __wrap_putchar
 .text.__wrap_puts
                0x10006a90       0x3c CMakeFiles/receiver.dir/home/jpaixao/Documents/LoRa-project/pico-sdk/src/rp2_common/pico_stdio/stdio.c.o
                0x10006a90                __wrap_puts
                0x10006a90                stdio_puts
 .text.__wrap_vprintf
                0x10006acc       0xd4 CMakeFiles/receiver.dir/home/jpaixao/Documents/LoRa-project/pico-sdk/src/rp2_common/pico_stdio/stdio.c.o
                0x10006acc                __wrap_vprintf
                0x10006acc                stdio_vprintf
 .text.__wrap_printf
                0x10006ba0       0x18 CMakeFiles/receiver.dir/home/jpaixao/Documents/LoRa-project/pico-sdk/src/rp2_common/pico_stdio/stdio.c.o
                0x10006ba0                stdio_printf
                0x10006ba0                __wrap_printf
 .text.resetd_init
                0x10006bb8        0x4 CMakeFiles/receiver.dir/home/jpaixao/Documents/LoRa-project/pico-sdk/src/rp2_common/pico_stdio_usb/reset_interface.c.o
 .text.resetd_reset
                0x10006bbc        0xc CMakeFiles/receiver.dir/home/jpaixao/Documents/LoRa-project/pico-sdk/src/rp2_common/pico_stdio_usb/reset_interface.c.o
 .text.resetd_open
                0x10006bc8       0x28 CMakeFiles/receiver.dir/home/jpaixao/Documents/LoRa-project/pico-sdk/src/rp2_common/pico_stdio_usb/reset_interface.c.o
 .text.resetd_xfer_cb
                0x10006bf0        0x4 CMakeFiles/receiver.dir/home/jpaixao/Documents/LoRa-project/pico-sdk/src/rp2_common/pico_stdio_usb/reset_interface.c.o
 .text.resetd_control_xfer_cb
                0x10006bf4       0x5c CMakeFiles/receiver.dir/home/jpaixao/Documents/LoRa-project/pico-sdk/src/rp2_common/pico_stdio_usb/reset_interface.c.o
 .text.tud_descriptor_bos_cb
                0x10006c50        0x8 CMakeFiles/receiver.dir/home/jpaixao/Documents/LoRa-project/pico-sdk/src/rp2_common/pico_stdio_usb/reset_interface.c.o
                0x10006c50                tud_descriptor_bos_cb
 .text.tud_vendor_control_xfer_cb
                0x10006c58       0x34 CMakeFiles/receiver.dir/home/jpaixao/Documents/LoRa-project/pico-sdk/src/rp2_common/pico_stdio_usb/reset_interface.c.o
                0x10006c58                tud_vendor_control_xfer_cb
 .text.usbd_app_driver_get_cb
                0x10006c8c        0xc CMakeFiles/receiver.dir/home/jpaixao/Documents/LoRa-project/pico-sdk/src/rp2_common/pico_stdio_usb/reset_interface.c.o
                0x10006c8c                usbd_app_driver_get_cb
 .text.tud_cdc_line_coding_cb
                0x10006c98       0x2c CMakeFiles/receiver.dir/home/jpaixao/Documents/LoRa-project/pico-sdk/src/rp2_common/pico_stdio_usb/reset_interface.c.o
                0x10006c98                tud_cdc_line_coding_cb
 .text.stdio_usb_set_chars_available_callback
                0x10006cc4       0x14 CMakeFiles/receiver.dir/home/jpaixao/Documents/LoRa-project/pico-sdk/src/rp2_common/pico_stdio_usb/stdio_usb.c.o
                0x10006cc4                stdio_usb_set_chars_available_callback
 .text.usb_irq  0x10006cd8       0x10 CMakeFiles/receiver.dir/home/jpaixao/Documents/LoRa-project/pico-sdk/src/rp2_common/pico_stdio_usb/stdio_usb.c.o
 .text.timer_task
                0x10006ce8       0x64 CMakeFiles/receiver.dir/home/jpaixao/Documents/LoRa-project/pico-sdk/src/rp2_common/pico_stdio_usb/stdio_usb.c.o
 .text.stdio_usb_in_chars
                0x10006d4c       0x90 CMakeFiles/receiver.dir/home/jpaixao/Documents/LoRa-project/pico-sdk/src/rp2_common/pico_stdio_usb/stdio_usb.c.o
                0x10006d4c                stdio_usb_in_chars
 .text.stdio_usb_out_flush
                0x10006ddc       0x50 CMakeFiles/receiver.dir/home/jpaixao/Documents/LoRa-project/pico-sdk/src/rp2_common/pico_stdio_usb/stdio_usb.c.o
 .text.stdio_usb_out_chars
                0x10006e2c      0x104 CMakeFiles/receiver.dir/home/jpaixao/Documents/LoRa-project/pico-sdk/src/rp2_common/pico_stdio_usb/stdio_usb.c.o
 .text.low_priority_worker_irq
                0x10006f30       0xcc CMakeFiles/receiver.dir/home/jpaixao/Documents/LoRa-project/pico-sdk/src/rp2_common/pico_stdio_usb/stdio_usb.c.o
 .text.stdio_usb_init
                0x10006ffc       0xec CMakeFiles/receiver.dir/home/jpaixao/Documents/LoRa-project/pico-sdk/src/rp2_common/pico_stdio_usb/stdio_usb.c.o
                0x10006ffc                stdio_usb_init
 .text.tud_descriptor_device_cb
                0x100070e8        0x8 CMakeFiles/receiver.dir/home/jpaixao/Documents/LoRa-project/pico-sdk/src/rp2_common/pico_stdio_usb/stdio_usb_descriptors.c.o
                0x100070e8                tud_descriptor_device_cb
 .text.tud_descriptor_configuration_cb
                0x100070f0        0x8 CMakeFiles/receiver.dir/home/jpaixao/Documents/LoRa-project/pico-sdk/src/rp2_common/pico_stdio_usb/stdio_usb_descriptors.c.o
                0x100070f0                tud_descriptor_configuration_cb
 .text.tud_descriptor_string_cb
                0x100070f8       0x78 CMakeFiles/receiver.dir/home/jpaixao/Documents/LoRa-project/pico-sdk/src/rp2_common/pico_stdio_usb/stdio_usb_descriptors.c.o
                0x100070f8                tud_descriptor_string_cb
 .text.startup._retrieve_unique_id_on_boot
                0x10007170       0x10 CMakeFiles/receiver.dir/home/jpaixao/Documents/LoRa-project/pico-sdk/src/rp2_common/pico_unique_id/unique_id.c.o
 .text.pico_get_unique_board_id_string
                0x10007180      0x1a8 CMakeFiles/receiver.dir/home/jpaixao/Documents/LoRa-project/pico-sdk/src/rp2_common/pico_unique_id/unique_id.c.o
                0x10007180                pico_get_unique_board_id_string
 .text.flash_get_unique_id
                0x10007328       0x3c CMakeFiles/receiver.dir/home/jpaixao/Documents/LoRa-project/pico-sdk/src/rp2_common/hardware_flash/flash.c.o
                0x10007328                flash_get_unique_id
 .text.dcd_init
                0x10007364       0x90 CMakeFiles/receiver.dir/home/jpaixao/Documents/LoRa-project/pico-sdk/lib/tinyusb/src/portable/raspberrypi/rp2040/dcd_rp2040.c.o
                0x10007364                dcd_init
 .text.dcd_int_enable
                0x100073f4        0xc CMakeFiles/receiver.dir/home/jpaixao/Documents/LoRa-project/pico-sdk/lib/tinyusb/src/portable/raspberrypi/rp2040/dcd_rp2040.c.o
                0x100073f4                dcd_int_enable
 .text.dcd_set_address
                0x10007400       0x14 CMakeFiles/receiver.dir/home/jpaixao/Documents/LoRa-project/pico-sdk/lib/tinyusb/src/portable/raspberrypi/rp2040/dcd_rp2040.c.o
                0x10007400                dcd_set_address
 .text.dcd_sof_enable
                0x10007414       0x1c CMakeFiles/receiver.dir/home/jpaixao/Documents/LoRa-project/pico-sdk/lib/tinyusb/src/portable/raspberrypi/rp2040/dcd_rp2040.c.o
                0x10007414                dcd_sof_enable
 .text.dcd_edpt0_status_complete
                0x10007430       0x1c CMakeFiles/receiver.dir/home/jpaixao/Documents/LoRa-project/pico-sdk/lib/tinyusb/src/portable/raspberrypi/rp2040/dcd_rp2040.c.o
                0x10007430                dcd_edpt0_status_complete
 .text.dcd_edpt_open
                0x1000744c      0x114 CMakeFiles/receiver.dir/home/jpaixao/Documents/LoRa-project/pico-sdk/lib/tinyusb/src/portable/raspberrypi/rp2040/dcd_rp2040.c.o
                0x1000744c                dcd_edpt_open
 .text.dcd_edpt_close_all
                0x10007560        0x8 CMakeFiles/receiver.dir/home/jpaixao/Documents/LoRa-project/pico-sdk/lib/tinyusb/src/portable/raspberrypi/rp2040/dcd_rp2040.c.o
                0x10007560                dcd_edpt_close_all
 .text.dcd_edpt_xfer
                0x10007568       0x24 CMakeFiles/receiver.dir/home/jpaixao/Documents/LoRa-project/pico-sdk/lib/tinyusb/src/portable/raspberrypi/rp2040/dcd_rp2040.c.o
                0x10007568                dcd_edpt_xfer
 .text.dcd_edpt_stall
                0x1000758c       0x34 CMakeFiles/receiver.dir/home/jpaixao/Documents/LoRa-project/pico-sdk/lib/tinyusb/src/portable/raspberrypi/rp2040/dcd_rp2040.c.o
                0x1000758c                dcd_edpt_stall
 .text.dcd_edpt_clear_stall
                0x100075c0       0x30 CMakeFiles/receiver.dir/home/jpaixao/Documents/LoRa-project/pico-sdk/lib/tinyusb/src/portable/raspberrypi/rp2040/dcd_rp2040.c.o
                0x100075c0                dcd_edpt_clear_stall
 .text.rp2040_usb_init
                0x100075f0       0x40 CMakeFiles/receiver.dir/home/jpaixao/Documents/LoRa-project/pico-sdk/lib/tinyusb/src/portable/raspberrypi/rp2040/rp2040_usb.c.o
                0x100075f0                rp2040_usb_init
 .text.hw_endpoint_xfer_start
                0x10007630       0x40 CMakeFiles/receiver.dir/home/jpaixao/Documents/LoRa-project/pico-sdk/lib/tinyusb/src/portable/raspberrypi/rp2040/rp2040_usb.c.o
                0x10007630                hw_endpoint_xfer_start
 .text.tud_event_hook_cb
                0x10007670        0x4 CMakeFiles/receiver.dir/home/jpaixao/Documents/LoRa-project/pico-sdk/lib/tinyusb/src/device/usbd.c.o
                0x10007670                tud_event_hook_cb
 .text.tud_sof_cb
                0x10007674        0x4 CMakeFiles/receiver.dir/home/jpaixao/Documents/LoRa-project/pico-sdk/lib/tinyusb/src/device/usbd.c.o
                0x10007674                tud_sof_cb
 .text.tud_descriptor_device_qualifier_cb
                0x10007678        0x4 CMakeFiles/receiver.dir/home/jpaixao/Documents/LoRa-project/pico-sdk/lib/tinyusb/src/device/usbd.c.o
                0x10007678                tud_descriptor_device_qualifier_cb
 .text.tud_descriptor_other_speed_configuration_cb
                0x1000767c        0x4 CMakeFiles/receiver.dir/home/jpaixao/Documents/LoRa-project/pico-sdk/lib/tinyusb/src/device/usbd.c.o
                0x1000767c                tud_descriptor_other_speed_configuration_cb
 .text.tud_mount_cb
                0x10007680        0x4 CMakeFiles/receiver.dir/home/jpaixao/Documents/LoRa-project/pico-sdk/lib/tinyusb/src/device/usbd.c.o
                0x10007680                tud_mount_cb
 .text.tud_umount_cb
                0x10007684        0x4 CMakeFiles/receiver.dir/home/jpaixao/Documents/LoRa-project/pico-sdk/lib/tinyusb/src/device/usbd.c.o
                0x10007684                tud_umount_cb
 .text.tud_suspend_cb
                0x10007688        0x4 CMakeFiles/receiver.dir/home/jpaixao/Documents/LoRa-project/pico-sdk/lib/tinyusb/src/device/usbd.c.o
                0x10007688                tud_suspend_cb
 .text.tud_resume_cb
                0x1000768c        0x4 CMakeFiles/receiver.dir/home/jpaixao/Documents/LoRa-project/pico-sdk/lib/tinyusb/src/device/usbd.c.o
                0x1000768c                tud_resume_cb
 .text.tud_mounted
                0x10007690       0x10 CMakeFiles/receiver.dir/home/jpaixao/Documents/LoRa-project/pico-sdk/lib/tinyusb/src/device/usbd.c.o
                0x10007690                tud_mounted
 .text.tud_suspended
                0x100076a0       0x10 CMakeFiles/receiver.dir/home/jpaixao/Documents/LoRa-project/pico-sdk/lib/tinyusb/src/device/usbd.c.o
                0x100076a0                tud_suspended
 .text.tud_rhport_init
                0x100076b0       0xfc CMakeFiles/receiver.dir/home/jpaixao/Documents/LoRa-project/pico-sdk/lib/tinyusb/src/device/usbd.c.o
                0x100076b0                tud_rhport_init
 .text.tud_task_ext
                0x100077ac      0x800 CMakeFiles/receiver.dir/home/jpaixao/Documents/LoRa-project/pico-sdk/lib/tinyusb/src/device/usbd.c.o
                0x100077ac                tud_task_ext
 .text.usbd_open_edpt_pair
                0x10007fac       0x9c CMakeFiles/receiver.dir/home/jpaixao/Documents/LoRa-project/pico-sdk/lib/tinyusb/src/device/usbd.c.o
                0x10007fac                usbd_open_edpt_pair
 .text.usbd_edpt_open
                0x10008048       0x34 CMakeFiles/receiver.dir/home/jpaixao/Documents/LoRa-project/pico-sdk/lib/tinyusb/src/device/usbd.c.o
                0x10008048                usbd_edpt_open
 .text.usbd_edpt_claim
                0x1000807c       0x28 CMakeFiles/receiver.dir/home/jpaixao/Documents/LoRa-project/pico-sdk/lib/tinyusb/src/device/usbd.c.o
                0x1000807c                usbd_edpt_claim
 .text.usbd_edpt_release
                0x100080a4       0x28 CMakeFiles/receiver.dir/home/jpaixao/Documents/LoRa-project/pico-sdk/lib/tinyusb/src/device/usbd.c.o
                0x100080a4                usbd_edpt_release
 .text.usbd_edpt_xfer
                0x100080cc       0x4c CMakeFiles/receiver.dir/home/jpaixao/Documents/LoRa-project/pico-sdk/lib/tinyusb/src/device/usbd.c.o
                0x100080cc                usbd_edpt_xfer
 .text.tud_control_status
                0x10008118       0x2c CMakeFiles/receiver.dir/home/jpaixao/Documents/LoRa-project/pico-sdk/lib/tinyusb/src/device/usbd_control.c.o
                0x10008118                tud_control_status
 .text.tud_control_xfer
                0x10008144       0xac CMakeFiles/receiver.dir/home/jpaixao/Documents/LoRa-project/pico-sdk/lib/tinyusb/src/device/usbd_control.c.o
                0x10008144                tud_control_xfer
 .text.usbd_control_reset
                0x100081f0       0x14 CMakeFiles/receiver.dir/home/jpaixao/Documents/LoRa-project/pico-sdk/lib/tinyusb/src/device/usbd_control.c.o
                0x100081f0                usbd_control_reset
 .text.usbd_control_set_complete_callback
                0x10008204        0xc CMakeFiles/receiver.dir/home/jpaixao/Documents/LoRa-project/pico-sdk/lib/tinyusb/src/device/usbd_control.c.o
                0x10008204                usbd_control_set_complete_callback
 .text.usbd_control_set_request
                0x10008210       0x1c CMakeFiles/receiver.dir/home/jpaixao/Documents/LoRa-project/pico-sdk/lib/tinyusb/src/device/usbd_control.c.o
                0x10008210                usbd_control_set_request
 .text.usbd_control_xfer_cb
                0x1000822c       0xec CMakeFiles/receiver.dir/home/jpaixao/Documents/LoRa-project/pico-sdk/lib/tinyusb/src/device/usbd_control.c.o
                0x1000822c                usbd_control_xfer_cb
 .text._prep_out_transaction.isra.0
                0x10008318       0x6c CMakeFiles/receiver.dir/home/jpaixao/Documents/LoRa-project/pico-sdk/lib/tinyusb/src/class/cdc/cdc_device.c.o
 .text.tud_cdc_n_connected
                0x10008384       0x2c CMakeFiles/receiver.dir/home/jpaixao/Documents/LoRa-project/pico-sdk/lib/tinyusb/src/class/cdc/cdc_device.c.o
                0x10008384                tud_cdc_n_connected
 .text.tud_cdc_n_available
                0x100083b0       0x14 CMakeFiles/receiver.dir/home/jpaixao/Documents/LoRa-project/pico-sdk/lib/tinyusb/src/class/cdc/cdc_device.c.o
                0x100083b0                tud_cdc_n_available
 .text.tud_cdc_n_read
                0x100083c4       0x94 CMakeFiles/receiver.dir/home/jpaixao/Documents/LoRa-project/pico-sdk/lib/tinyusb/src/class/cdc/cdc_device.c.o
                0x100083c4                tud_cdc_n_read
 .text.tud_cdc_n_write_flush
                0x10008458       0x74 CMakeFiles/receiver.dir/home/jpaixao/Documents/LoRa-project/pico-sdk/lib/tinyusb/src/class/cdc/cdc_device.c.o
                0x10008458                tud_cdc_n_write_flush
 .text.tud_cdc_n_write
                0x100084cc       0x40 CMakeFiles/receiver.dir/home/jpaixao/Documents/LoRa-project/pico-sdk/lib/tinyusb/src/class/cdc/cdc_device.c.o
                0x100084cc                tud_cdc_n_write
 .text.tud_cdc_n_write_available
                0x1000850c       0x14 CMakeFiles/receiver.dir/home/jpaixao/Documents/LoRa-project/pico-sdk/lib/tinyusb/src/class/cdc/cdc_device.c.o
                0x1000850c                tud_cdc_n_write_available
 .text.cdcd_init
                0x10008520       0x70 CMakeFiles/receiver.dir/home/jpaixao/Documents/LoRa-project/pico-sdk/lib/tinyusb/src/class/cdc/cdc_device.c.o
                0x10008520                cdcd_init
 .text.cdcd_deinit
                0x10008590       0x34 CMakeFiles/receiver.dir/home/jpaixao/Documents/LoRa-project/pico-sdk/lib/tinyusb/src/class/cdc/cdc_device.c.o
                0x10008590                cdcd_deinit
 .text.cdcd_reset
                0x100085c4       0x4c CMakeFiles/receiver.dir/home/jpaixao/Documents/LoRa-project/pico-sdk/lib/tinyusb/src/class/cdc/cdc_device.c.o
                0x100085c4                cdcd_reset
 .text.cdcd_open
                0x10008610       0xa8 CMakeFiles/receiver.dir/home/jpaixao/Documents/LoRa-project/pico-sdk/lib/tinyusb/src/class/cdc/cdc_device.c.o
                0x10008610                cdcd_open
 .text.cdcd_control_xfer_cb
                0x100086b8       0xe8 CMakeFiles/receiver.dir/home/jpaixao/Documents/LoRa-project/pico-sdk/lib/tinyusb/src/class/cdc/cdc_device.c.o
                0x100086b8                cdcd_control_xfer_cb
 .text.cdcd_xfer_cb
                0x100087a0      0x100 CMakeFiles/receiver.dir/home/jpaixao/Documents/LoRa-project/pico-sdk/lib/tinyusb/src/class/cdc/cdc_device.c.o
                0x100087a0                cdcd_xfer_cb
 .text.vendord_init
                0x100088a0       0x5c CMakeFiles/receiver.dir/home/jpaixao/Documents/LoRa-project/pico-sdk/lib/tinyusb/src/class/vendor/vendor_device.c.o
                0x100088a0                vendord_init
 .text.vendord_deinit
                0x100088fc       0x1c CMakeFiles/receiver.dir/home/jpaixao/Documents/LoRa-project/pico-sdk/lib/tinyusb/src/class/vendor/vendor_device.c.o
                0x100088fc                vendord_deinit
 .text.vendord_reset
                0x10008918       0x28 CMakeFiles/receiver.dir/home/jpaixao/Documents/LoRa-project/pico-sdk/lib/tinyusb/src/class/vendor/vendor_device.c.o
                0x10008918                vendord_reset
 .text.vendord_open
                0x10008940      0x128 CMakeFiles/receiver.dir/home/jpaixao/Documents/LoRa-project/pico-sdk/lib/tinyusb/src/class/vendor/vendor_device.c.o
                0x10008940                vendord_open
 .text.vendord_xfer_cb
                0x10008a68       0x9c CMakeFiles/receiver.dir/home/jpaixao/Documents/LoRa-project/pico-sdk/lib/tinyusb/src/class/vendor/vendor_device.c.o
                0x10008a68                vendord_xfer_cb
 .text.tusb_rhport_init
                0x10008b04       0x48 CMakeFiles/receiver.dir/home/jpaixao/Documents/LoRa-project/pico-sdk/lib/tinyusb/src/tusb.c.o
                0x10008b04                tusb_rhport_init
 .text.tu_edpt_claim
                0x10008b4c       0x50 CMakeFiles/receiver.dir/home/jpaixao/Documents/LoRa-project/pico-sdk/lib/tinyusb/src/tusb.c.o
                0x10008b4c                tu_edpt_claim
 .text.tu_edpt_release
                0x10008b9c       0x38 CMakeFiles/receiver.dir/home/jpaixao/Documents/LoRa-project/pico-sdk/lib/tinyusb/src/tusb.c.o
                0x10008b9c                tu_edpt_release
 .text.tu_edpt_validate
                0x10008bd4       0x7c CMakeFiles/receiver.dir/home/jpaixao/Documents/LoRa-project/pico-sdk/lib/tinyusb/src/tusb.c.o
                0x10008bd4                tu_edpt_validate
 .text.tu_edpt_bind_driver
                0x10008c50       0x34 CMakeFiles/receiver.dir/home/jpaixao/Documents/LoRa-project/pico-sdk/lib/tinyusb/src/tusb.c.o
                0x10008c50                tu_edpt_bind_driver
 .text.tu_edpt_stream_init
                0x10008c84       0x6c CMakeFiles/receiver.dir/home/jpaixao/Documents/LoRa-project/pico-sdk/lib/tinyusb/src/tusb.c.o
                0x10008c84                tu_edpt_stream_init
 .text.tu_edpt_stream_deinit
                0x10008cf0        0x4 CMakeFiles/receiver.dir/home/jpaixao/Documents/LoRa-project/pico-sdk/lib/tinyusb/src/tusb.c.o
                0x10008cf0                tu_edpt_stream_deinit
 .text.tu_edpt_stream_write_zlp_if_needed
                0x10008cf4       0x68 CMakeFiles/receiver.dir/home/jpaixao/Documents/LoRa-project/pico-sdk/lib/tinyusb/src/tusb.c.o
                0x10008cf4                tu_edpt_stream_write_zlp_if_needed
 .text.tu_edpt_stream_write_xfer
                0x10008d5c       0x64 CMakeFiles/receiver.dir/home/jpaixao/Documents/LoRa-project/pico-sdk/lib/tinyusb/src/tusb.c.o
                0x10008d5c                tu_edpt_stream_write_xfer
 .text.tu_edpt_stream_read_xfer
                0x10008dc0       0xdc CMakeFiles/receiver.dir/home/jpaixao/Documents/LoRa-project/pico-sdk/lib/tinyusb/src/tusb.c.o
                0x10008dc0                tu_edpt_stream_read_xfer
 .text.tu_fifo_config
                0x10008e9c       0x6c CMakeFiles/receiver.dir/home/jpaixao/Documents/LoRa-project/pico-sdk/lib/tinyusb/src/common/tusb_fifo.c.o
                0x10008e9c                tu_fifo_config
 .text.tu_fifo_count
                0x10008f08       0x2c CMakeFiles/receiver.dir/home/jpaixao/Documents/LoRa-project/pico-sdk/lib/tinyusb/src/common/tusb_fifo.c.o
                0x10008f08                tu_fifo_count
 .text.tu_fifo_empty
                0x10008f34       0x10 CMakeFiles/receiver.dir/home/jpaixao/Documents/LoRa-project/pico-sdk/lib/tinyusb/src/common/tusb_fifo.c.o
                0x10008f34                tu_fifo_empty
 .text.tu_fifo_remaining
                0x10008f44       0x2c CMakeFiles/receiver.dir/home/jpaixao/Documents/LoRa-project/pico-sdk/lib/tinyusb/src/common/tusb_fifo.c.o
                0x10008f44                tu_fifo_remaining
 .text.tu_fifo_read
                0x10008f70       0x9c CMakeFiles/receiver.dir/home/jpaixao/Documents/LoRa-project/pico-sdk/lib/tinyusb/src/common/tusb_fifo.c.o
                0x10008f70                tu_fifo_read
 .text.tu_fifo_read_n
                0x1000900c       0xe8 CMakeFiles/receiver.dir/home/jpaixao/Documents/LoRa-project/pico-sdk/lib/tinyusb/src/common/tusb_fifo.c.o
                0x1000900c                tu_fifo_read_n
 .text.tu_fifo_write
                0x100090f4       0xa8 CMakeFiles/receiver.dir/home/jpaixao/Documents/LoRa-project/pico-sdk/lib/tinyusb/src/common/tusb_fifo.c.o
                0x100090f4                tu_fifo_write
 .text.tu_fifo_write_n
                0x1000919c      0x178 CMakeFiles/receiver.dir/home/jpaixao/Documents/LoRa-project/pico-sdk/lib/tinyusb/src/common/tusb_fifo.c.o
                0x1000919c                tu_fifo_write_n
 .text.tu_fifo_clear
                0x10009314       0x40 CMakeFiles/receiver.dir/home/jpaixao/Documents/LoRa-project/pico-sdk/lib/tinyusb/src/common/tusb_fifo.c.o
                0x10009314                tu_fifo_clear
 .text.tu_fifo_set_overwritable
                0x10009354       0x48 CMakeFiles/receiver.dir/home/jpaixao/Documents/LoRa-project/pico-sdk/lib/tinyusb/src/common/tusb_fifo.c.o
                0x10009354                tu_fifo_set_overwritable
 .text.spi_init
                0x1000939c      0x13c CMakeFiles/receiver.dir/home/jpaixao/Documents/LoRa-project/pico-sdk/src/rp2_common/hardware_spi/spi.c.o
                0x1000939c                spi_init
 .text          0x100094d8       0x18 /usr/lib/gcc/arm-none-eabi/13.2.1/../../../arm-none-eabi/lib/thumb/v6-m/nofp/libg.a(libc_a-calloc.o)
                0x100094d8                calloc
 .text          0x100094f0       0xa8 /usr/lib/gcc/arm-none-eabi/13.2.1/../../../arm-none-eabi/lib/thumb/v6-m/nofp/libg.a(libc_a-callocr.o)
                0x100094f0                _calloc_r
 .text          0x10009598      0x5b4 /usr/lib/gcc/arm-none-eabi/13.2.1/../../../arm-none-eabi/lib/thumb/v6-m/nofp/libg.a(libc_a-mallocr.o)
                0x10009598                _malloc_r
 .text          0x10009b4c      0x288 /usr/lib/gcc/arm-none-eabi/13.2.1/../../../arm-none-eabi/lib/thumb/v6-m/nofp/libg.a(libc_a-freer.o)
                0x10009b4c                _malloc_trim_r
                0x10009c00                _free_r
 .text          0x10009dd4       0x28 /usr/lib/gcc/arm-none-eabi/13.2.1/../../../arm-none-eabi/lib/thumb/v6-m/nofp/libg.a(libc_a-malloc.o)
                0x10009dd4                malloc
                0x10009de8                free
 .text          0x10009dfc       0x1c /usr/lib/gcc/arm-none-eabi/13.2.1/../../../arm-none-eabi/lib/thumb/v6-m/nofp/libg.a(libc_a-sysconf.o)
                0x10009dfc                sysconf
 .text          0x10009e18        0x8 /usr/lib/gcc/arm-none-eabi/13.2.1/../../../arm-none-eabi/lib/thumb/v6-m/nofp/libg.a(libc_a-mlock.o)
                0x10009e18                __malloc_lock
                0x10009e1c                __malloc_unlock
 .text          0x10009e20       0x10 /usr/lib/gcc/arm-none-eabi/13.2.1/../../../arm-none-eabi/lib/thumb/v6-m/nofp/libg.a(libc_a-atexit.o)
                0x10009e20                atexit
 .text          0x10009e30       0x5c /usr/lib/gcc/arm-none-eabi/13.2.1/../../../arm-none-eabi/lib/thumb/v6-m/nofp/libg.a(libc_a-strlen-stub.o)
                0x10009e30                strlen
 .text          0x10009e8c       0x24 /usr/lib/gcc/arm-none-eabi/13.2.1/../../../arm-none-eabi/lib/thumb/v6-m/nofp/libg.a(libc_a-sbrkr.o)
                0x10009e8c                _sbrk_r
 .text          0x10009eb0       0x28 /usr/lib/gcc/arm-none-eabi/13.2.1/../../../arm-none-eabi/lib/thumb/v6-m/nofp/libg.a(libc_a-fini.o)
                0x10009eb0                __libc_fini_array
 .text          0x10009ed8        0xc /usr/lib/gcc/arm-none-eabi/13.2.1/../../../arm-none-eabi/lib/thumb/v6-m/nofp/libg.a(libc_a-errno.o)
                0x10009ed8                __errno
 .text          0x10009ee4       0x78 /usr/lib/gcc/arm-none-eabi/13.2.1/../../../arm-none-eabi/lib/thumb/v6-m/nofp/libg.a(libc_a-__atexit.o)
                0x10009ee4                __register_exitproc
 .text.startup  0x10009f5c       0x18 /usr/lib/gcc/arm-none-eabi/13.2.1/../../../arm-none-eabi/lib/thumb/v6-m/nofp/libg.a(libc_a-__call_atexit.o)
 *(.fini)
 .fini          0x10009f74        0x4 /usr/lib/gcc/arm-none-eabi/13.2.1/thumb/v6-m/nofp/crti.o
                0x10009f74                _fini
 .fini.__stub   0x10009f78       0xd0 linker stubs
 *crtbegin.o(.ctors)
 *crtbegin?.o(.ctors)
 *(EXCLUDE_FILE(*crtend.o *crtend?.o) .ctors)
 *(SORT_BY_NAME(.ctors.*))
 *(.ctors)
 *crtbegin.o(.dtors)
 *crtbegin?.o(.dtors)
 *(EXCLUDE_FILE(*crtend.o *crtend?.o) .dtors)
 *(SORT_BY_NAME(.dtors.*))
 *(.dtors)
                0x1000a048                        . = ALIGN (0x4)
                0x1000a048                        PROVIDE (__preinit_array_start = .)
 *(SORT_BY_NAME(.preinit_array.*))
 .preinit_array.00100
                0x1000a048        0x4 CMakeFiles/receiver.dir/home/jpaixao/Documents/LoRa-project/pico-sdk/src/rp2_common/pico_runtime_init/runtime_init.c.o
                0x1000a048                __pre_init_runtime_init_early_resets
 .preinit_array.00101
                0x1000a04c        0x4 CMakeFiles/receiver.dir/home/jpaixao/Documents/LoRa-project/pico-sdk/src/rp2_common/pico_runtime_init/runtime_init.c.o
                0x1000a04c                __pre_init_runtime_init_usb_power_down
 .preinit_array.00275
                0x1000a050        0x4 CMakeFiles/receiver.dir/home/jpaixao/Documents/LoRa-project/pico-sdk/src/rp2_common/pico_bit_ops/bit_ops_aeabi.S.o
 .preinit_array.00300
                0x1000a054        0x4 CMakeFiles/receiver.dir/home/jpaixao/Documents/LoRa-project/pico-sdk/src/rp2_common/pico_mem_ops/mem_ops_aeabi.S.o
 .preinit_array.00350
                0x1000a058        0x4 CMakeFiles/receiver.dir/home/jpaixao/Documents/LoRa-project/pico-sdk/src/rp2_common/pico_double/double_aeabi_rp2040.S.o
 .preinit_array.00350
                0x1000a05c        0x4 CMakeFiles/receiver.dir/home/jpaixao/Documents/LoRa-project/pico-sdk/src/rp2_common/pico_float/float_aeabi_rp2040.S.o
 .preinit_array.00500
                0x1000a060        0x4 CMakeFiles/receiver.dir/home/jpaixao/Documents/LoRa-project/pico-sdk/src/rp2_common/pico_runtime_init/runtime_init.c.o
                0x1000a060                __pre_init_runtime_init_clocks
 .preinit_array.00600
                0x1000a064        0x4 CMakeFiles/receiver.dir/home/jpaixao/Documents/LoRa-project/pico-sdk/src/rp2_common/pico_runtime_init/runtime_init.c.o
                0x1000a064                __pre_init_runtime_init_post_clock_resets
 .preinit_array.00700
                0x1000a068        0x4 CMakeFiles/receiver.dir/home/jpaixao/Documents/LoRa-project/pico-sdk/src/rp2_common/pico_runtime_init/runtime_init.c.o
                0x1000a068                __pre_init_runtime_init_rp2040_gpio_ie_disable
 .preinit_array.01000
                0x1000a06c        0x4 CMakeFiles/receiver.dir/home/jpaixao/Documents/LoRa-project/pico-sdk/src/rp2_common/pico_runtime_init/runtime_init.c.o
                0x1000a06c                __pre_init_runtime_init_spin_locks_reset
 .preinit_array.01100
                0x1000a070        0x4 CMakeFiles/receiver.dir/home/jpaixao/Documents/LoRa-project/pico-sdk/src/common/pico_sync/mutex.c.o
                0x1000a070                __pre_init_runtime_init_mutex
 .preinit_array.10080
                0x1000a074        0x4 CMakeFiles/receiver.dir/home/jpaixao/Documents/LoRa-project/pico-sdk/src/rp2_common/pico_runtime_init/runtime_init.c.o
                0x1000a074                __pre_init_runtime_init_install_ram_vector_table
 .preinit_array.11000
                0x1000a078        0x4 CMakeFiles/receiver.dir/home/jpaixao/Documents/LoRa-project/pico-sdk/src/common/pico_time/time.c.o
                0x1000a078                __pre_init_runtime_init_default_alarm_pool
 .preinit_array.YYYYY
                0x1000a07c        0x4 CMakeFiles/receiver.dir/home/jpaixao/Documents/LoRa-project/pico-sdk/src/rp2_common/pico_runtime/runtime.c.o
                0x1000a07c                __pre_init_first_per_core_initializer
 .preinit_array.ZZZZZ.01200
                0x1000a080        0x4 CMakeFiles/receiver.dir/home/jpaixao/Documents/LoRa-project/pico-sdk/src/rp2_common/hardware_irq/irq.c.o
                0x1000a080                __pre_init_runtime_init_per_core_irq_priorities
 *(.preinit_array)
                0x1000a084                        PROVIDE (__preinit_array_end = .)
                0x1000a084                        . = ALIGN (0x4)
                0x1000a084                        PROVIDE (__init_array_start = .)
 *(SORT_BY_NAME(.init_array.*))
 .init_array.00000
                0x1000a084        0x4 /usr/lib/gcc/arm-none-eabi/13.2.1/../../../arm-none-eabi/lib/thumb/v6-m/nofp/libg.a(libc_a-__call_atexit.o)
 *(.init_array)
 .init_array    0x1000a088        0x4 /usr/lib/gcc/arm-none-eabi/13.2.1/thumb/v6-m/nofp/crtbegin.o
 .init_array    0x1000a08c        0x4 CMakeFiles/receiver.dir/home/jpaixao/Documents/LoRa-project/pico-sdk/src/rp2_common/pico_unique_id/unique_id.c.o
                0x1000a090                        PROVIDE (__init_array_end = .)
                0x1000a090                        . = ALIGN (0x4)
                0x1000a090                        PROVIDE (__fini_array_start = .)
 *(SORT_BY_NAME(.fini_array.*))
 *(.fini_array)
                0x1000a090                        PROVIDE (__fini_array_end = .)
 *(.eh_frame*)
 .eh_frame      0x1000a090        0x0 /usr/lib/gcc/arm-none-eabi/13.2.1/thumb/v6-m/nofp/crtbegin.o
                0x1000a090                        . = ALIGN (0x4)

.glue_7         0x1000a090        0x0
 .glue_7        0x1000a090        0x0 linker stubs

.glue_7t        0x1000a090        0x0
 .glue_7t       0x1000a090        0x0 linker stubs

.vfp11_veneer   0x1000a090        0x0
 .vfp11_veneer  0x1000a090        0x0 linker stubs

.v4_bx          0x1000a090        0x0
 .v4_bx         0x1000a090        0x0 linker stubs

.iplt           0x1000a090        0x0
 .iplt          0x1000a090        0x0 /usr/lib/gcc/arm-none-eabi/13.2.1/thumb/v6-m/nofp/crtbegin.o

.rodata         0x1000a090      0x7c4
 *(EXCLUDE_FILE(*libm.a: *libc.a:*lib_a-mem*.o *libgcc.a:) .rodata*)
 .rodata.OnTxTimeout.str1.4
                0x1000a090      0x1c4 CMakeFiles/receiver.dir/main.c.o
                                  0xa (size before relaxing)
 .rodata.OnRxTimeout.str1.4
                0x1000a254        0xa CMakeFiles/receiver.dir/main.c.o
 .rodata.OnRxError.str1.4
                0x1000a254        0x8 CMakeFiles/receiver.dir/main.c.o
 .rodata.main.str1.4
                0x1000a254       0x24 CMakeFiles/receiver.dir/main.c.o
 .rodata.CSWTCH.60
                0x1000a254        0x4 CMakeFiles/receiver.dir/__/__/lib/LoRaMac-node/src/radio/sx126x/radio.c.o
 .rodata.CSWTCH.50
                0x1000a258       0x2c CMakeFiles/receiver.dir/__/__/lib/LoRaMac-node/src/radio/sx126x/radio.c.o
 .rodata.Bandwidths
                0x1000a284        0x3 CMakeFiles/receiver.dir/__/__/lib/LoRaMac-node/src/radio/sx126x/radio.c.o
                0x1000a284                Bandwidths
 *fill*         0x1000a287        0x1 
 .rodata.FskBandwidths
                0x1000a288       0xb0 CMakeFiles/receiver.dir/__/__/lib/LoRaMac-node/src/radio/sx126x/radio.c.o
                0x1000a288                FskBandwidths
 .rodata.Radio  0x1000a338       0x6c CMakeFiles/receiver.dir/__/__/lib/LoRaMac-node/src/radio/sx126x/radio.c.o
                0x1000a338                Radio
 .rodata        0x1000a3a4        0x8 CMakeFiles/receiver.dir/__/__/lib/LoRaMac-node/src/radio/sx126x/radio.c.o
 .rodata.panic.str1.4
                0x1000a3ac       0x12 CMakeFiles/receiver.dir/home/jpaixao/Documents/LoRa-project/pico-sdk/src/rp2_common/pico_platform_panic/panic.c.o
 .rodata.spin_lock_claim_unused.str1.4
                0x1000a3ac       0x1b CMakeFiles/receiver.dir/home/jpaixao/Documents/LoRa-project/pico-sdk/src/rp2_common/hardware_sync/sync.c.o
 .rodata.user_irq_claim_unused.str1.4
                0x1000a3ac       0x1b CMakeFiles/receiver.dir/home/jpaixao/Documents/LoRa-project/pico-sdk/src/rp2_common/hardware_irq/irq.c.o
 .rodata.timer_hardware_alarm_claim.str1.4
                0x1000a3ac       0x22 CMakeFiles/receiver.dir/home/jpaixao/Documents/LoRa-project/pico-sdk/src/rp2_common/hardware_timer/timer.c.o
 .rodata.hard_assertion_failure.str1.4
                0x1000a3ac        0xc CMakeFiles/receiver.dir/home/jpaixao/Documents/LoRa-project/pico-sdk/src/rp2_common/pico_runtime/runtime.c.o
 .rodata.__wrap_malloc.str1.4
                0x1000a3ac        0xe CMakeFiles/receiver.dir/home/jpaixao/Documents/LoRa-project/pico-sdk/src/rp2_common/pico_malloc/malloc.c.o
 .rodata.str1.4
                0x1000a3ac       0x40 CMakeFiles/receiver.dir/home/jpaixao/Documents/LoRa-project/pico-sdk/src/rp2_common/pico_standard_binary_info/standard_binary_info.c.o
 .rodata.__bi_84
                0x1000a3ac        0xc CMakeFiles/receiver.dir/home/jpaixao/Documents/LoRa-project/pico-sdk/src/rp2_common/pico_standard_binary_info/standard_binary_info.c.o
 .rodata.__bi_78
                0x1000a3b8        0xc CMakeFiles/receiver.dir/home/jpaixao/Documents/LoRa-project/pico-sdk/src/rp2_common/pico_standard_binary_info/standard_binary_info.c.o
 .rodata.__bi_54
                0x1000a3c4        0xc CMakeFiles/receiver.dir/home/jpaixao/Documents/LoRa-project/pico-sdk/src/rp2_common/pico_standard_binary_info/standard_binary_info.c.o
 .rodata.__bi_48
                0x1000a3d0        0xc CMakeFiles/receiver.dir/home/jpaixao/Documents/LoRa-project/pico-sdk/src/rp2_common/pico_standard_binary_info/standard_binary_info.c.o
 .rodata.__bi_42
                0x1000a3dc        0xc CMakeFiles/receiver.dir/home/jpaixao/Documents/LoRa-project/pico-sdk/src/rp2_common/pico_standard_binary_info/standard_binary_info.c.o
 .rodata.__bi_34
                0x1000a3e8        0xc CMakeFiles/receiver.dir/home/jpaixao/Documents/LoRa-project/pico-sdk/src/rp2_common/pico_standard_binary_info/standard_binary_info.c.o
 .rodata.__bi_26
                0x1000a3f4        0xc CMakeFiles/receiver.dir/home/jpaixao/Documents/LoRa-project/pico-sdk/src/rp2_common/pico_standard_binary_info/standard_binary_info.c.o
 .rodata._ftoa.str1.4
                0x1000a400       0x15 CMakeFiles/receiver.dir/home/jpaixao/Documents/LoRa-project/pico-sdk/src/rp2_common/pico_printf/printf.c.o
 .rodata._vsnprintf
                0x1000a400      0x19c CMakeFiles/receiver.dir/home/jpaixao/Documents/LoRa-project/pico-sdk/src/rp2_common/pico_printf/printf.c.o
 *fill*         0x1000a59c        0x4 
 .rodata.pow10.0
                0x1000a5a0       0x50 CMakeFiles/receiver.dir/home/jpaixao/Documents/LoRa-project/pico-sdk/src/rp2_common/pico_printf/printf.c.o
 .rodata.crlf_str.0
                0x1000a5f0        0x2 CMakeFiles/receiver.dir/home/jpaixao/Documents/LoRa-project/pico-sdk/src/rp2_common/pico_stdio/stdio.c.o
 *fill*         0x1000a5f2        0x2 
 .rodata._resetd_driver
                0x1000a5f4       0x20 CMakeFiles/receiver.dir/home/jpaixao/Documents/LoRa-project/pico-sdk/src/rp2_common/pico_stdio_usb/reset_interface.c.o
 .rodata.desc_ms_os_20
                0x1000a614       0xa6 CMakeFiles/receiver.dir/home/jpaixao/Documents/LoRa-project/pico-sdk/src/rp2_common/pico_stdio_usb/reset_interface.c.o
 *fill*         0x1000a6ba        0x2 
 .rodata.desc_bos
                0x1000a6bc       0x21 CMakeFiles/receiver.dir/home/jpaixao/Documents/LoRa-project/pico-sdk/src/rp2_common/pico_stdio_usb/reset_interface.c.o
                0x1000a6bc                desc_bos
 .rodata.str1.4
                0x1000a6dd       0x13 CMakeFiles/receiver.dir/home/jpaixao/Documents/LoRa-project/pico-sdk/src/rp2_common/pico_stdio_usb/stdio_usb.c.o
 *fill*         0x1000a6dd        0x3 
 .rodata.__bi_197.0
                0x1000a6e0        0xc CMakeFiles/receiver.dir/home/jpaixao/Documents/LoRa-project/pico-sdk/src/rp2_common/pico_stdio_usb/stdio_usb.c.o
 .rodata.str1.4
                0x1000a6ec       0x2a CMakeFiles/receiver.dir/home/jpaixao/Documents/LoRa-project/pico-sdk/src/rp2_common/pico_stdio_usb/stdio_usb_descriptors.c.o
 .rodata.usbd_desc_str
                0x1000a6ec       0x18 CMakeFiles/receiver.dir/home/jpaixao/Documents/LoRa-project/pico-sdk/src/rp2_common/pico_stdio_usb/stdio_usb_descriptors.c.o
 .rodata.usbd_desc_cfg
                0x1000a704       0x54 CMakeFiles/receiver.dir/home/jpaixao/Documents/LoRa-project/pico-sdk/src/rp2_common/pico_stdio_usb/stdio_usb_descriptors.c.o
 .rodata.usbd_desc_device
                0x1000a758       0x12 CMakeFiles/receiver.dir/home/jpaixao/Documents/LoRa-project/pico-sdk/src/rp2_common/pico_stdio_usb/stdio_usb_descriptors.c.o
 .rodata.str1.4
                0x1000a76a       0x14 CMakeFiles/receiver.dir/home/jpaixao/Documents/LoRa-project/pico-sdk/lib/tinyusb/src/portable/raspberrypi/rp2040/dcd_rp2040.c.o
 .rodata.str1.4
                0x1000a76a       0x48 CMakeFiles/receiver.dir/home/jpaixao/Documents/LoRa-project/pico-sdk/lib/tinyusb/src/portable/raspberrypi/rp2040/rp2040_usb.c.o
 *fill*         0x1000a76a        0x2 
 .rodata.tud_task_ext
                0x1000a76c       0x8c CMakeFiles/receiver.dir/home/jpaixao/Documents/LoRa-project/pico-sdk/lib/tinyusb/src/device/usbd.c.o
 .rodata        0x1000a7f8       0x1c CMakeFiles/receiver.dir/home/jpaixao/Documents/LoRa-project/pico-sdk/lib/tinyusb/src/device/usbd.c.o
 .rodata._usbd_driver
                0x1000a814       0x40 CMakeFiles/receiver.dir/home/jpaixao/Documents/LoRa-project/pico-sdk/lib/tinyusb/src/device/usbd.c.o
                0x1000a854                        . = ALIGN (0x4)