Archive member included to satisfy reference by file (symbol)

/usr/lib/gcc/arm-none-eabi/13.2.1/thumb/v6-m/nofp/libgcc.a(_dvmd_tls.o)
                              CMakeFiles/transmitter.dir/home/jpaixao/Documents/LoRa-project/pico-sdk/src/rp2_common/pico_divider/divider_hardware.S.o (__aeabi_idiv0)
/usr/lib/gcc/arm-none-eabi/13.2.1/../../../arm-none-eabi/lib/thumb/v6-m/nofp/libg.a(libc_a-calloc.o)
                              CMakeFiles/transmitter.dir/home/jpaixao/Documents/LoRa-project/pico-sdk/src/rp2_common/pico_malloc/malloc.c.o (calloc)
/usr/lib/gcc/arm-none-eabi/13.2.1/../../../arm-none-eabi/lib/thumb/v6-m/nofp/libg.a(libc_a-impure.o)
                              /usr/lib/gcc/arm-none-eabi/13.2.1/../../../arm-none-eabi/lib/thumb/v6-m/nofp/libg.a(libc_a-calloc.o) (_impure_ptr)
/usr/lib/gcc/arm-none-eabi/13.2.1/../../../arm-none-eabi/lib/thumb/v6-m/nofp/libg.a(libc_a-callocr.o)
                              /usr/lib/gcc/arm-none-eabi/13.2.1/../../../arm-none-eabi/lib/thumb/v6-m/nofp/libg.a(libc_a-calloc.o) (_calloc_r)
/usr/lib/gcc/arm-none-eabi/13.2.1/../../../arm-none-eabi/lib/thumb/v6-m/nofp/libg.a(libc_a-realloc.o)
                              CMakeFiles/transmitter.dir/home/jpaixao/Documents/LoRa-project/pico-sdk/src/rp2_common/pico_malloc/malloc.c.o (realloc)
/usr/lib/gcc/arm-none-eabi/13.2.1/../../../arm-none-eabi/lib/thumb/v6-m/nofp/libg.a(libc_a-mallocr.o)
                              /usr/lib/gcc/arm-none-eabi/13.2.1/../../../arm-none-eabi/lib/thumb/v6-m/nofp/libg.a(libc_a-callocr.o) (_malloc_r)
/usr/lib/gcc/arm-none-eabi/13.2.1/../../../arm-none-eabi/lib/thumb/v6-m/nofp/libg.a(libc_a-freer.o)
                              /usr/lib/gcc/arm-none-eabi/13.2.1/../../../arm-none-eabi/lib/thumb/v6-m/nofp/libg.a(libc_a-mallocr.o) (_free_r)
/usr/lib/gcc/arm-none-eabi/13.2.1/../../../arm-none-eabi/lib/thumb/v6-m/nofp/libg.a(libc_a-memcmp.o)
                              CMakeFiles/transmitter.dir/home/jpaixao/Documents/LoRa-project/pico-sdk/src/rp2_common/pico_atomic/atomic.c.o (memcmp)
/usr/lib/gcc/arm-none-eabi/13.2.1/../../../arm-none-eabi/lib/thumb/v6-m/nofp/libg.a(libc_a-malloc.o)
                              CMakeFiles/transmitter.dir/home/jpaixao/Documents/LoRa-project/pico-sdk/src/rp2_common/pico_malloc/malloc.c.o (malloc)
/usr/lib/gcc/arm-none-eabi/13.2.1/../../../arm-none-eabi/lib/thumb/v6-m/nofp/libg.a(libc_a-sysconf.o)
                              /usr/lib/gcc/arm-none-eabi/13.2.1/../../../arm-none-eabi/lib/thumb/v6-m/nofp/libg.a(libc_a-mallocr.o) (sysconf)
/usr/lib/gcc/arm-none-eabi/13.2.1/../../../arm-none-eabi/lib/thumb/v6-m/nofp/libg.a(libc_a-init.o)
                              /usr/lib/gcc/arm-none-eabi/13.2.1/../../../arm-none-eabi/lib/thumb/v6-m/nofp/crt0.o (__libc_init_array)
/usr/lib/gcc/arm-none-eabi/13.2.1/../../../arm-none-eabi/lib/thumb/v6-m/nofp/libg.a(libc_a-reallocr.o)
                              /usr/lib/gcc/arm-none-eabi/13.2.1/../../../arm-none-eabi/lib/thumb/v6-m/nofp/libg.a(libc_a-realloc.o) (_realloc_r)
/usr/lib/gcc/arm-none-eabi/13.2.1/../../../arm-none-eabi/lib/thumb/v6-m/nofp/libg.a(libc_a-mktime.o)
                              CMakeFiles/transmitter.dir/home/jpaixao/Documents/LoRa-project/pico-sdk/src/common/pico_util/datetime.c.o (mktime)
/usr/lib/gcc/arm-none-eabi/13.2.1/../../../arm-none-eabi/lib/thumb/v6-m/nofp/libg.a(libc_a-mlock.o)
                              /usr/lib/gcc/arm-none-eabi/13.2.1/../../../arm-none-eabi/lib/thumb/v6-m/nofp/libg.a(libc_a-mallocr.o) (__malloc_lock)
/usr/lib/gcc/arm-none-eabi/13.2.1/../../../arm-none-eabi/lib/thumb/v6-m/nofp/libg.a(libc_a-findfp.o)
                              /usr/lib/gcc/arm-none-eabi/13.2.1/../../../arm-none-eabi/lib/thumb/v6-m/nofp/libg.a(libc_a-impure.o) (__sf)
/usr/lib/gcc/arm-none-eabi/13.2.1/../../../arm-none-eabi/lib/thumb/v6-m/nofp/libg.a(libc_a-tzlock.o)
                              /usr/lib/gcc/arm-none-eabi/13.2.1/../../../arm-none-eabi/lib/thumb/v6-m/nofp/libg.a(libc_a-mktime.o) (__tz_lock)
/usr/lib/gcc/arm-none-eabi/13.2.1/../../../arm-none-eabi/lib/thumb/v6-m/nofp/libg.a(libc_a-atexit.o)
                              /usr/lib/gcc/arm-none-eabi/13.2.1/../../../arm-none-eabi/lib/thumb/v6-m/nofp/crt0.o (atexit)
/usr/lib/gcc/arm-none-eabi/13.2.1/../../../arm-none-eabi/lib/thumb/v6-m/nofp/libg.a(libc_a-lcltime_r.o)
                              CMakeFiles/transmitter.dir/home/jpaixao/Documents/LoRa-project/pico-sdk/src/common/pico_util/datetime.c.o (localtime_r)
/usr/lib/gcc/arm-none-eabi/13.2.1/../../../arm-none-eabi/lib/thumb/v6-m/nofp/libg.a(libc_a-strlen-stub.o)
                              CMakeFiles/transmitter.dir/home/jpaixao/Documents/LoRa-project/pico-sdk/src/rp2_common/pico_stdio/stdio.c.o (strlen)
/usr/lib/gcc/arm-none-eabi/13.2.1/../../../arm-none-eabi/lib/thumb/v6-m/nofp/libg.a(libc_a-sbrkr.o)
                              /usr/lib/gcc/arm-none-eabi/13.2.1/../../../arm-none-eabi/lib/thumb/v6-m/nofp/libg.a(libc_a-mallocr.o) (_sbrk_r)
[...]
Memory Configuration

Name             Origin             Length             Attributes
FLASH            0x10000000         0x00200000         xr
RAM              0x20000000         0x00040000         xrw
SCRATCH_X        0x20040000         0x00001000         xrw
SCRATCH_Y        0x20041000         0x00001000         xrw
*default*        0x00000000         0xffffffff

Linker script and memory map

LOAD /usr/lib/gcc/arm-none-eabi/13.2.1/thumb/v6-m/nofp/crti.o
LOAD /usr/lib/gcc/arm-none-eabi/13.2.1/thumb/v6-m/nofp/crtbegin.o
LOAD /usr/lib/gcc/arm-none-eabi/13.2.1/../../../arm-none-eabi/lib/thumb/v6-m/nofp/crt0.o

.flash_begin    0x10000000        0x0
                0x10000000                        __flash_binary_start = .

.boot2          0x10000000      0x100
                0x10000000                        __boot2_start__ = .
 *(.boot2)
 .boot2         0x10000000      0x100 ../../pico-sdk/src/rp2040/boot_stage2/CMakeFiles/bs2_default_library.dir/bs2_default_padded_checksummed.S.o
                0x10000100                        __boot2_end__ = .
                0x00000001                        ASSERT (((__boot2_end__ - __boot2_start__) == 0x100), ERROR: Pico second stage bootloader must be 256 bytes in size)

.text           0x10000100     0xa1e0
                0x10000100                        __logical_binary_start = .
 *(.vectors)
 .vectors       0x10000100       0xd4 CMakeFiles/transmitter.dir/home/jpaixao/Documents/LoRa-project/pico-sdk/src/rp2_common/pico_crt0/crt0.S.o
                0x10000100                __vectors
                0x10000100                __VECTOR_TABLE
                0x100001c0                isr_invalid
                0x100001c0                __default_isrs_start
                0x100001c2                isr_nmi
                0x100001c4                isr_hardfault
                0x100001c6                isr_svcall
                0x100001c8                isr_pendsv
                0x100001ca                isr_systick
                0x100001cc                isr_irq30
                0x100001cc                __unhandled_user_irq
                0x100001cc                isr_irq13
                0x100001cc                isr_irq27
                0x100001cc                isr_irq31
                0x100001cc                isr_irq5
                0x100001cc                isr_irq11
                0x100001cc                isr_irq23
                0x100001cc                isr_irq18
                0x100001cc                isr_irq28
                0x100001cc                isr_irq19
                0x100001cc                isr_irq0
                0x100001cc                isr_irq6
                0x100001cc                isr_irq22
                0x100001cc                isr_irq17
                0x100001cc                isr_irq14
                0x100001cc                isr_irq2
                0x100001cc                isr_irq10
                0x100001cc                isr_irq8
                0x100001cc                isr_irq24
                0x100001cc                isr_irq1
                0x100001cc                isr_irq7
                0x100001cc                isr_irq21
                0x100001cc                isr_irq20
                0x100001cc                isr_irq15
                0x100001cc                isr_irq25
                0x100001cc                isr_irq4
                0x100001cc                isr_irq16
                0x100001cc                isr_irq29
                0x100001cc                isr_irq26
                0x100001cc                __default_isrs_end
                0x100001cc                isr_irq3
                0x100001cc                isr_irq12
                0x100001cc                isr_irq9
                0x100001d2                unhandled_user_irq_num_in_r0
 *(.binary_info_header)
 .binary_info_header
                0x100001d4       0x14 CMakeFiles/transmitter.dir/home/jpaixao/Documents/LoRa-project/pico-sdk/src/rp2_common/pico_crt0/crt0.S.o
                0x100001e8                        __binary_info_header_end = .
 *(.embedded_block)
                0x100001e8                        __embedded_block_end = .
 *(.reset)
 .reset         0x100001e8       0x9c CMakeFiles/transmitter.dir/home/jpaixao/Documents/LoRa-project/pico-sdk/src/rp2_common/pico_crt0/crt0.S.o
                0x100001e8                _entry_point
 *(.init)
 .init          0x10000284        0x4 /usr/lib/gcc/arm-none-eabi/13.2.1/thumb/v6-m/nofp/crti.o
                0x10000284                _init
 *(EXCLUDE_FILE(*libm.a: *libc.a:*lib_a-mem*.o *libgcc.a:) .text*)
 .text          0x10000288       0x98 /usr/lib/gcc/arm-none-eabi/13.2.1/thumb/v6-m/nofp/crtbegin.o
 .text.OnTxDone
                0x10000320        0xc CMakeFiles/transmitter.dir/main.c.o
                0x10000320                OnTxDone
 .text.OnRxDone
                0x1000032c       0x28 CMakeFiles/transmitter.dir/main.c.o
                0x1000032c                OnRxDone
 .text.OnTxTimeout
                0x10000354       0x10 CMakeFiles/transmitter.dir/main.c.o
                0x10000354                OnTxTimeout
 .text.OnRxTimeout
                0x10000364       0x18 CMakeFiles/transmitter.dir/main.c.o
                0x10000364                OnRxTimeout
 .text.OnRxError
                0x1000037c       0x10 CMakeFiles/transmitter.dir/main.c.o
                0x1000037c                OnRxError
 .text.startup.main
                0x1000038c      0x2a4 CMakeFiles/transmitter.dir/main.c.o
                0x1000038c                main
 .text.SX126xInit
                0x10000630       0x4c CMakeFiles/transmitter.dir/__/__/lib/LoRaMac-node/src/radio/sx126x/sx126x.c.o
                0x10000630                SX126xInit
 .text.SX126xCheckDeviceReady
                0x1000067c       0x24 CMakeFiles/transmitter.dir/__/__/lib/LoRaMac-node/src/radio/sx126x/sx126x.c.o
                0x1000067c                SX126xCheckDeviceReady
 .text.SX126xGetPayload
                0x100006a0       0x58 CMakeFiles/transmitter.dir/__/__/lib/LoRaMac-node/src/radio/sx126x/sx126x.c.o
                0x100006a0                SX126xGetPayload
 .text.SX126xSendPayload
                0x100006f8       0x30 CMakeFiles/transmitter.dir/__/__/lib/LoRaMac-node/src/radio/sx126x/sx126x.c.o
                0x100006f8                SX126xSendPayload
 .text.SX126xSetSyncWord
                0x10000728       0x14 CMakeFiles/transmitter.dir/__/__/lib/LoRaMac-node/src/radio/sx126x/sx126x.c.o
                0x10000728                SX126xSetSyncWord
 .text.SX126xSetWhiteningSeed
                0x1000073c       0x40 CMakeFiles/transmitter.dir/__/__/lib/LoRaMac-node/src/radio/sx126x/sx126x.c.o
                0x1000073c                SX126xSetWhiteningSeed
 .text.SX126xGetRandom
                0x1000077c       0x98 CMakeFiles/transmitter.dir/__/__/lib/LoRaMac-node/src/radio/sx126x/sx126x.c.o
                0x1000077c                SX126xGetRandom
 .text.SX126xSetSleep
                0x10000814       0x38 CMakeFiles/transmitter.dir/__/__/lib/LoRaMac-node/src/radio/sx126x/sx126x.c.o
                0x10000814                SX126xSetSleep
 .text.SX126xSetStandby
                0x1000084c       0x2c CMakeFiles/transmitter.dir/__/__/lib/LoRaMac-node/src/radio/sx126x/sx126x.c.o
                0x1000084c                SX126xSetStandby
 .text.SX126xSetRx
                0x10000878       0x24 CMakeFiles/transmitter.dir/__/__/lib/LoRaMac-node/src/radio/sx126x/sx126x.c.o
                0x10000878                SX126xSetRx
 .text.SX126xSetRxBoosted
                0x1000089c       0x30 CMakeFiles/transmitter.dir/__/__/lib/LoRaMac-node/src/radio/sx126x/sx126x.c.o
                0x1000089c                SX126xSetRxBoosted
 .text.SX126xSetRxDutyCycle
                0x100008cc       0x38 CMakeFiles/transmitter.dir/__/__/lib/LoRaMac-node/src/radio/sx126x/sx126x.c.o
                0x100008cc                SX126xSetRxDutyCycle
 .text.SX126xSetCad
                0x10000904       0x14 CMakeFiles/transmitter.dir/__/__/lib/LoRaMac-node/src/radio/sx126x/sx126x.c.o
                0x10000904                SX126xSetCad
 .text.SX126xSetTxContinuousWave
                0x10000918       0x14 CMakeFiles/transmitter.dir/__/__/lib/LoRaMac-node/src/radio/sx126x/sx126x.c.o
                0x10000918                SX126xSetTxContinuousWave
 .text.SX126xSetStopRxTimerOnPreambleDetect
                0x1000092c       0x18 CMakeFiles/transmitter.dir/__/__/lib/LoRaMac-node/src/radio/sx126x/sx126x.c.o
                0x1000092c                SX126xSetStopRxTimerOnPreambleDetect
 .text.SX126xSetLoRaSymbNumTimeout
                0x10000944       0x58 CMakeFiles/transmitter.dir/__/__/lib/LoRaMac-node/src/radio/sx126x/sx126x.c.o
                0x10000944                SX126xSetLoRaSymbNumTimeout
 .text.SX126xSetRegulatorMode
                0x1000099c       0x18 CMakeFiles/transmitter.dir/__/__/lib/LoRaMac-node/src/radio/sx126x/sx126x.c.o
                0x1000099c                SX126xSetRegulatorMode
 .text.SX126xSetDioIrqParams
                0x100009b4       0x50 CMakeFiles/transmitter.dir/__/__/lib/LoRaMac-node/src/radio/sx126x/sx126x.c.o
                0x100009b4                SX126xSetDioIrqParams
 .text.SX126xGetIrqStatus
                0x10000a04       0x1c CMakeFiles/transmitter.dir/__/__/lib/LoRaMac-node/src/radio/sx126x/sx126x.c.o
                0x10000a04                SX126xGetIrqStatus
 .text.SX126xSetDio2AsRfSwitchCtrl
                0x10000a20       0x18 CMakeFiles/transmitter.dir/__/__/lib/LoRaMac-node/src/radio/sx126x/sx126x.c.o
                0x10000a20                SX126xSetDio2AsRfSwitchCtrl
 .text.SX126xSetRfFrequency
                0x10000a38       0xcc CMakeFiles/transmitter.dir/__/__/lib/LoRaMac-node/src/radio/sx126x/sx126x.c.o
                0x10000a38                SX126xSetRfFrequency
 .text.SX126xSetPacketType
                0x10000b04       0x20 CMakeFiles/transmitter.dir/__/__/lib/LoRaMac-node/src/radio/sx126x/sx126x.c.o
                0x10000b04                SX126xSetPacketType
 .text.SX126xGetPacketType
                0x10000b24        0xc CMakeFiles/transmitter.dir/__/__/lib/LoRaMac-node/src/radio/sx126x/sx126x.c.o
                0x10000b24                SX126xGetPacketType
 .text.SX126xSetTxParams
                0x10000b30       0xa8 CMakeFiles/transmitter.dir/__/__/lib/LoRaMac-node/src/radio/sx126x/sx126x.c.o
                0x10000b30                SX126xSetTxParams
 .text.SX126xSetModulationParams
                0x10000bd8       0xc8 CMakeFiles/transmitter.dir/__/__/lib/LoRaMac-node/src/radio/sx126x/sx126x.c.o
                0x10000bd8                SX126xSetModulationParams
 .text.SX126xSetPacketParams
                0x10000ca0      0x128 CMakeFiles/transmitter.dir/__/__/lib/LoRaMac-node/src/radio/sx126x/sx126x.c.o
                0x10000ca0                SX126xSetPacketParams
 .text.SX126xSetBufferBaseAddress
                0x10000dc8       0x18 CMakeFiles/transmitter.dir/__/__/lib/LoRaMac-node/src/radio/sx126x/sx126x.c.o
                0x10000dc8                SX126xSetBufferBaseAddress
 .text.SX126xGetRssiInst
                0x10000de0       0x1c CMakeFiles/transmitter.dir/__/__/lib/LoRaMac-node/src/radio/sx126x/sx126x.c.o
                0x10000de0                SX126xGetRssiInst
 .text.SX126xGetPacketStatus
                0x10000dfc       0x80 CMakeFiles/transmitter.dir/__/__/lib/LoRaMac-node/src/radio/sx126x/sx126x.c.o
                0x10000dfc                SX126xGetPacketStatus
 .text.SX126xClearIrqStatus
                0x10000e7c       0x18 CMakeFiles/transmitter.dir/__/__/lib/LoRaMac-node/src/radio/sx126x/sx126x.c.o
                0x10000e7c                SX126xClearIrqStatus
 .text.RadioCheckRfFrequency
                0x10000e94        0x4 CMakeFiles/transmitter.dir/__/__/lib/LoRaMac-node/src/radio/sx126x/radio.c.o
                0x10000e94                RadioCheckRfFrequency
 .text.RadioTimeOnAir
                0x10000e98      0x130 CMakeFiles/transmitter.dir/__/__/lib/LoRaMac-node/src/radio/sx126x/radio.c.o
                0x10000e98                RadioTimeOnAir
 .text.RadioOnTxTimeoutIrq
                0x10000fc8       0x18 CMakeFiles/transmitter.dir/__/__/lib/LoRaMac-node/src/radio/sx126x/radio.c.o
                0x10000fc8                RadioOnTxTimeoutIrq
 .text.RadioOnRxTimeoutIrq
                0x10000fe0       0x18 CMakeFiles/transmitter.dir/__/__/lib/LoRaMac-node/src/radio/sx126x/radio.c.o
                0x10000fe0                RadioOnRxTimeoutIrq
 .text.RadioOnDioIrq
                0x10000ff8        0xc CMakeFiles/transmitter.dir/__/__/lib/LoRaMac-node/src/radio/sx126x/radio.c.o
                0x10000ff8                RadioOnDioIrq
 .text.RadioStandby
                0x10001004        0xc CMakeFiles/transmitter.dir/__/__/lib/LoRaMac-node/src/radio/sx126x/radio.c.o
                0x10001004                RadioStandby
 .text.RadioInit
                0x10001010       0x6c CMakeFiles/transmitter.dir/__/__/lib/LoRaMac-node/src/radio/sx126x/radio.c.o
                0x10001010                RadioInit
 .text.RadioGetStatus
                0x1000107c       0x1c CMakeFiles/transmitter.dir/__/__/lib/LoRaMac-node/src/radio/sx126x/radio.c.o
                0x1000107c                RadioGetStatus
 .text.RadioSetChannel
                0x10001098        0x8 CMakeFiles/transmitter.dir/__/__/lib/LoRaMac-node/src/radio/sx126x/radio.c.o
                0x10001098                RadioSetChannel
 .text.RadioRead
                0x100010a0        0xc CMakeFiles/transmitter.dir/__/__/lib/LoRaMac-node/src/radio/sx126x/radio.c.o
                0x100010a0                RadioRead
 .text.RadioWrite
                0x100010ac        0xc CMakeFiles/transmitter.dir/__/__/lib/LoRaMac-node/src/radio/sx126x/radio.c.o
                0x100010ac                RadioWrite
 .text.RadioSend
                0x100010b8       0x60 CMakeFiles/transmitter.dir/__/__/lib/LoRaMac-node/src/radio/sx126x/radio.c.o
                0x100010b8                RadioSend
 .text.RadioSleep
                0x10001118       0x10 CMakeFiles/transmitter.dir/__/__/lib/LoRaMac-node/src/radio/sx126x/radio.c.o
                0x10001118                RadioSleep
 .text.RadioSetRxDutyCycle
                0x10001128        0x8 CMakeFiles/transmitter.dir/__/__/lib/LoRaMac-node/src/radio/sx126x/radio.c.o
                0x10001128                RadioSetRxDutyCycle
 .text.RadioStartCad
                0x10001130       0x18 CMakeFiles/transmitter.dir/__/__/lib/LoRaMac-node/src/radio/sx126x/radio.c.o
                0x10001130                RadioStartCad
 .text.RadioSetTxContinuousWave
                0x10001148       0x34 CMakeFiles/transmitter.dir/__/__/lib/LoRaMac-node/src/radio/sx126x/radio.c.o
                0x10001148                RadioSetTxContinuousWave
 .text.RadioRssi
                0x1000117c        0x8 CMakeFiles/transmitter.dir/__/__/lib/LoRaMac-node/src/radio/sx126x/radio.c.o
                0x1000117c                RadioRssi
 .text.RadioWriteBuffer
                0x10001184        0xc CMakeFiles/transmitter.dir/__/__/lib/LoRaMac-node/src/radio/sx126x/radio.c.o
                0x10001184                RadioWriteBuffer
 .text.RadioReadBuffer
                0x10001190        0xc CMakeFiles/transmitter.dir/__/__/lib/LoRaMac-node/src/radio/sx126x/radio.c.o
                0x10001190                RadioReadBuffer
 .text.RadioGetWakeupTime
                0x1000119c        0xc CMakeFiles/transmitter.dir/__/__/lib/LoRaMac-node/src/radio/sx126x/radio.c.o
                0x1000119c                RadioGetWakeupTime
 .text.RadioSetMaxPayloadLength
                0x100011a8       0x3c CMakeFiles/transmitter.dir/__/__/lib/LoRaMac-node/src/radio/sx126x/radio.c.o
                0x100011a8                RadioSetMaxPayloadLength
 .text.RadioRx  0x100011e4       0x58 CMakeFiles/transmitter.dir/__/__/lib/LoRaMac-node/src/radio/sx126x/radio.c.o
                0x100011e4                RadioRx
 .text.RadioRxBoosted
                0x1000123c       0x58 CMakeFiles/transmitter.dir/__/__/lib/LoRaMac-node/src/radio/sx126x/radio.c.o
                0x1000123c                RadioRxBoosted
 .text.RadioIrqProcess
                0x10001294      0x1a4 CMakeFiles/transmitter.dir/__/__/lib/LoRaMac-node/src/radio/sx126x/radio.c.o
                0x10001294                RadioIrqProcess
 .text.RadioSetModem.part.0
                0x10001438       0x88 CMakeFiles/transmitter.dir/__/__/lib/LoRaMac-node/src/radio/sx126x/radio.c.o
 .text.RadioSetTxConfig
                0x100014c0      0x288 CMakeFiles/transmitter.dir/__/__/lib/LoRaMac-node/src/radio/sx126x/radio.c.o
                0x100014c0                RadioSetTxConfig
 .text.RadioSetRxConfig
                0x10001748      0x2e4 CMakeFiles/transmitter.dir/__/__/lib/LoRaMac-node/src/radio/sx126x/radio.c.o
                0x10001748                RadioSetRxConfig
 .text.RadioIsChannelFree
                0x10001a2c       0xc0 CMakeFiles/transmitter.dir/__/__/lib/LoRaMac-node/src/radio/sx126x/radio.c.o
                0x10001a2c                RadioIsChannelFree
 .text.RadioSetModem
                0x10001aec       0x98 CMakeFiles/transmitter.dir/__/__/lib/LoRaMac-node/src/radio/sx126x/radio.c.o
                0x10001aec                RadioSetModem
 .text.RadioSetPublicNetwork
                0x10001b84       0xbc CMakeFiles/transmitter.dir/__/__/lib/LoRaMac-node/src/radio/sx126x/radio.c.o
                0x10001b84                RadioSetPublicNetwork
 .text.RadioRandom
                0x10001c40       0xd4 CMakeFiles/transmitter.dir/__/__/lib/LoRaMac-node/src/radio/sx126x/radio.c.o
                0x10001c40                RadioRandom
 .text.DelayMs  0x10001d14        0x8 CMakeFiles/transmitter.dir/__/__/lib/LoRaMac-node/src/system/delay.c.o
                0x10001d14                DelayMs
 .text.GpioInit
                0x10001d1c       0x18 CMakeFiles/transmitter.dir/__/__/lib/LoRaMac-node/src/system/gpio.c.o
                0x10001d1c                GpioInit
 .text.GpioSetInterrupt
                0x10001d34        0x8 CMakeFiles/transmitter.dir/__/__/lib/LoRaMac-node/src/system/gpio.c.o
                0x10001d34                GpioSetInterrupt
 .text.GpioWrite
                0x10001d3c        0x8 CMakeFiles/transmitter.dir/__/__/lib/LoRaMac-node/src/system/gpio.c.o
                0x10001d3c                GpioWrite
 .text.GpioRead
                0x10001d44        0x8 CMakeFiles/transmitter.dir/__/__/lib/LoRaMac-node/src/system/gpio.c.o
                0x10001d44                GpioRead
 .text.TimerInit
                0x10001d4c       0x10 CMakeFiles/transmitter.dir/__/__/lib/LoRaMac-node/src/system/timer.c.o
                0x10001d4c                TimerInit
 .text.TimerStart
                0x10001d5c       0xd0 CMakeFiles/transmitter.dir/__/__/lib/LoRaMac-node/src/system/timer.c.o
                0x10001d5c                TimerStart
 .text.TimerIrqHandler
                0x10001e2c       0xc4 CMakeFiles/transmitter.dir/__/__/lib/LoRaMac-node/src/system/timer.c.o
                0x10001e2c                TimerIrqHandler
 .text.TimerStop
                0x10001ef0       0x88 CMakeFiles/transmitter.dir/__/__/lib/LoRaMac-node/src/system/timer.c.o
                0x10001ef0                TimerStop
 .text.TimerSetValue
                0x10001f78       0x24 CMakeFiles/transmitter.dir/__/__/lib/LoRaMac-node/src/system/timer.c.o
                0x10001f78                TimerSetValue
 .text.TimerGetCurrentTime
                0x10001f9c        0xc CMakeFiles/transmitter.dir/__/__/lib/LoRaMac-node/src/system/timer.c.o
                0x10001f9c                TimerGetCurrentTime
 .text.TimerGetElapsedTime
                0x10001fa8       0x20 CMakeFiles/transmitter.dir/__/__/lib/LoRaMac-node/src/system/timer.c.o
                0x10001fa8                TimerGetElapsedTime
 .text.BoardInitMcu
                0x10001fc8       0x44 CMakeFiles/transmitter.dir/__/__/src/board.c.o
                0x10001fc8                BoardInitMcu
 .text.BoardInitPeriph
                0x1000200c        0x4 CMakeFiles/transmitter.dir/__/__/src/board.c.o
                0x1000200c                BoardInitPeriph
 .text.BoardCriticalSectionBegin
                0x10002010        0xc CMakeFiles/transmitter.dir/__/__/src/board.c.o
                0x10002010                BoardCriticalSectionBegin
 .text.BoardCriticalSectionEnd
                0x1000201c        0x8 CMakeFiles/transmitter.dir/__/__/src/board.c.o
                0x1000201c                BoardCriticalSectionEnd
 .text.DelayMsMcu
                0x10002024       0x14 CMakeFiles/transmitter.dir/__/__/src/delay-board.c.o
                0x10002024                DelayMsMcu
 .text.gpio_irq_wrapper
                0x10002038       0x1c CMakeFiles/transmitter.dir/__/__/src/gpio-board.c.o
 .text.GpioMcuInit
                0x10002054       0xc0 CMakeFiles/transmitter.dir/__/__/src/gpio-board.c.o
                0x10002054                GpioMcuInit
 .text.GpioMcuWrite
                0x10002114       0x18 CMakeFiles/transmitter.dir/__/__/src/gpio-board.c.o
                0x10002114                GpioMcuWrite
 .text.GpioMcuRead
                0x1000212c       0x18 CMakeFiles/transmitter.dir/__/__/src/gpio-board.c.o
                0x1000212c                GpioMcuRead
 .text.GpioMcuSetInterrupt
                0x10002144       0x20 CMakeFiles/transmitter.dir/__/__/src/gpio-board.c.o
                0x10002144                GpioMcuSetInterrupt
 .text.alarm_callback
                0x10002164        0xc CMakeFiles/transmitter.dir/__/__/src/rtc-board.c.o
 .text.RtcInit  0x10002170       0x28 CMakeFiles/transmitter.dir/__/__/src/rtc-board.c.o
                0x10002170                RtcInit
 .text.RtcGetTimerElapsedTime
                0x10002198       0x18 CMakeFiles/transmitter.dir/__/__/src/rtc-board.c.o
                0x10002198                RtcGetTimerElapsedTime
 .text.RtcSetTimerContext
                0x100021b0       0x10 CMakeFiles/transmitter.dir/__/__/src/rtc-board.c.o
                0x100021b0                RtcSetTimerContext
 .text.RtcGetTimerContext
                0x100021c0        0xc CMakeFiles/transmitter.dir/__/__/src/rtc-board.c.o
                0x100021c0                RtcGetTimerContext
 .text.RtcGetMinimumTimeout
                0x100021cc        0x4 CMakeFiles/transmitter.dir/__/__/src/rtc-board.c.o
                0x100021cc                RtcGetMinimumTimeout
 .text.RtcSetAlarm
                0x100021d0       0x60 CMakeFiles/transmitter.dir/__/__/src/rtc-board.c.o
                0x100021d0                RtcSetAlarm
 .text.RtcStopAlarm
                0x10002230       0x1c CMakeFiles/transmitter.dir/__/__/src/rtc-board.c.o
                0x10002230                RtcStopAlarm
 .text.RtcMs2Tick
                0x1000224c        0xc CMakeFiles/transmitter.dir/__/__/src/rtc-board.c.o
                0x1000224c                RtcMs2Tick
 .text.RtcGetTimerValue
                0x10002258        0x8 CMakeFiles/transmitter.dir/__/__/src/rtc-board.c.o
                0x10002258                RtcGetTimerValue
 .text.RtcTick2Ms
                0x10002260        0xc CMakeFiles/transmitter.dir/__/__/src/rtc-board.c.o
                0x10002260                RtcTick2Ms
 .text.SpiInit  0x1000226c       0x70 CMakeFiles/transmitter.dir/__/__/src/spi-board.c.o
                0x1000226c                SpiInit
 .text.SpiInOut
                0x100022dc       0x34 CMakeFiles/transmitter.dir/__/__/src/spi-board.c.o
                0x100022dc                SpiInOut
 .text.SX126xIoInit
                0x10002310       0x5c CMakeFiles/transmitter.dir/__/__/src/sx1262-board.c.o
                0x10002310                SX126xIoInit
 .text.SX126xIoIrqInit
                0x1000236c       0x18 CMakeFiles/transmitter.dir/__/__/src/sx1262-board.c.o
                0x1000236c                SX126xIoIrqInit
 .text.SX126xGetBoardTcxoWakeupTime
                0x10002384        0x4 CMakeFiles/transmitter.dir/__/__/src/sx1262-board.c.o
                0x10002384                SX126xGetBoardTcxoWakeupTime
 .text.SX126xIoRfSwitchInit
                0x10002388        0xc CMakeFiles/transmitter.dir/__/__/src/sx1262-board.c.o
                0x10002388                SX126xIoRfSwitchInit
 .text.SX126xGetOperatingMode
                0x10002394        0xc CMakeFiles/transmitter.dir/__/__/src/sx1262-board.c.o
                0x10002394                SX126xGetOperatingMode
 .text.SX126xSetOperatingMode
                0x100023a0        0xc CMakeFiles/transmitter.dir/__/__/src/sx1262-board.c.o
                0x100023a0                SX126xSetOperatingMode
 .text.SX126xReset
                0x100023ac       0x44 CMakeFiles/transmitter.dir/__/__/src/sx1262-board.c.o
                0x100023ac                SX126xReset
 .text.SX126xWaitOnBusy
                0x100023f0       0x14 CMakeFiles/transmitter.dir/__/__/src/sx1262-board.c.o
                0x100023f0                SX126xWaitOnBusy
 .text.SX126xWakeup
                0x10002404       0x54 CMakeFiles/transmitter.dir/__/__/src/sx1262-board.c.o
                0x10002404                SX126xWakeup
 .text.SX126xWriteCommand
                0x10002458       0x6c CMakeFiles/transmitter.dir/__/__/src/sx1262-board.c.o
                0x10002458                SX126xWriteCommand
 .text.SX126xReadCommand
                0x100024c4       0x78 CMakeFiles/transmitter.dir/__/__/src/sx1262-board.c.o
                0x100024c4                SX126xReadCommand
 .text.SX126xWriteRegisters
                0x1000253c       0x74 CMakeFiles/transmitter.dir/__/__/src/sx1262-board.c.o
                0x1000253c                SX126xWriteRegisters
 .text.SX126xWriteRegister
                0x100025b0       0x54 CMakeFiles/transmitter.dir/__/__/src/sx1262-board.c.o
                0x100025b0                SX126xWriteRegister
 .text.SX126xReadRegisters
                0x10002604       0x80 CMakeFiles/transmitter.dir/__/__/src/sx1262-board.c.o
                0x10002604                SX126xReadRegisters
 .text.SX126xReadRegister
                0x10002684       0x60 CMakeFiles/transmitter.dir/__/__/src/sx1262-board.c.o
                0x10002684                SX126xReadRegister
 .text.SX126xWriteBuffer
                0x100026e4       0x68 CMakeFiles/transmitter.dir/__/__/src/sx1262-board.c.o
                0x100026e4                SX126xWriteBuffer
 .text.SX126xReadBuffer
                0x1000274c       0x74 CMakeFiles/transmitter.dir/__/__/src/sx1262-board.c.o
                0x1000274c                SX126xReadBuffer
 .text.SX126xSetRfTxPower
                0x100027c0        0xc CMakeFiles/transmitter.dir/__/__/src/sx1262-board.c.o
                0x100027c0                SX126xSetRfTxPower
 .text.SX126xGetDeviceId
                0x100027cc        0x4 CMakeFiles/transmitter.dir/__/__/src/sx1262-board.c.o
                0x100027cc                SX126xGetDeviceId
 .text.SX126xAntSwOn
                0x100027d0       0x20 CMakeFiles/transmitter.dir/__/__/src/sx1262-board.c.o
                0x100027d0                SX126xAntSwOn
 .text.SX126xAntSwOff
                0x100027f0       0x20 CMakeFiles/transmitter.dir/__/__/src/sx1262-board.c.o
                0x100027f0                SX126xAntSwOff
 .text.gpio_default_irq_handler
                0x10002810      0x274 CMakeFiles/transmitter.dir/home/jpaixao/Documents/LoRa-project/pico-sdk/src/rp2_common/hardware_gpio/gpio.c.o
 .text.gpio_set_function
                0x10002a84       0x34 CMakeFiles/transmitter.dir/home/jpaixao/Documents/LoRa-project/pico-sdk/src/rp2_common/hardware_gpio/gpio.c.o
                0x10002a84                gpio_set_function
 .text.gpio_set_pulls
                0x10002ab8       0x28 CMakeFiles/transmitter.dir/home/jpaixao/Documents/LoRa-project/pico-sdk/src/rp2_common/hardware_gpio/gpio.c.o
                0x10002ab8                gpio_set_pulls
 .text.gpio_set_irq_enabled_with_callback
                0x10002ae0       0xd0 CMakeFiles/transmitter.dir/home/jpaixao/Documents/LoRa-project/pico-sdk/src/rp2_common/hardware_gpio/gpio.c.o
                0x10002ae0                gpio_set_irq_enabled_with_callback
 .text.gpio_set_input_enabled
                0x10002bb0       0x28 CMakeFiles/transmitter.dir/home/jpaixao/Documents/LoRa-project/pico-sdk/src/rp2_common/hardware_gpio/gpio.c.o
                0x10002bb0                gpio_set_input_enabled
 .text.gpio_init
                0x10002bd8       0x40 CMakeFiles/transmitter.dir/home/jpaixao/Documents/LoRa-project/pico-sdk/src/rp2_common/hardware_gpio/gpio.c.o
                0x10002bd8                gpio_init
 .text.rp2040_chip_version
                0x10002c18        0xc CMakeFiles/transmitter.dir/home/jpaixao/Documents/LoRa-project/pico-sdk/src/rp2040/pico_platform/platform.c.o
                0x10002c18                rp2040_chip_version
 .text.panic    0x10002c24       0x30 CMakeFiles/transmitter.dir/home/jpaixao/Documents/LoRa-project/pico-sdk/src/rp2_common/pico_platform_panic/panic.c.o
                0x10002c24                panic
 .text.hw_claim_or_assert
                0x10002c54       0x44 CMakeFiles/transmitter.dir/home/jpaixao/Documents/LoRa-project/pico-sdk/src/common/hardware_claim/claim.c.o
                0x10002c54                hw_claim_or_assert
 .text.hw_claim_unused_from_range
                0x10002c98       0x9c CMakeFiles/transmitter.dir/home/jpaixao/Documents/LoRa-project/pico-sdk/src/common/hardware_claim/claim.c.o
                0x10002c98                hw_claim_unused_from_range
 .text.next_striped_spin_lock_num
                0x10002d34       0x18 CMakeFiles/transmitter.dir/home/jpaixao/Documents/LoRa-project/pico-sdk/src/rp2_common/hardware_sync/sync.c.o
                0x10002d34                next_striped_spin_lock_num
 .text.spin_lock_claim_unused
                0x10002d4c       0x24 CMakeFiles/transmitter.dir/home/jpaixao/Documents/LoRa-project/pico-sdk/src/rp2_common/hardware_sync/sync.c.o
                0x10002d4c                spin_lock_claim_unused
 .text.spin_locks_reset
                0x10002d70       0x1c CMakeFiles/transmitter.dir/home/jpaixao/Documents/LoRa-project/pico-sdk/src/rp2_common/hardware_sync_spin_lock/sync_spin_lock.c.o
                0x10002d70                spin_locks_reset
 .text.runtime_init_per_core_irq_priorities
                0x10002d8c       0x24 CMakeFiles/transmitter.dir/home/jpaixao/Documents/LoRa-project/pico-sdk/src/rp2_common/hardware_irq/irq.c.o
                0x10002d8c                runtime_init_per_core_irq_priorities
 .text.irq_set_enabled
                0x10002db0       0x24 CMakeFiles/transmitter.dir/home/jpaixao/Documents/LoRa-project/pico-sdk/src/rp2_common/hardware_irq/irq.c.o
                0x10002db0                irq_set_enabled
 .text.irq_is_enabled
                0x10002dd4       0x18 CMakeFiles/transmitter.dir/home/jpaixao/Documents/LoRa-project/pico-sdk/src/rp2_common/hardware_irq/irq.c.o
                0x10002dd4                irq_is_enabled
 .text.irq_set_pending
                0x10002dec       0x10 CMakeFiles/transmitter.dir/home/jpaixao/Documents/LoRa-project/pico-sdk/src/rp2_common/hardware_irq/irq.c.o
                0x10002dec                irq_set_pending
 .text.irq_has_shared_handler
                0x10002dfc       0x24 CMakeFiles/transmitter.dir/home/jpaixao/Documents/LoRa-project/pico-sdk/src/rp2_common/hardware_irq/irq.c.o
                0x10002dfc                irq_has_shared_handler
 .text.irq_set_exclusive_handler
                0x10002e20       0x54 CMakeFiles/transmitter.dir/home/jpaixao/Documents/LoRa-project/pico-sdk/src/rp2_common/hardware_irq/irq.c.o
                0x10002e20                irq_set_exclusive_handler
 .text.irq_add_shared_handler
                0x10002e74      0x1f4 CMakeFiles/transmitter.dir/home/jpaixao/Documents/LoRa-project/pico-sdk/src/rp2_common/hardware_irq/irq.c.o
                0x10002e74                irq_add_shared_handler
 .text.irq_remove_handler
                0x10003068      0x1d4 CMakeFiles/transmitter.dir/home/jpaixao/Documents/LoRa-project/pico-sdk/src/rp2_common/hardware_irq/irq.c.o
                0x10003068                irq_remove_handler
 .text.irq_add_tail_to_free_list
                0x1000323c       0xb4 CMakeFiles/transmitter.dir/home/jpaixao/Documents/LoRa-project/pico-sdk/src/rp2_common/hardware_irq/irq.c.o
                0x1000323c                irq_add_tail_to_free_list
 .text.user_irq_claim_unused
                0x100032f0       0x2c CMakeFiles/transmitter.dir/home/jpaixao/Documents/LoRa-project/pico-sdk/src/rp2_common/hardware_irq/irq.c.o
                0x100032f0                user_irq_claim_unused
 .text.lock_init
                0x1000331c       0x10 CMakeFiles/transmitter.dir/home/jpaixao/Documents/LoRa-project/pico-sdk/src/common/pico_sync/lock_core.c.o
                0x1000331c                lock_init
 .text.runtime_init_mutex
                0x1000332c       0x50 CMakeFiles/transmitter.dir/home/jpaixao/Documents/LoRa-project/pico-sdk/src/common/pico_sync/mutex.c.o
                0x1000332c                runtime_init_mutex
 .text.mutex_init
                0x1000337c       0x1c CMakeFiles/transmitter.dir/home/jpaixao/Documents/LoRa-project/pico-sdk/src/common/pico_sync/mutex.c.o
                0x1000337c                mutex_init
 .text.critical_section_init
                0x10003398       0x1c CMakeFiles/transmitter.dir/home/jpaixao/Documents/LoRa-project/pico-sdk/src/common/pico_sync/critical_section.c.o
                0x10003398                critical_section_init
 .text.critical_section_init_with_lock_num
                0x100033b4       0x14 CMakeFiles/transmitter.dir/home/jpaixao/Documents/LoRa-project/pico-sdk/src/common/pico_sync/critical_section.c.o
                0x100033b4                critical_section_init_with_lock_num
 .text.sleep_until_callback
                0x100033c8       0x30 CMakeFiles/transmitter.dir/home/jpaixao/Documents/LoRa-project/pico-sdk/src/common/pico_time/time.c.o
 .text.alarm_pool_irq_handler
                0x100033f8      0x2fc CMakeFiles/transmitter.dir/home/jpaixao/Documents/LoRa-project/pico-sdk/src/common/pico_time/time.c.o
 .text.runtime_init_default_alarm_pool
                0x100036f4       0xdc CMakeFiles/transmitter.dir/home/jpaixao/Documents/LoRa-project/pico-sdk/src/common/pico_time/time.c.o
                0x100036f4                runtime_init_default_alarm_pool
 .text.alarm_pool_get_default
                0x100037d0        0x8 CMakeFiles/transmitter.dir/home/jpaixao/Documents/LoRa-project/pico-sdk/src/common/pico_time/time.c.o
                0x100037d0                alarm_pool_get_default
 .text.alarm_pool_create_on_timer
                0x100037d8       0xb4 CMakeFiles/transmitter.dir/home/jpaixao/Documents/LoRa-project/pico-sdk/src/common/pico_time/time.c.o
                0x100037d8                alarm_pool_create_on_timer
 .text.alarm_pool_add_alarm_at
                0x1000388c       0xd4 CMakeFiles/transmitter.dir/home/jpaixao/Documents/LoRa-project/pico-sdk/src/common/pico_time/time.c.o
                0x1000388c                alarm_pool_add_alarm_at
 .text.alarm_pool_add_alarm_at_force_in_context
                0x10003960       0xb0 CMakeFiles/transmitter.dir/home/jpaixao/Documents/LoRa-project/pico-sdk/src/common/pico_time/time.c.o
                0x10003960                alarm_pool_add_alarm_at_force_in_context
 .text.alarm_pool_cancel_alarm
                0x10003a10       0x74 CMakeFiles/transmitter.dir/home/jpaixao/Documents/LoRa-project/pico-sdk/src/common/pico_time/time.c.o
                0x10003a10                alarm_pool_cancel_alarm
 .text.alarm_pool_core_num
                0x10003a84        0x4 CMakeFiles/transmitter.dir/home/jpaixao/Documents/LoRa-project/pico-sdk/src/common/pico_time/time.c.o
                0x10003a84                alarm_pool_core_num
 .text.sleep_until
                0x10003a88       0xd8 CMakeFiles/transmitter.dir/home/jpaixao/Documents/LoRa-project/pico-sdk/src/common/pico_time/time.c.o
                0x10003a88                sleep_until
 .text.sleep_ms
                0x10003b60       0x38 CMakeFiles/transmitter.dir/home/jpaixao/Documents/LoRa-project/pico-sdk/src/common/pico_time/time.c.o
                0x10003b60                sleep_ms
 .text.best_effort_wfe_or_timeout
                0x10003b98       0xf8 CMakeFiles/transmitter.dir/home/jpaixao/Documents/LoRa-project/pico-sdk/src/common/pico_time/time.c.o
                0x10003b98                best_effort_wfe_or_timeout
 .text.alarm_pool_get_default_timer
                0x10003c90        0x8 CMakeFiles/transmitter.dir/home/jpaixao/Documents/LoRa-project/pico-sdk/src/common/pico_time/time.c.o
                0x10003c90                alarm_pool_get_default_timer
 .text.timer_hardware_alarm_claim
                0x10003c98       0x14 CMakeFiles/transmitter.dir/home/jpaixao/Documents/LoRa-project/pico-sdk/src/rp2_common/hardware_timer/timer.c.o
                0x10003c98                timer_hardware_alarm_claim
 .text.timer_time_us_64
                0x10003cac       0x10 CMakeFiles/transmitter.dir/home/jpaixao/Documents/LoRa-project/pico-sdk/src/rp2_common/hardware_timer/timer.c.o
                0x10003cac                timer_time_us_64
 .text.time_us_64
                0x10003cbc       0x14 CMakeFiles/transmitter.dir/home/jpaixao/Documents/LoRa-project/pico-sdk/src/rp2_common/hardware_timer/timer.c.o
                0x10003cbc                time_us_64
 .text.busy_wait_us_32
                0x10003cd0       0x7c CMakeFiles/transmitter.dir/home/jpaixao/Documents/LoRa-project/pico-sdk/src/rp2_common/hardware_timer/timer.c.o
                0x10003cd0                busy_wait_us_32
 .text.busy_wait_until
                0x10003d4c       0x20 CMakeFiles/transmitter.dir/home/jpaixao/Documents/LoRa-project/pico-sdk/src/rp2_common/hardware_timer/timer.c.o
                0x10003d4c                busy_wait_until
 .text.clock_configure_int_divider
                0x10003d6c       0xf4 CMakeFiles/transmitter.dir/home/jpaixao/Documents/LoRa-project/pico-sdk/src/rp2_common/hardware_clocks/clocks.c.o
                0x10003d6c                clock_configure_int_divider
 .text.clock_configure_undivided
                0x10003e60       0xe8 CMakeFiles/transmitter.dir/home/jpaixao/Documents/LoRa-project/pico-sdk/src/rp2_common/hardware_clocks/clocks.c.o
                0x10003e60                clock_configure_undivided
 .text.clock_get_hz
                0x10003f48        0xc CMakeFiles/transmitter.dir/home/jpaixao/Documents/LoRa-project/pico-sdk/src/rp2_common/hardware_clocks/clocks.c.o
                0x10003f48                clock_get_hz
 .text.pll_init
                0x10003f54       0xa4 CMakeFiles/transmitter.dir/home/jpaixao/Documents/LoRa-project/pico-sdk/src/rp2_common/hardware_pll/pll.c.o
                0x10003f54                pll_init
 .text.watchdog_reboot
                0x10003ff8       0x9c CMakeFiles/transmitter.dir/home/jpaixao/Documents/LoRa-project/pico-sdk/src/rp2_common/hardware_watchdog/watchdog.c.o
                0x10003ff8                watchdog_reboot
 .text.tick_start
                0x10004094       0x10 CMakeFiles/transmitter.dir/home/jpaixao/Documents/LoRa-project/pico-sdk/src/rp2_common/hardware_ticks/ticks.c.o
                0x10004094                tick_start
 .text.rom_func_lookup
                0x100040a4       0x10 CMakeFiles/transmitter.dir/home/jpaixao/Documents/LoRa-project/pico-sdk/src/rp2_common/pico_bootrom/bootrom.c.o
                0x100040a4                rom_func_lookup
 .text.rom_data_lookup
                0x100040b4       0x10 CMakeFiles/transmitter.dir/home/jpaixao/Documents/LoRa-project/pico-sdk/src/rp2_common/pico_bootrom/bootrom.c.o
                0x100040b4                rom_data_lookup
 .text.rom_funcs_lookup
                0x100040c4       0x44 CMakeFiles/transmitter.dir/home/jpaixao/Documents/LoRa-project/pico-sdk/src/rp2_common/pico_bootrom/bootrom.c.o
                0x100040c4                rom_funcs_lookup
 .text.rom_reset_usb_boot_extra
                0x10004108       0x28 CMakeFiles/transmitter.dir/home/jpaixao/Documents/LoRa-project/pico-sdk/src/rp2_common/pico_bootrom/bootrom.c.o
                0x10004108                rom_reset_usb_boot_extra
 .text.xosc_init
                0x10004130       0x28 CMakeFiles/transmitter.dir/home/jpaixao/Documents/LoRa-project/pico-sdk/src/rp2_common/hardware_xosc/xosc.c.o
                0x10004130                xosc_init
 .text.first_per_core_initializer
                0x10004158        0x4 CMakeFiles/transmitter.dir/home/jpaixao/Documents/LoRa-project/pico-sdk/src/rp2_common/pico_runtime/runtime.c.o
 .text.hard_assertion_failure
                0x1000415c        0xc CMakeFiles/transmitter.dir/home/jpaixao/Documents/LoRa-project/pico-sdk/src/rp2_common/pico_runtime/runtime.c.o
                0x1000415c                hard_assertion_failure
 .text.runtime_run_initializers
                0x10004168       0x28 CMakeFiles/transmitter.dir/home/jpaixao/Documents/LoRa-project/pico-sdk/src/rp2_common/pico_runtime/runtime.c.o
                0x10004168                runtime_run_initializers
 .text.runtime_init_early_resets
                0x10004190       0x2c CMakeFiles/transmitter.dir/home/jpaixao/Documents/LoRa-project/pico-sdk/src/rp2_common/pico_runtime_init/runtime_init.c.o
                0x10004190                runtime_init_early_resets
 .text.runtime_init_usb_power_down
                0x100041bc       0x1c CMakeFiles/transmitter.dir/home/jpaixao/Documents/LoRa-project/pico-sdk/src/rp2_common/pico_runtime_init/runtime_init.c.o
                0x100041bc                runtime_init_usb_power_down
 .text.runtime_init_post_clock_resets
                0x100041d8       0x20 CMakeFiles/transmitter.dir/home/jpaixao/Documents/LoRa-project/pico-sdk/src/rp2_common/pico_runtime_init/runtime_init.c.o
                0x100041d8                runtime_init_post_clock_resets
 .text.runtime_init_rp2040_gpio_ie_disable
                0x100041f8       0x14 CMakeFiles/transmitter.dir/home/jpaixao/Documents/LoRa-project/pico-sdk/src/rp2_common/pico_runtime_init/runtime_init.c.o
                0x100041f8                runtime_init_rp2040_gpio_ie_disable
 .text.runtime_init_spin_locks_reset
                0x1000420c        0x8 CMakeFiles/transmitter.dir/home/jpaixao/Documents/LoRa-project/pico-sdk/src/rp2_common/pico_runtime_init/runtime_init.c.o
                0x1000420c                runtime_init_spin_locks_reset
 .text.runtime_init_install_ram_vector_table
                0x10004214       0x1c CMakeFiles/transmitter.dir/home/jpaixao/Documents/LoRa-project/pico-sdk/src/rp2_common/pico_runtime_init/runtime_init.c.o
                0x10004214                runtime_init_install_ram_vector_table
 .text.runtime_init_clocks
                0x10004230       0xd8 CMakeFiles/transmitter.dir/home/jpaixao/Documents/LoRa-project/pico-sdk/src/rp2_common/pico_runtime_init/runtime_init_clocks.c.o
                0x10004230                runtime_init_clocks
 .text          0x10004308       0x10 CMakeFiles/transmitter.dir/home/jpaixao/Documents/LoRa-project/pico-sdk/src/rp2_common/pico_bit_ops/bit_ops_aeabi.S.o
 .text.__wrap___aeabi_idiv
                0x10004318       0x50 CMakeFiles/transmitter.dir/home/jpaixao/Documents/LoRa-project/pico-sdk/src/rp2_common/pico_divider/divider_hardware.S.o
                0x10004318                __wrap___aeabi_idivmod
                0x10004318                divmod_s32s32
                0x10004318                div_s32s32
                0x10004318                __wrap___aeabi_idiv
                0x10004320                divmod_s32s32_unsafe
                0x1000434c                divmod_s32s32_savestate
 .text.__wrap___aeabi_uidiv
                0x10004368       0x4c CMakeFiles/transmitter.dir/home/jpaixao/Documents/LoRa-project/pico-sdk/src/rp2_common/pico_divider/divider_hardware.S.o
                0x10004368                __wrap___aeabi_uidiv
                0x10004368                __wrap___aeabi_uidivmod
                0x10004368                div_u32u32
                0x10004368                divmod_u32u32
                0x10004370                divmod_u32u32_unsafe
                0x10004398                divmod_u32u32_savestate
 .text.__wrap___aeabi_ldiv
                0x100043b4      0x424 CMakeFiles/transmitter.dir/home/jpaixao/Documents/LoRa-project/pico-sdk/src/rp2_common/pico_divider/divider_hardware.S.o
                0x100043b4                div_s64s64
                0x100043b4                divmod_s64s64
                0x100043b4                __wrap___aeabi_ldivmod
                0x100043e4                div_u64u64
                0x100043e4                divmod_u64u64
                0x100043e4                __wrap___aeabi_uldivmod
                0x100043f4                divmod_u64u64_savestate
                0x10004414                divmod_s64s64_unsafe
                0x1000449c                divmod_u64u64_unsafe
 .text.__wrap___aeabi_darithmetic
                0x100047d8       0x80 CMakeFiles/transmitter.dir/home/jpaixao/Documents/LoRa-project/pico-sdk/src/rp2_common/pico_double/double_aeabi_rp2040.S.o
                0x100047d8                __wrap___aeabi_drsub
                0x100047de                __wrap___aeabi_dsub
                0x100047f0                __wrap___aeabi_dadd
                0x10004802                __wrap___aeabi_ddiv
                0x1000483e                __wrap___aeabi_dmul
 .text.__wrap___aeabi_cdcmple
                0x10004858       0x6c CMakeFiles/transmitter.dir/home/jpaixao/Documents/LoRa-project/pico-sdk/src/rp2_common/pico_double/double_aeabi_rp2040.S.o
                0x10004858                __wrap___aeabi_cdrcmple
                0x10004868                __wrap___aeabi_cdcmple
                0x10004868                __wrap___aeabi_cdcmpeq
 .text.__wrap___aeabi_dcmplt
                0x100048c4        0xc CMakeFiles/transmitter.dir/home/jpaixao/Documents/LoRa-project/pico-sdk/src/rp2_common/pico_double/double_aeabi_rp2040.S.o
                0x100048c4                __wrap___aeabi_dcmplt
 .text.__wrap___aeabi_dcmpge
                0x100048d0       0x10 CMakeFiles/transmitter.dir/home/jpaixao/Documents/LoRa-project/pico-sdk/src/rp2_common/pico_double/double_aeabi_rp2040.S.o
                0x100048d0                __wrap___aeabi_dcmpge
 .text.__wrap___aeabi_dcmpgt
                0x100048e0        0xa CMakeFiles/transmitter.dir/home/jpaixao/Documents/LoRa-project/pico-sdk/src/rp2_common/pico_double/double_aeabi_rp2040.S.o
                0x100048e0                __wrap___aeabi_dcmpgt
 .text.__wrap___aeabi_dcmpun
                0x100048ea       0x18 CMakeFiles/transmitter.dir/home/jpaixao/Documents/LoRa-project/pico-sdk/src/rp2_common/pico_double/double_aeabi_rp2040.S.o
                0x100048ea                __wrap___aeabi_dcmpun
 *fill*         0x10004902        0x2 
 .text.__wrap___aeabi_i2d
                0x10004904       0x38 CMakeFiles/transmitter.dir/home/jpaixao/Documents/LoRa-project/pico-sdk/src/rp2_common/pico_double/double_aeabi_rp2040.S.o
                0x10004904                __wrap___aeabi_ui2d
                0x10004904                uint2double
                0x1000490c                __wrap___aeabi_i2d
                0x1000490c                int2double
 .text.__wrap___aeabi_d2iz
                0x1000493c       0x48 CMakeFiles/transmitter.dir/home/jpaixao/Documents/LoRa-project/pico-sdk/src/rp2_common/pico_double/double_aeabi_rp2040.S.o
                0x1000493c                __wrap___aeabi_d2iz
                0x1000493c                double2int_z
 .text.__wrap___aeabi_d2uiz
                0x10004984       0x18 CMakeFiles/transmitter.dir/home/jpaixao/Documents/LoRa-project/pico-sdk/src/rp2_common/pico_double/double_aeabi_rp2040.S.o
                0x10004984                double2uint_z
                0x10004984                double2uint
                0x10004984                __wrap___aeabi_d2uiz
 .text.__aeabi_double_init
                0x1000499c       0xa4 CMakeFiles/transmitter.dir/home/jpaixao/Documents/LoRa-project/pico-sdk/src/rp2_common/pico_double/double_init_rom_rp2040.c.o
                0x1000499c                __aeabi_double_init
 .text.double_table_shim_on_use_helper
                0x10004a40       0x2c CMakeFiles/transmitter.dir/home/jpaixao/Documents/LoRa-project/pico-sdk/src/rp2_common/pico_double/double_v1_rom_shim_rp2040.S.o
                0x10004a40                double_table_shim_on_use_helper
 .text.__wrap___aeabi_dsub
                0x10004a6c       0x10 CMakeFiles/transmitter.dir/home/jpaixao/Documents/LoRa-project/pico-sdk/src/rp2_common/pico_double/double_v1_rom_shim_rp2040.S.o
                0x10004a6c                drsub_shim
                0x10004a72                dsub_shim
 .text.dadd_shim
                0x10004a7c      0x15c CMakeFiles/transmitter.dir/home/jpaixao/Documents/LoRa-project/pico-sdk/src/rp2_common/pico_double/double_v1_rom_shim_rp2040.S.o
                0x10004a7c                dadd_shim
 .text.dmul_shim
                0x10004bd8      0x15c CMakeFiles/transmitter.dir/home/jpaixao/Documents/LoRa-project/pico-sdk/src/rp2_common/pico_double/double_v1_rom_shim_rp2040.S.o
                0x10004bd8                dmul_shim
 .text.ddiv_shim
                0x10004d34      0x1b0 CMakeFiles/transmitter.dir/home/jpaixao/Documents/LoRa-project/pico-sdk/src/rp2_common/pico_double/double_v1_rom_shim_rp2040.S.o
                0x10004d34                ddiv_shim
 .text.double2uint_shim
                0x10004ee4        0xe CMakeFiles/transmitter.dir/home/jpaixao/Documents/LoRa-project/pico-sdk/src/rp2_common/pico_double/double_v1_rom_shim_rp2040.S.o
                0x10004ee4                double2uint_shim
                0x10004ee6                double2ufix_shim
 *fill*         0x10004ef2        0x2 
 .text.double2uint64_shim
                0x10004ef4       0x70 CMakeFiles/transmitter.dir/home/jpaixao/Documents/LoRa-project/pico-sdk/src/rp2_common/pico_double/double_v1_rom_shim_rp2040.S.o
                0x10004ef4                double2uint64_shim
                0x10004ef6                double2ufix64_shim
                0x10004f16                d2fix_a
 .text.dunpacks
                0x10004f64       0x3c CMakeFiles/transmitter.dir/home/jpaixao/Documents/LoRa-project/pico-sdk/src/rp2_common/pico_double/double_v1_rom_shim_rp2040.S.o
                0x10004f64                dunpacks
 .text.__aeabi_lmul
                0x10004fa0       0x32 CMakeFiles/transmitter.dir/home/jpaixao/Documents/LoRa-project/pico-sdk/src/rp2_common/pico_int64_ops/pico_int64_ops_aeabi.S.o
                0x10004fa0                __wrap___aeabi_lmul
 *fill*         0x10004fd2        0x2 
 .text.__wrap___aeabi_farithmetic
                0x10004fd4       0x48 CMakeFiles/transmitter.dir/home/jpaixao/Documents/LoRa-project/pico-sdk/src/rp2_common/pico_float/float_aeabi_rp2040.S.o
                0x10004fd4                __wrap___aeabi_frsub
                0x10004fda                __wrap___aeabi_fsub
                0x10004fe0                __wrap___aeabi_fadd
                0x10004fe6                __wrap___aeabi_fdiv
                0x1000500e                __wrap___aeabi_fmul
 .text.__wrap___aeabi_cfcmple
                0x1000501c       0x50 CMakeFiles/transmitter.dir/home/jpaixao/Documents/LoRa-project/pico-sdk/src/rp2_common/pico_float/float_aeabi_rp2040.S.o
                0x1000501c                __wrap___aeabi_cfrcmple
                0x10005028                __wrap___aeabi_cfcmpeq
                0x10005028                __wrap___aeabi_cfcmple
 .text.__wrap___aeabi_fcmplt
                0x1000506c        0xc CMakeFiles/transmitter.dir/home/jpaixao/Documents/LoRa-project/pico-sdk/src/rp2_common/pico_float/float_aeabi_rp2040.S.o
                0x1000506c                __wrap___aeabi_fcmplt
 .text.__wrap___aeabi_i2f
                0x10005078       0x44 CMakeFiles/transmitter.dir/home/jpaixao/Documents/LoRa-project/pico-sdk/src/rp2_common/pico_float/float_aeabi_rp2040.S.o
                0x10005078                int2float
                0x10005078                __wrap___aeabi_i2f
 .text.__wrap___aeabi_f2d
                0x100050bc       0x14 CMakeFiles/transmitter.dir/home/jpaixao/Documents/LoRa-project/pico-sdk/src/rp2_common/pico_float/float_aeabi_rp2040.S.o
                0x100050bc                __wrap___aeabi_f2d
 .text.__aeabi_float_init
                0x100050d0       0x64 CMakeFiles/transmitter.dir/home/jpaixao/Documents/LoRa-project/pico-sdk/src/rp2_common/pico_float/float_init_rom_rp2040.c.o
                0x100050d0                __aeabi_float_init
 .text.float_table_shim_on_use_helper
                0x10005134       0x2c CMakeFiles/transmitter.dir/home/jpaixao/Documents/LoRa-project/pico-sdk/src/rp2_common/pico_float/float_v1_rom_shim_rp2040.S.o
                0x10005134                float_table_shim_on_use_helper
 .text.float2double_shim
                0x10005160       0x30 CMakeFiles/transmitter.dir/home/jpaixao/Documents/LoRa-project/pico-sdk/src/rp2_common/pico_float/float_v1_rom_shim_rp2040.S.o
                0x10005160                float2double_shim
 .text.__wrap_malloc
                0x10005190       0x24 CMakeFiles/transmitter.dir/home/jpaixao/Documents/LoRa-project/pico-sdk/src/rp2_common/pico_malloc/malloc.c.o
                0x10005190                __wrap_malloc
 .text.__wrap_calloc
                0x100051b4       0x28 CMakeFiles/transmitter.dir/home/jpaixao/Documents/LoRa-project/pico-sdk/src/rp2_common/pico_malloc/malloc.c.o
                0x100051b4                __wrap_calloc
 .text          0x100051dc       0x10 CMakeFiles/transmitter.dir/home/jpaixao/Documents/LoRa-project/pico-sdk/src/rp2_common/pico_mem_ops/mem_ops_aeabi.S.o
                0x100051dc                __aeabi_mem_init
 .text.memset   0x100051ec        0xc CMakeFiles/transmitter.dir/home/jpaixao/Documents/LoRa-project/pico-sdk/src/rp2_common/pico_mem_ops/mem_ops_aeabi.S.o
                0x100051ec                __wrap_memset
 .text.memcpy   0x100051f8        0xc CMakeFiles/transmitter.dir/home/jpaixao/Documents/LoRa-project/pico-sdk/src/rp2_common/pico_mem_ops/mem_ops_aeabi.S.o
                0x100051f8                __wrap___aeabi_memcpy
                0x100051f8                __wrap_memcpy
 .text._out_null
                0x10005204        0x4 CMakeFiles/transmitter.dir/home/jpaixao/Documents/LoRa-project/pico-sdk/src/rp2_common/pico_printf/printf.c.o
 .text._out_rev
                0x10005208       0xac CMakeFiles/transmitter.dir/home/jpaixao/Documents/LoRa-project/pico-sdk/src/rp2_common/pico_printf/printf.c.o
 .text._ntoa_format
                0x100052b4      0x250 CMakeFiles/transmitter.dir/home/jpaixao/Documents/LoRa-project/pico-sdk/src/rp2_common/pico_printf/printf.c.o
 .text._out_char
                0x10005504       0x10 CMakeFiles/transmitter.dir/home/jpaixao/Documents/LoRa-project/pico-sdk/src/rp2_common/pico_printf/printf.c.o
 .text._out_fct
                0x10005514       0x10 CMakeFiles/transmitter.dir/home/jpaixao/Documents/LoRa-project/pico-sdk/src/rp2_common/pico_printf/printf.c.o
 .text._etoa    0x10005524      0x464 CMakeFiles/transmitter.dir/home/jpaixao/Documents/LoRa-project/pico-sdk/src/rp2_common/pico_printf/printf.c.o
 .text._ftoa    0x10005988      0x3c0 CMakeFiles/transmitter.dir/home/jpaixao/Documents/LoRa-project/pico-sdk/src/rp2_common/pico_printf/printf.c.o
 .text._vsnprintf
                0x10005d48      0xbc8 CMakeFiles/transmitter.dir/home/jpaixao/Documents/LoRa-project/pico-sdk/src/rp2_common/pico_printf/printf.c.o
 .text.vfctprintf
                0x10006910       0x20 CMakeFiles/transmitter.dir/home/jpaixao/Documents/LoRa-project/pico-sdk/src/rp2_common/pico_printf/printf.c.o
                0x10006910                vfctprintf
 .text.weak_raw_vprintf
                0x10006930       0x30 CMakeFiles/transmitter.dir/home/jpaixao/Documents/LoRa-project/pico-sdk/src/rp2_common/pico_printf/printf.c.o
                0x10006930                weak_raw_vprintf
 .text._exit    0x10006960        0x4 CMakeFiles/transmitter.dir/home/jpaixao/Documents/LoRa-project/pico-sdk/src/rp2_common/pico_clib_interface/newlib_interface.c.o
                0x10006960                _exit
 .text._sbrk    0x10006964       0x34 CMakeFiles/transmitter.dir/home/jpaixao/Documents/LoRa-project/pico-sdk/src/rp2_common/pico_clib_interface/newlib_interface.c.o
                0x10006964                _sbrk
 .text.exit     0x10006998        0x8 CMakeFiles/transmitter.dir/home/jpaixao/Documents/LoRa-project/pico-sdk/src/rp2_common/pico_clib_interface/newlib_interface.c.o
                0x10006998                exit
 .text.runtime_init
                0x100069a0       0x2c CMakeFiles/transmitter.dir/home/jpaixao/Documents/LoRa-project/pico-sdk/src/rp2_common/pico_clib_interface/newlib_interface.c.o
                0x100069a0                runtime_init
 .text.stdio_out_chars_no_crlf
                0x100069cc       0x10 CMakeFiles/transmitter.dir/home/jpaixao/Documents/LoRa-project/pico-sdk/src/rp2_common/pico_stdio/stdio.c.o
 .text.stdio_out_chars_crlf
                0x100069dc       0x94 CMakeFiles/transmitter.dir/home/jpaixao/Documents/LoRa-project/pico-sdk/src/rp2_common/pico_stdio/stdio.c.o
 .text.stdio_buffered_printer
                0x10006a70       0x64 CMakeFiles/transmitter.dir/home/jpaixao/Documents/LoRa-project/pico-sdk/src/rp2_common/pico_stdio/stdio.c.o
 .text.stdio_put_string
                0x10006ad4      0x100 CMakeFiles/transmitter.dir/home/jpaixao/Documents/LoRa-project/pico-sdk/src/rp2_common/pico_stdio/stdio.c.o
                0x10006ad4                stdio_put_string
 .text.stdio_set_driver_enabled
                0x10006bd4       0x30 CMakeFiles/transmitter.dir/home/jpaixao/Documents/LoRa-project/pico-sdk/src/rp2_common/pico_stdio/stdio.c.o
                0x10006bd4                stdio_set_driver_enabled
 .text.stdio_init_all
                0x10006c04        0x8 CMakeFiles/transmitter.dir/home/jpaixao/Documents/LoRa-project/pico-sdk/src/rp2_common/pico_stdio/stdio.c.o
                0x10006c04                stdio_init_all
 .text.__wrap_putchar
                0x10006c0c       0x98 CMakeFiles/transmitter.dir/home/jpaixao/Documents/LoRa-project/pico-sdk/src/rp2_common/pico_stdio/stdio.c.o
                0x10006c0c                stdio_putchar
                0x10006c0c                __wrap_putchar
 .text.__wrap_puts
                0x10006ca4       0x3c CMakeFiles/transmitter.dir/home/jpaixao/Documents/LoRa-project/pico-sdk/src/rp2_common/pico_stdio/stdio.c.o
                0x10006ca4                __wrap_puts
                0x10006ca4                stdio_puts
 .text.__wrap_vprintf
                0x10006ce0       0xd4 CMakeFiles/transmitter.dir/home/jpaixao/Documents/LoRa-project/pico-sdk/src/rp2_common/pico_stdio/stdio.c.o
                0x10006ce0                __wrap_vprintf
                0x10006ce0                stdio_vprintf
 .text.__wrap_printf
                0x10006db4       0x18 CMakeFiles/transmitter.dir/home/jpaixao/Documents/LoRa-project/pico-sdk/src/rp2_common/pico_stdio/stdio.c.o
                0x10006db4                stdio_printf
                0x10006db4                __wrap_printf
 .text.resetd_init
                0x10006dcc        0x4 CMakeFiles/transmitter.dir/home/jpaixao/Documents/LoRa-project/pico-sdk/src/rp2_common/pico_stdio_usb/reset_interface.c.o
 .text.resetd_reset
                0x10006dd0        0xc CMakeFiles/transmitter.dir/home/jpaixao/Documents/LoRa-project/pico-sdk/src/rp2_common/pico_stdio_usb/reset_interface.c.o
 .text.resetd_open
                0x10006ddc       0x28 CMakeFiles/transmitter.dir/home/jpaixao/Documents/LoRa-project/pico-sdk/src/rp2_common/pico_stdio_usb/reset_interface.c.o
 .text.resetd_xfer_cb
                0x10006e04        0x4 CMakeFiles/transmitter.dir/home/jpaixao/Documents/LoRa-project/pico-sdk/src/rp2_common/pico_stdio_usb/reset_interface.c.o
 .text.resetd_control_xfer_cb
                0x10006e08       0x5c CMakeFiles/transmitter.dir/home/jpaixao/Documents/LoRa-project/pico-sdk/src/rp2_common/pico_stdio_usb/reset_interface.c.o
 .text.tud_descriptor_bos_cb
                0x10006e64        0x8 CMakeFiles/transmitter.dir/home/jpaixao/Documents/LoRa-project/pico-sdk/src/rp2_common/pico_stdio_usb/reset_interface.c.o
                0x10006e64                tud_descriptor_bos_cb
 .text.tud_vendor_control_xfer_cb
                0x10006e6c       0x34 CMakeFiles/transmitter.dir/home/jpaixao/Documents/LoRa-project/pico-sdk/src/rp2_common/pico_stdio_usb/reset_interface.c.o
                0x10006e6c                tud_vendor_control_xfer_cb
 .text.usbd_app_driver_get_cb
                0x10006ea0        0xc CMakeFiles/transmitter.dir/home/jpaixao/Documents/LoRa-project/pico-sdk/src/rp2_common/pico_stdio_usb/reset_interface.c.o
                0x10006ea0                usbd_app_driver_get_cb
 .text.tud_cdc_line_coding_cb
                0x10006eac       0x2c CMakeFiles/transmitter.dir/home/jpaixao/Documents/LoRa-project/pico-sdk/src/rp2_common/pico_stdio_usb/reset_interface.c.o
                0x10006eac                tud_cdc_line_coding_cb
 .text.stdio_usb_set_chars_available_callback
                0x10006ed8       0x14 CMakeFiles/transmitter.dir/home/jpaixao/Documents/LoRa-project/pico-sdk/src/rp2_common/pico_stdio_usb/stdio_usb.c.o
                0x10006ed8                stdio_usb_set_chars_available_callback
 .text.usb_irq  0x10006eec       0x10 CMakeFiles/transmitter.dir/home/jpaixao/Documents/LoRa-project/pico-sdk/src/rp2_common/pico_stdio_usb/stdio_usb.c.o
 .text.timer_task
                0x10006efc       0x64 CMakeFiles/transmitter.dir/home/jpaixao/Documents/LoRa-project/pico-sdk/src/rp2_common/pico_stdio_usb/stdio_usb.c.o
 .text.stdio_usb_in_chars
                0x10006f60       0x90 CMakeFiles/transmitter.dir/home/jpaixao/Documents/LoRa-project/pico-sdk/src/rp2_common/pico_stdio_usb/stdio_usb.c.o
                0x10006f60                stdio_usb_in_chars
 .text.stdio_usb_out_flush
                0x10006ff0       0x50 CMakeFiles/transmitter.dir/home/jpaixao/Documents/LoRa-project/pico-sdk/src/rp2_common/pico_stdio_usb/stdio_usb.c.o
 .text.stdio_usb_out_chars
                0x10007040      0x104 CMakeFiles/transmitter.dir/home/jpaixao/Documents/LoRa-project/pico-sdk/src/rp2_common/pico_stdio_usb/stdio_usb.c.o
 .text.low_priority_worker_irq
                0x10007144       0xcc CMakeFiles/transmitter.dir/home/jpaixao/Documents/LoRa-project/pico-sdk/src/rp2_common/pico_stdio_usb/stdio_usb.c.o
 .text.stdio_usb_init
                0x10007210       0xec CMakeFiles/transmitter.dir/home/jpaixao/Documents/LoRa-project/pico-sdk/src/rp2_common/pico_stdio_usb/stdio_usb.c.o
                0x10007210                stdio_usb_init
 .text.tud_descriptor_device_cb
                0x100072fc        0x8 CMakeFiles/transmitter.dir/home/jpaixao/Documents/LoRa-project/pico-sdk/src/rp2_common/pico_stdio_usb/stdio_usb_descriptors.c.o
                0x100072fc                tud_descriptor_device_cb
 .text.tud_descriptor_configuration_cb
                0x10007304        0x8 CMakeFiles/transmitter.dir/home/jpaixao/Documents/LoRa-project/pico-sdk/src/rp2_common/pico_stdio_usb/stdio_usb_descriptors.c.o
                0x10007304                tud_descriptor_configuration_cb
 .text.tud_descriptor_string_cb
                0x1000730c       0x78 CMakeFiles/transmitter.dir/home/jpaixao/Documents/LoRa-project/pico-sdk/src/rp2_common/pico_stdio_usb/stdio_usb_descriptors.c.o
                0x1000730c                tud_descriptor_string_cb
 .text.startup._retrieve_unique_id_on_boot
                0x10007384       0x10 CMakeFiles/transmitter.dir/home/jpaixao/Documents/LoRa-project/pico-sdk/src/rp2_common/pico_unique_id/unique_id.c.o
 .text.pico_get_unique_board_id_string
                0x10007394      0x1a8 CMakeFiles/transmitter.dir/home/jpaixao/Documents/LoRa-project/pico-sdk/src/rp2_common/pico_unique_id/unique_id.c.o
                0x10007394                pico_get_unique_board_id_string
 .text.flash_get_unique_id
                0x1000753c       0x3c CMakeFiles/transmitter.dir/home/jpaixao/Documents/LoRa-project/pico-sdk/src/rp2_common/hardware_flash/flash.c.o
                0x1000753c                flash_get_unique_id
 .text.dcd_init
                0x10007578       0x90 CMakeFiles/transmitter.dir/home/jpaixao/Documents/LoRa-project/pico-sdk/lib/tinyusb/src/portable/raspberrypi/rp2040/dcd_rp2040.c.o
                0x10007578                dcd_init
 .text.dcd_int_enable
                0x10007608        0xc CMakeFiles/transmitter.dir/home/jpaixao/Documents/LoRa-project/pico-sdk/lib/tinyusb/src/portable/raspberrypi/rp2040/dcd_rp2040.c.o
                0x10007608                dcd_int_enable
 .text.dcd_set_address
                0x10007614       0x14 CMakeFiles/transmitter.dir/home/jpaixao/Documents/LoRa-project/pico-sdk/lib/tinyusb/src/portable/raspberrypi/rp2040/dcd_rp2040.c.o
                0x10007614                dcd_set_address
 .text.dcd_sof_enable
                0x10007628       0x1c CMakeFiles/transmitter.dir/home/jpaixao/Documents/LoRa-project/pico-sdk/lib/tinyusb/src/portable/raspberrypi/rp2040/dcd_rp2040.c.o
                0x10007628                dcd_sof_enable
 .text.dcd_edpt0_status_complete
                0x10007644       0x1c CMakeFiles/transmitter.dir/home/jpaixao/Documents/LoRa-project/pico-sdk/lib/tinyusb/src/portable/raspberrypi/rp2040/dcd_rp2040.c.o
                0x10007644                dcd_edpt0_status_complete
 .text.dcd_edpt_open
                0x10007660      0x114 CMakeFiles/transmitter.dir/home/jpaixao/Documents/LoRa-project/pico-sdk/lib/tinyusb/src/portable/raspberrypi/rp2040/dcd_rp2040.c.o
                0x10007660                dcd_edpt_open
 .text.dcd_edpt_close_all
                0x10007774        0x8 CMakeFiles/transmitter.dir/home/jpaixao/Documents/LoRa-project/pico-sdk/lib/tinyusb/src/portable/raspberrypi/rp2040/dcd_rp2040.c.o
                0x10007774                dcd_edpt_close_all
 .text.dcd_edpt_xfer
                0x1000777c       0x24 CMakeFiles/transmitter.dir/home/jpaixao/Documents/LoRa-project/pico-sdk/lib/tinyusb/src/portable/raspberrypi/rp2040/dcd_rp2040.c.o
                0x1000777c                dcd_edpt_xfer
 .text.dcd_edpt_stall
                0x100077a0       0x34 CMakeFiles/transmitter.dir/home/jpaixao/Documents/LoRa-project/pico-sdk/lib/tinyusb/src/portable/raspberrypi/rp2040/dcd_rp2040.c.o
                0x100077a0                dcd_edpt_stall
 .text.dcd_edpt_clear_stall
                0x100077d4       0x30 CMakeFiles/transmitter.dir/home/jpaixao/Documents/LoRa-project/pico-sdk/lib/tinyusb/src/portable/raspberrypi/rp2040/dcd_rp2040.c.o
                0x100077d4                dcd_edpt_clear_stall
 .text.rp2040_usb_init
                0x10007804       0x40 CMakeFiles/transmitter.dir/home/jpaixao/Documents/LoRa-project/pico-sdk/lib/tinyusb/src/portable/raspberrypi/rp2040/rp2040_usb.c.o
                0x10007804                rp2040_usb_init
 .text.hw_endpoint_xfer_start
                0x10007844       0x40 CMakeFiles/transmitter.dir/home/jpaixao/Documents/LoRa-project/pico-sdk/lib/tinyusb/src/portable/raspberrypi/rp2040/rp2040_usb.c.o
                0x10007844                hw_endpoint_xfer_start
 .text.tud_event_hook_cb
                0x10007884        0x4 CMakeFiles/transmitter.dir/home/jpaixao/Documents/LoRa-project/pico-sdk/lib/tinyusb/src/device/usbd.c.o
                0x10007884                tud_event_hook_cb
 .text.tud_sof_cb
                0x10007888        0x4 CMakeFiles/transmitter.dir/home/jpaixao/Documents/LoRa-project/pico-sdk/lib/tinyusb/src/device/usbd.c.o
                0x10007888                tud_sof_cb
 .text.tud_descriptor_device_qualifier_cb
                0x1000788c        0x4 CMakeFiles/transmitter.dir/home/jpaixao/Documents/LoRa-project/pico-sdk/lib/tinyusb/src/device/usbd.c.o
                0x1000788c                tud_descriptor_device_qualifier_cb
 .text.tud_descriptor_other_speed_configuration_cb
                0x10007890        0x4 CMakeFiles/transmitter.dir/home/jpaixao/Documents/LoRa-project/pico-sdk/lib/tinyusb/src/device/usbd.c.o
                0x10007890                tud_descriptor_other_speed_configuration_cb
 .text.tud_mount_cb
                0x10007894        0x4 CMakeFiles/transmitter.dir/home/jpaixao/Documents/LoRa-project/pico-sdk/lib/tinyusb/src/device/usbd.c.o
                0x10007894                tud_mount_cb
 .text.tud_umount_cb
                0x10007898        0x4 CMakeFiles/transmitter.dir/home/jpaixao/Documents/LoRa-project/pico-sdk/lib/tinyusb/src/device/usbd.c.o
                0x10007898                tud_umount_cb
 .text.tud_suspend_cb
                0x1000789c        0x4 CMakeFiles/transmitter.dir/home/jpaixao/Documents/LoRa-project/pico-sdk/lib/tinyusb/src/device/usbd.c.o
                0x1000789c                tud_suspend_cb
 .text.tud_resume_cb
                0x100078a0        0x4 CMakeFiles/transmitter.dir/home/jpaixao/Documents/LoRa-project/pico-sdk/lib/tinyusb/src/device/usbd.c.o
                0x100078a0                tud_resume_cb
 .text.tud_mounted
                0x100078a4       0x10 CMakeFiles/transmitter.dir/home/jpaixao/Documents/LoRa-project/pico-sdk/lib/tinyusb/src/device/usbd.c.o
                0x100078a4                tud_mounted
 .text.tud_suspended
                0x100078b4       0x10 CMakeFiles/transmitter.dir/home/jpaixao/Documents/LoRa-project/pico-sdk/lib/tinyusb/src/device/usbd.c.o
                0x100078b4                tud_suspended
 .text.tud_rhport_init
                0x100078c4       0xfc CMakeFiles/transmitter.dir/home/jpaixao/Documents/LoRa-project/pico-sdk/lib/tinyusb/src/device/usbd.c.o
                0x100078c4                tud_rhport_init
 .text.tud_task_ext
                0x100079c0      0x800 CMakeFiles/transmitter.dir/home/jpaixao/Documents/LoRa-project/pico-sdk/lib/tinyusb/src/device/usbd.c.o
                0x100079c0                tud_task_ext
 .text.usbd_open_edpt_pair
                0x100081c0       0x9c CMakeFiles/transmitter.dir/home/jpaixao/Documents/LoRa-project/pico-sdk/lib/tinyusb/src/device/usbd.c.o
                0x100081c0                usbd_open_edpt_pair
 .text.usbd_edpt_open
                0x1000825c       0x34 CMakeFiles/transmitter.dir/home/jpaixao/Documents/LoRa-project/pico-sdk/lib/tinyusb/src/device/usbd.c.o
                0x1000825c                usbd_edpt_open
 .text.usbd_edpt_claim
                0x10008290       0x28 CMakeFiles/transmitter.dir/home/jpaixao/Documents/LoRa-project/pico-sdk/lib/tinyusb/src/device/usbd.c.o
                0x10008290                usbd_edpt_claim
 .text.usbd_edpt_release
                0x100082b8       0x28 CMakeFiles/transmitter.dir/home/jpaixao/Documents/LoRa-project/pico-sdk/lib/tinyusb/src/device/usbd.c.o
                0x100082b8                usbd_edpt_release
 .text.usbd_edpt_xfer
                0x100082e0       0x4c CMakeFiles/transmitter.dir/home/jpaixao/Documents/LoRa-project/pico-sdk/lib/tinyusb/src/device/usbd.c.o
                0x100082e0                usbd_edpt_xfer
 .text.tud_control_status
                0x1000832c       0x2c CMakeFiles/transmitter.dir/home/jpaixao/Documents/LoRa-project/pico-sdk/lib/tinyusb/src/device/usbd_control.c.o
                0x1000832c                tud_control_status
 .text.tud_control_xfer
                0x10008358       0xac CMakeFiles/transmitter.dir/home/jpaixao/Documents/LoRa-project/pico-sdk/lib/tinyusb/src/device/usbd_control.c.o
                0x10008358                tud_control_xfer
 .text.usbd_control_reset
                0x10008404       0x14 CMakeFiles/transmitter.dir/home/jpaixao/Documents/LoRa-project/pico-sdk/lib/tinyusb/src/device/usbd_control.c.o
                0x10008404                usbd_control_reset
 .text.usbd_control_set_complete_callback
                0x10008418        0xc CMakeFiles/transmitter.dir/home/jpaixao/Documents/LoRa-project/pico-sdk/lib/tinyusb/src/device/usbd_control.c.o
                0x10008418                usbd_control_set_complete_callback
 .text.usbd_control_set_request
                0x10008424       0x1c CMakeFiles/transmitter.dir/home/jpaixao/Documents/LoRa-project/pico-sdk/lib/tinyusb/src/device/usbd_control.c.o
                0x10008424                usbd_control_set_request
 .text.usbd_control_xfer_cb
                0x10008440       0xec CMakeFiles/transmitter.dir/home/jpaixao/Documents/LoRa-project/pico-sdk/lib/tinyusb/src/device/usbd_control.c.o
                0x10008440                usbd_control_xfer_cb
 .text._prep_out_transaction.isra.0
                0x1000852c       0x6c CMakeFiles/transmitter.dir/home/jpaixao/Documents/LoRa-project/pico-sdk/lib/tinyusb/src/class/cdc/cdc_device.c.o
 .text.tud_cdc_n_connected
                0x10008598       0x2c CMakeFiles/transmitter.dir/home/jpaixao/Documents/LoRa-project/pico-sdk/lib/tinyusb/src/class/cdc/cdc_device.c.o
                0x10008598                tud_cdc_n_connected
 .text.tud_cdc_n_available
                0x100085c4       0x14 CMakeFiles/transmitter.dir/home/jpaixao/Documents/LoRa-project/pico-sdk/lib/tinyusb/src/class/cdc/cdc_device.c.o
                0x100085c4                tud_cdc_n_available
 .text.tud_cdc_n_read
                0x100085d8       0x94 CMakeFiles/transmitter.dir/home/jpaixao/Documents/LoRa-project/pico-sdk/lib/tinyusb/src/class/cdc/cdc_device.c.o
                0x100085d8                tud_cdc_n_read
 .text.tud_cdc_n_write_flush
                0x1000866c       0x74 CMakeFiles/transmitter.dir/home/jpaixao/Documents/LoRa-project/pico-sdk/lib/tinyusb/src/class/cdc/cdc_device.c.o
                0x1000866c                tud_cdc_n_write_flush
 .text.tud_cdc_n_write
                0x100086e0       0x40 CMakeFiles/transmitter.dir/home/jpaixao/Documents/LoRa-project/pico-sdk/lib/tinyusb/src/class/cdc/cdc_device.c.o
                0x100086e0                tud_cdc_n_write
 .text.tud_cdc_n_write_available
                0x10008720       0x14 CMakeFiles/transmitter.dir/home/jpaixao/Documents/LoRa-project/pico-sdk/lib/tinyusb/src/class/cdc/cdc_device.c.o
                0x10008720                tud_cdc_n_write_available
 .text.cdcd_init
                0x10008734       0x70 CMakeFiles/transmitter.dir/home/jpaixao/Documents/LoRa-project/pico-sdk/lib/tinyusb/src/class/cdc/cdc_device.c.o
                0x10008734                cdcd_init
 .text.cdcd_deinit
                0x100087a4       0x34 CMakeFiles/transmitter.dir/home/jpaixao/Documents/LoRa-project/pico-sdk/lib/tinyusb/src/class/cdc/cdc_device.c.o
                0x100087a4                cdcd_deinit
 .text.cdcd_reset
                0x100087d8       0x4c CMakeFiles/transmitter.dir/home/jpaixao/Documents/LoRa-project/pico-sdk/lib/tinyusb/src/class/cdc/cdc_device.c.o
                0x100087d8                cdcd_reset
 .text.cdcd_open
                0x10008824       0xa8 CMakeFiles/transmitter.dir/home/jpaixao/Documents/LoRa-project/pico-sdk/lib/tinyusb/src/class/cdc/cdc_device.c.o
                0x10008824                cdcd_open
 .text.cdcd_control_xfer_cb
                0x100088cc       0xe8 CMakeFiles/transmitter.dir/home/jpaixao/Documents/LoRa-project/pico-sdk/lib/tinyusb/src/class/cdc/cdc_device.c.o
                0x100088cc                cdcd_control_xfer_cb
 .text.cdcd_xfer_cb
                0x100089b4      0x100 CMakeFiles/transmitter.dir/home/jpaixao/Documents/LoRa-project/pico-sdk/lib/tinyusb/src/class/cdc/cdc_device.c.o
                0x100089b4                cdcd_xfer_cb
 .text.vendord_init
                0x10008ab4       0x5c CMakeFiles/transmitter.dir/home/jpaixao/Documents/LoRa-project/pico-sdk/lib/tinyusb/src/class/vendor/vendor_device.c.o
                0x10008ab4                vendord_init
 .text.vendord_deinit
                0x10008b10       0x1c CMakeFiles/transmitter.dir/home/jpaixao/Documents/LoRa-project/pico-sdk/lib/tinyusb/src/class/vendor/vendor_device.c.o
                0x10008b10                vendord_deinit
 .text.vendord_reset
                0x10008b2c       0x28 CMakeFiles/transmitter.dir/home/jpaixao/Documents/LoRa-project/pico-sdk/lib/tinyusb/src/class/vendor/vendor_device.c.o
                0x10008b2c                vendord_reset
 .text.vendord_open
                0x10008b54      0x128 CMakeFiles/transmitter.dir/home/jpaixao/Documents/LoRa-project/pico-sdk/lib/tinyusb/src/class/vendor/vendor_device.c.o
                0x10008b54                vendord_open
 .text.vendord_xfer_cb
                0x10008c7c       0x9c CMakeFiles/transmitter.dir/home/jpaixao/Documents/LoRa-project/pico-sdk/lib/tinyusb/src/class/vendor/vendor_device.c.o
                0x10008c7c                vendord_xfer_cb
 .text.tusb_rhport_init
                0x10008d18       0x48 CMakeFiles/transmitter.dir/home/jpaixao/Documents/LoRa-project/pico-sdk/lib/tinyusb/src/tusb.c.o
                0x10008d18                tusb_rhport_init
 .text.tu_edpt_claim
                0x10008d60       0x50 CMakeFiles/transmitter.dir/home/jpaixao/Documents/LoRa-project/pico-sdk/lib/tinyusb/src/tusb.c.o
                0x10008d60                tu_edpt_claim
 .text.tu_edpt_release
                0x10008db0       0x38 CMakeFiles/transmitter.dir/home/jpaixao/Documents/LoRa-project/pico-sdk/lib/tinyusb/src/tusb.c.o
                0x10008db0                tu_edpt_release
 .text.tu_edpt_validate
                0x10008de8       0x7c CMakeFiles/transmitter.dir/home/jpaixao/Documents/LoRa-project/pico-sdk/lib/tinyusb/src/tusb.c.o
                0x10008de8                tu_edpt_validate
 .text.tu_edpt_bind_driver
                0x10008e64       0x34 CMakeFiles/transmitter.dir/home/jpaixao/Documents/LoRa-project/pico-sdk/lib/tinyusb/src/tusb.c.o
                0x10008e64                tu_edpt_bind_driver
 .text.tu_edpt_stream_init
                0x10008e98       0x6c CMakeFiles/transmitter.dir/home/jpaixao/Documents/LoRa-project/pico-sdk/lib/tinyusb/src/tusb.c.o
                0x10008e98                tu_edpt_stream_init
 .text.tu_edpt_stream_deinit
                0x10008f04        0x4 CMakeFiles/transmitter.dir/home/jpaixao/Documents/LoRa-project/pico-sdk/lib/tinyusb/src/tusb.c.o
                0x10008f04                tu_edpt_stream_deinit
 .text.tu_edpt_stream_write_zlp_if_needed
                0x10008f08       0x68 CMakeFiles/transmitter.dir/home/jpaixao/Documents/LoRa-project/pico-sdk/lib/tinyusb/src/tusb.c.o
                0x10008f08                tu_edpt_stream_write_zlp_if_needed
 .text.tu_edpt_stream_write_xfer
                0x10008f70       0x64 CMakeFiles/transmitter.dir/home/jpaixao/Documents/LoRa-project/pico-sdk/lib/tinyusb/src/tusb.c.o
                0x10008f70                tu_edpt_stream_write_xfer
 .text.tu_edpt_stream_read_xfer
                0x10008fd4       0xdc CMakeFiles/transmitter.dir/home/jpaixao/Documents/LoRa-project/pico-sdk/lib/tinyusb/src/tusb.c.o
                0x10008fd4                tu_edpt_stream_read_xfer
 .text.tu_fifo_config
                0x100090b0       0x6c CMakeFiles/transmitter.dir/home/jpaixao/Documents/LoRa-project/pico-sdk/lib/tinyusb/src/common/tusb_fifo.c.o
                0x100090b0                tu_fifo_config
 .text.tu_fifo_count
                0x1000911c       0x2c CMakeFiles/transmitter.dir/home/jpaixao/Documents/LoRa-project/pico-sdk/lib/tinyusb/src/common/tusb_fifo.c.o
                0x1000911c                tu_fifo_count
 .text.tu_fifo_empty
                0x10009148       0x10 CMakeFiles/transmitter.dir/home/jpaixao/Documents/LoRa-project/pico-sdk/lib/tinyusb/src/common/tusb_fifo.c.o
                0x10009148                tu_fifo_empty
 .text.tu_fifo_remaining
                0x10009158       0x2c CMakeFiles/transmitter.dir/home/jpaixao/Documents/LoRa-project/pico-sdk/lib/tinyusb/src/common/tusb_fifo.c.o
                0x10009158                tu_fifo_remaining
 .text.tu_fifo_read
                0x10009184       0x9c CMakeFiles/transmitter.dir/home/jpaixao/Documents/LoRa-project/pico-sdk/lib/tinyusb/src/common/tusb_fifo.c.o
                0x10009184                tu_fifo_read
 .text.tu_fifo_read_n
                0x10009220       0xe8 CMakeFiles/transmitter.dir/home/jpaixao/Documents/LoRa-project/pico-sdk/lib/tinyusb/src/common/tusb_fifo.c.o
                0x10009220                tu_fifo_read_n
 .text.tu_fifo_write
                0x10009308       0xa8 CMakeFiles/transmitter.dir/home/jpaixao/Documents/LoRa-project/pico-sdk/lib/tinyusb/src/common/tusb_fifo.c.o
                0x10009308                tu_fifo_write
 .text.tu_fifo_write_n
                0x100093b0      0x178 CMakeFiles/transmitter.dir/home/jpaixao/Documents/LoRa-project/pico-sdk/lib/tinyusb/src/common/tusb_fifo.c.o
                0x100093b0                tu_fifo_write_n
 .text.tu_fifo_clear
                0x10009528       0x40 CMakeFiles/transmitter.dir/home/jpaixao/Documents/LoRa-project/pico-sdk/lib/tinyusb/src/common/tusb_fifo.c.o
                0x10009528                tu_fifo_clear
 .text.tu_fifo_set_overwritable
                0x10009568       0x48 CMakeFiles/transmitter.dir/home/jpaixao/Documents/LoRa-project/pico-sdk/lib/tinyusb/src/common/tusb_fifo.c.o
                0x10009568                tu_fifo_set_overwritable
 .text.spi_init
                0x100095b0      0x13c CMakeFiles/transmitter.dir/home/jpaixao/Documents/LoRa-project/pico-sdk/src/rp2_common/hardware_spi/spi.c.o
                0x100095b0                spi_init
 .text.adc_init
                0x100096ec       0x38 CMakeFiles/transmitter.dir/home/jpaixao/Documents/LoRa-project/pico-sdk/src/rp2_common/hardware_adc/adc.c.o
                0x100096ec                adc_init
 .text          0x10009724       0x18 /usr/lib/gcc/arm-none-eabi/13.2.1/../../../arm-none-eabi/lib/thumb/v6-m/nofp/libg.a(libc_a-calloc.o)
                0x10009724                calloc
 .text          0x1000973c       0xa8 /usr/lib/gcc/arm-none-eabi/13.2.1/../../../arm-none-eabi/lib/thumb/v6-m/nofp/libg.a(libc_a-callocr.o)
                0x1000973c                _calloc_r
 .text          0x100097e4      0x5b4 /usr/lib/gcc/arm-none-eabi/13.2.1/../../../arm-none-eabi/lib/thumb/v6-m/nofp/libg.a(libc_a-mallocr.o)
                0x100097e4                _malloc_r
 .text          0x10009d98      0x288 /usr/lib/gcc/arm-none-eabi/13.2.1/../../../arm-none-eabi/lib/thumb/v6-m/nofp/libg.a(libc_a-freer.o)
                0x10009d98                _malloc_trim_r
                0x10009e4c                _free_r
 .text          0x1000a020       0x28 /usr/lib/gcc/arm-none-eabi/13.2.1/../../../arm-none-eabi/lib/thumb/v6-m/nofp/libg.a(libc_a-malloc.o)
                0x1000a020                malloc
                0x1000a034                free
 .text          0x1000a048       0x1c /usr/lib/gcc/arm-none-eabi/13.2.1/../../../arm-none-eabi/lib/thumb/v6-m/nofp/libg.a(libc_a-sysconf.o)
                0x1000a048                sysconf
 .text          0x1000a064        0x8 /usr/lib/gcc/arm-none-eabi/13.2.1/../../../arm-none-eabi/lib/thumb/v6-m/nofp/libg.a(libc_a-mlock.o)
                0x1000a064                __malloc_lock
                0x1000a068                __malloc_unlock
 .text          0x1000a06c       0x10 /usr/lib/gcc/arm-none-eabi/13.2.1/../../../arm-none-eabi/lib/thumb/v6-m/nofp/libg.a(libc_a-atexit.o)
                0x1000a06c                atexit
 .text          0x1000a07c       0x5c /usr/lib/gcc/arm-none-eabi/13.2.1/../../../arm-none-eabi/lib/thumb/v6-m/nofp/libg.a(libc_a-strlen-stub.o)
                0x1000a07c                strlen
 .text          0x1000a0d8       0x24 /usr/lib/gcc/arm-none-eabi/13.2.1/../../../arm-none-eabi/lib/thumb/v6-m/nofp/libg.a(libc_a-sbrkr.o)
                0x1000a0d8                _sbrk_r
 .text          0x1000a0fc       0x28 /usr/lib/gcc/arm-none-eabi/13.2.1/../../../arm-none-eabi/lib/thumb/v6-m/nofp/libg.a(libc_a-fini.o)
                0x1000a0fc                __libc_fini_array
 .text          0x1000a124        0xc /usr/lib/gcc/arm-none-eabi/13.2.1/../../../arm-none-eabi/lib/thumb/v6-m/nofp/libg.a(libc_a-errno.o)
                0x1000a124                __errno
 .text          0x1000a130       0x78 /usr/lib/gcc/arm-none-eabi/13.2.1/../../../arm-none-eabi/lib/thumb/v6-m/nofp/libg.a(libc_a-__atexit.o)
                0x1000a130                __register_exitproc
 .text.startup  0x1000a1a8       0x18 /usr/lib/gcc/arm-none-eabi/13.2.1/../../../arm-none-eabi/lib/thumb/v6-m/nofp/libg.a(libc_a-__call_atexit.o)
 *(.fini)
 .fini          0x1000a1c0        0x4 /usr/lib/gcc/arm-none-eabi/13.2.1/thumb/v6-m/nofp/crti.o
                0x1000a1c0                _fini
 *fill*         0x1000a1c4        0x4 
 .fini.__stub   0x1000a1c8       0xd0 linker stubs
 *crtbegin.o(.ctors)
 *crtbegin?.o(.ctors)
 *(EXCLUDE_FILE(*crtend.o *crtend?.o) .ctors)
 *(SORT_BY_NAME(.ctors.*))
 *(.ctors)
 *crtbegin.o(.dtors)
 *crtbegin?.o(.dtors)
 *(EXCLUDE_FILE(*crtend.o *crtend?.o) .dtors)
 *(SORT_BY_NAME(.dtors.*))
 *(.dtors)
                0x1000a298                        . = ALIGN (0x4)
                0x1000a298                        PROVIDE (__preinit_array_start = .)
 *(SORT_BY_NAME(.preinit_array.*))
 .preinit_array.00100
                0x1000a298        0x4 CMakeFiles/transmitter.dir/home/jpaixao/Documents/LoRa-project/pico-sdk/src/rp2_common/pico_runtime_init/runtime_init.c.o
                0x1000a298                __pre_init_runtime_init_early_resets
 .preinit_array.00101
                0x1000a29c        0x4 CMakeFiles/transmitter.dir/home/jpaixao/Documents/LoRa-project/pico-sdk/src/rp2_common/pico_runtime_init/runtime_init.c.o
                0x1000a29c                __pre_init_runtime_init_usb_power_down
 .preinit_array.00275
                0x1000a2a0        0x4 CMakeFiles/transmitter.dir/home/jpaixao/Documents/LoRa-project/pico-sdk/src/rp2_common/pico_bit_ops/bit_ops_aeabi.S.o
 .preinit_array.00300
                0x1000a2a4        0x4 CMakeFiles/transmitter.dir/home/jpaixao/Documents/LoRa-project/pico-sdk/src/rp2_common/pico_mem_ops/mem_ops_aeabi.S.o
 .preinit_array.00350
                0x1000a2a8        0x4 CMakeFiles/transmitter.dir/home/jpaixao/Documents/LoRa-project/pico-sdk/src/rp2_common/pico_double/double_aeabi_rp2040.S.o
 .preinit_array.00350
                0x1000a2ac        0x4 CMakeFiles/transmitter.dir/home/jpaixao/Documents/LoRa-project/pico-sdk/src/rp2_common/pico_float/float_aeabi_rp2040.S.o
 .preinit_array.00500
                0x1000a2b0        0x4 CMakeFiles/transmitter.dir/home/jpaixao/Documents/LoRa-project/pico-sdk/src/rp2_common/pico_runtime_init/runtime_init.c.o
                0x1000a2b0                __pre_init_runtime_init_clocks
 .preinit_array.00600
                0x1000a2b4        0x4 CMakeFiles/transmitter.dir/home/jpaixao/Documents/LoRa-project/pico-sdk/src/rp2_common/pico_runtime_init/runtime_init.c.o
                0x1000a2b4                __pre_init_runtime_init_post_clock_resets
 .preinit_array.00700
                0x1000a2b8        0x4 CMakeFiles/transmitter.dir/home/jpaixao/Documents/LoRa-project/pico-sdk/src/rp2_common/pico_runtime_init/runtime_init.c.o
                0x1000a2b8                __pre_init_runtime_init_rp2040_gpio_ie_disable
 .preinit_array.01000
                0x1000a2bc        0x4 CMakeFiles/transmitter.dir/home/jpaixao/Documents/LoRa-project/pico-sdk/src/rp2_common/pico_runtime_init/runtime_init.c.o
                0x1000a2bc                __pre_init_runtime_init_spin_locks_reset
 .preinit_array.01100
                0x1000a2c0        0x4 CMakeFiles/transmitter.dir/home/jpaixao/Documents/LoRa-project/pico-sdk/src/common/pico_sync/mutex.c.o
                0x1000a2c0                __pre_init_runtime_init_mutex
 .preinit_array.10080
                0x1000a2c4        0x4 CMakeFiles/transmitter.dir/home/jpaixao/Documents/LoRa-project/pico-sdk/src/rp2_common/pico_runtime_init/runtime_init.c.o
                0x1000a2c4                __pre_init_runtime_init_install_ram_vector_table
 .preinit_array.11000
                0x1000a2c8        0x4 CMakeFiles/transmitter.dir/home/jpaixao/Documents/LoRa-project/pico-sdk/src/common/pico_time/time.c.o
                0x1000a2c8                __pre_init_runtime_init_default_alarm_pool
 .preinit_array.YYYYY
                0x1000a2cc        0x4 CMakeFiles/transmitter.dir/home/jpaixao/Documents/LoRa-project/pico-sdk/src/rp2_common/pico_runtime/runtime.c.o
                0x1000a2cc                __pre_init_first_per_core_initializer
 .preinit_array.ZZZZZ.01200
                0x1000a2d0        0x4 CMakeFiles/transmitter.dir/home/jpaixao/Documents/LoRa-project/pico-sdk/src/rp2_common/hardware_irq/irq.c.o
                0x1000a2d0                __pre_init_runtime_init_per_core_irq_priorities
 *(.preinit_array)
                0x1000a2d4                        PROVIDE (__preinit_array_end = .)
                0x1000a2d4                        . = ALIGN (0x4)
                0x1000a2d4                        PROVIDE (__init_array_start = .)
 *(SORT_BY_NAME(.init_array.*))
 .init_array.00000
                0x1000a2d4        0x4 /usr/lib/gcc/arm-none-eabi/13.2.1/../../../arm-none-eabi/lib/thumb/v6-m/nofp/libg.a(libc_a-__call_atexit.o)
 *(.init_array)
 .init_array    0x1000a2d8        0x4 /usr/lib/gcc/arm-none-eabi/13.2.1/thumb/v6-m/nofp/crtbegin.o
 .init_array    0x1000a2dc        0x4 CMakeFiles/transmitter.dir/home/jpaixao/Documents/LoRa-project/pico-sdk/src/rp2_common/pico_unique_id/unique_id.c.o
                0x1000a2e0                        PROVIDE (__init_array_end = .)
                0x1000a2e0                        . = ALIGN (0x4)
                0x1000a2e0                        PROVIDE (__fini_array_start = .)
 *(SORT_BY_NAME(.fini_array.*))
 *(.fini_array)
                0x1000a2e0                        PROVIDE (__fini_array_end = .)
 *(.eh_frame*)
 .eh_frame      0x1000a2e0        0x0 /usr/lib/gcc/arm-none-eabi/13.2.1/thumb/v6-m/nofp/crtbegin.o
                0x1000a2e0                        . = ALIGN (0x4)

.glue_7         0x1000a2e0        0x0
 .glue_7        0x1000a2e0        0x0 linker stubs

.glue_7t        0x1000a2e0        0x0
 .glue_7t       0x1000a2e0        0x0 linker stubs

.vfp11_veneer   0x1000a2e0        0x0
 .vfp11_veneer  0x1000a2e0        0x0 linker stubs

.v4_bx          0x1000a2e0        0x0
 .v4_bx         0x1000a2e0        0x0 linker stubs

.iplt           0x1000a2e0        0x0
 .iplt          0x1000a2e0        0x0 /usr/lib/gcc/arm-none-eabi/13.2.1/thumb/v6-m/nofp/crtbegin.o

.rodata         0x1000a2e0      0x7f4
 *(EXCLUDE_FILE(*libm.a: *libc.a:*lib_a-mem*.o *libgcc.a:) .rodata*)
 .rodata.OnRxDone.str1.4
                0x1000a2e0      0x1f4 CMakeFiles/transmitter.dir/main.c.o
                                  0x7 (size before relaxing)
 .rodata.OnTxTimeout.str1.4
                0x1000a4d4        0xa CMakeFiles/transmitter.dir/main.c.o
 .rodata.OnRxTimeout.str1.4
                0x1000a4d4        0xa CMakeFiles/transmitter.dir/main.c.o
 .rodata.OnRxError.str1.4
                0x1000a4d4        0x8 CMakeFiles/transmitter.dir/main.c.o
 .rodata.main.str1.4
                0x1000a4d4       0x47 CMakeFiles/transmitter.dir/main.c.o
 .rodata.CSWTCH.60
                0x1000a4d4        0x4 CMakeFiles/transmitter.dir/__/__/lib/LoRaMac-node/src/radio/sx126x/radio.c.o
 .rodata.CSWTCH.50
                0x1000a4d8       0x2c CMakeFiles/transmitter.dir/__/__/lib/LoRaMac-node/src/radio/sx126x/radio.c.o
 .rodata.Bandwidths
                0x1000a504        0x3 CMakeFiles/transmitter.dir/__/__/lib/LoRaMac-node/src/radio/sx126x/radio.c.o
                0x1000a504                Bandwidths
 *fill*         0x1000a507        0x1 
 .rodata.FskBandwidths
                0x1000a508       0xb0 CMakeFiles/transmitter.dir/__/__/lib/LoRaMac-node/src/radio/sx126x/radio.c.o
                0x1000a508                FskBandwidths
 .rodata.Radio  0x1000a5b8       0x6c CMakeFiles/transmitter.dir/__/__/lib/LoRaMac-node/src/radio/sx126x/radio.c.o
                0x1000a5b8                Radio
 .rodata        0x1000a624        0x8 CMakeFiles/transmitter.dir/__/__/lib/LoRaMac-node/src/radio/sx126x/radio.c.o
 .rodata.panic.str1.4
                0x1000a62c       0x12 CMakeFiles/transmitter.dir/home/jpaixao/Documents/LoRa-project/pico-sdk/src/rp2_common/pico_platform_panic/panic.c.o
 .rodata.spin_lock_claim_unused.str1.4
                0x1000a62c       0x1b CMakeFiles/transmitter.dir/home/jpaixao/Documents/LoRa-project/pico-sdk/src/rp2_common/hardware_sync/sync.c.o
 .rodata.user_irq_claim_unused.str1.4
                0x1000a62c       0x1b CMakeFiles/transmitter.dir/home/jpaixao/Documents/LoRa-project/pico-sdk/src/rp2_common/hardware_irq/irq.c.o
 .rodata.timer_hardware_alarm_claim.str1.4
                0x1000a62c       0x22 CMakeFiles/transmitter.dir/home/jpaixao/Documents/LoRa-project/pico-sdk/src/rp2_common/hardware_timer/timer.c.o
 .rodata.hard_assertion_failure.str1.4
                0x1000a62c        0xc CMakeFiles/transmitter.dir/home/jpaixao/Documents/LoRa-project/pico-sdk/src/rp2_common/pico_runtime/runtime.c.o
 .rodata.__wrap_malloc.str1.4
                0x1000a62c        0xe CMakeFiles/transmitter.dir/home/jpaixao/Documents/LoRa-project/pico-sdk/src/rp2_common/pico_malloc/malloc.c.o
 .rodata.str1.4
                0x1000a62c       0x40 CMakeFiles/transmitter.dir/home/jpaixao/Documents/LoRa-project/pico-sdk/src/rp2_common/pico_standard_binary_info/standard_binary_info.c.o
 .rodata.__bi_84
                0x1000a62c        0xc CMakeFiles/transmitter.dir/home/jpaixao/Documents/LoRa-project/pico-sdk/src/rp2_common/pico_standard_binary_info/standard_binary_info.c.o
 .rodata.__bi_78
                0x1000a638        0xc CMakeFiles/transmitter.dir/home/jpaixao/Documents/LoRa-project/pico-sdk/src/rp2_common/pico_standard_binary_info/standard_binary_info.c.o
 .rodata.__bi_54
                0x1000a644        0xc CMakeFiles/transmitter.dir/home/jpaixao/Documents/LoRa-project/pico-sdk/src/rp2_common/pico_standard_binary_info/standard_binary_info.c.o
 .rodata.__bi_48
                0x1000a650        0xc CMakeFiles/transmitter.dir/home/jpaixao/Documents/LoRa-project/pico-sdk/src/rp2_common/pico_standard_binary_info/standard_binary_info.c.o
 .rodata.__bi_42
                0x1000a65c        0xc CMakeFiles/transmitter.dir/home/jpaixao/Documents/LoRa-project/pico-sdk/src/rp2_common/pico_standard_binary_info/standard_binary_info.c.o
 .rodata.__bi_34